<?xml version="1.0"?>
<link_info>
   <banner>TI ARM Linker PC v16.6.0.STS</banner>
   <copyright>Copyright (c) 1996-2015 Texas Instruments Incorporated</copyright>
   <link_time>0x58902a51</link_time>
   <link_errors>0x0</link_errors>
   <output_file>SimpleBLEPeripheralStack.out</output_file>
   <entry_point>
      <name>startup_entry</name>
      <address>0xe001</address>
   </entry_point>
   <input_file_list>
      <input_file id="fl-10d">
         <path>C:\Users\Harsh\AppData\Local\Temp\</path>
         <kind>object</kind>
         <file>034562</file>
         <name>034562</name>
      </input_file>
      <input_file id="fl-1f">
         <path>C:\ti\simplelink\ble_cc26xx_2_01_00_44423\Projects\common\BLE_ROM_Releases\04242014\</path>
         <kind>object</kind>
         <file>ble_rom_PATCH.symbols</file>
         <name>ble_rom_PATCH.symbols</name>
      </input_file>
      <input_file id="fl-d8">
         <path>C:\ti\ccsv6\tools\compiler\ti-cgt-arm_16.6.0.STS\lib\</path>
         <kind>archive</kind>
         <file>rtsv7M3_T_le_eabi.lib</file>
         <name>autoinit.obj</name>
      </input_file>
      <input_file id="fl-dd">
         <path>C:\ti\ccsv6\tools\compiler\ti-cgt-arm_16.6.0.STS\lib\</path>
         <kind>archive</kind>
         <file>rtsv7M3_T_le_eabi.lib</file>
         <name>ll_mul_t2.obj</name>
      </input_file>
      <input_file id="fl-df">
         <path>C:\ti\ccsv6\tools\compiler\ti-cgt-arm_16.6.0.STS\lib\</path>
         <kind>archive</kind>
         <file>rtsv7M3_T_le_eabi.lib</file>
         <name>memcpy_t2.obj</name>
      </input_file>
      <input_file id="fl-e0">
         <path>C:\ti\ccsv6\tools\compiler\ti-cgt-arm_16.6.0.STS\lib\</path>
         <kind>archive</kind>
         <file>rtsv7M3_T_le_eabi.lib</file>
         <name>memset_t2.obj</name>
      </input_file>
      <input_file id="fl-e3">
         <path>C:\ti\ccsv6\tools\compiler\ti-cgt-arm_16.6.0.STS\lib\</path>
         <kind>archive</kind>
         <file>rtsv7M3_T_le_eabi.lib</file>
         <name>ull_div_t2.obj</name>
      </input_file>
      <input_file id="fl-e4">
         <path>C:\ti\simplelink\ble_cc26xx_2_01_00_44423\Projects\ble\SimpleBLEPeripheralObserver\CC26xx\IAR\Lib\</path>
         <kind>archive</kind>
         <file>CC2640Stack.a</file>
         <name>att_server.o</name>
      </input_file>
      <input_file id="fl-e5">
         <path>C:\ti\simplelink\ble_cc26xx_2_01_00_44423\Projects\ble\SimpleBLEPeripheralObserver\CC26xx\IAR\Lib\</path>
         <kind>archive</kind>
         <file>CC2640Stack.a</file>
         <name>att_util.o</name>
      </input_file>
      <input_file id="fl-e6">
         <path>C:\ti\simplelink\ble_cc26xx_2_01_00_44423\Projects\ble\SimpleBLEPeripheralObserver\CC26xx\IAR\Lib\</path>
         <kind>archive</kind>
         <file>CC2640Stack.a</file>
         <name>ble_PATCH.o</name>
      </input_file>
      <input_file id="fl-e7">
         <path>C:\ti\simplelink\ble_cc26xx_2_01_00_44423\Projects\ble\SimpleBLEPeripheralObserver\CC26xx\IAR\Lib\</path>
         <kind>archive</kind>
         <file>CC2640Stack.a</file>
         <name>gap_centdevmgr.o</name>
      </input_file>
      <input_file id="fl-e8">
         <path>C:\ti\simplelink\ble_cc26xx_2_01_00_44423\Projects\ble\SimpleBLEPeripheralObserver\CC26xx\IAR\Lib\</path>
         <kind>archive</kind>
         <file>CC2640Stack.a</file>
         <name>gap_configmgr.o</name>
      </input_file>
      <input_file id="fl-e9">
         <path>C:\ti\simplelink\ble_cc26xx_2_01_00_44423\Projects\ble\SimpleBLEPeripheralObserver\CC26xx\IAR\Lib\</path>
         <kind>archive</kind>
         <file>CC2640Stack.a</file>
         <name>gap_devmgr.o</name>
      </input_file>
      <input_file id="fl-ea">
         <path>C:\ti\simplelink\ble_cc26xx_2_01_00_44423\Projects\ble\SimpleBLEPeripheralObserver\CC26xx\IAR\Lib\</path>
         <kind>archive</kind>
         <file>CC2640Stack.a</file>
         <name>gap_linkmgr.o</name>
      </input_file>
      <input_file id="fl-eb">
         <path>C:\ti\simplelink\ble_cc26xx_2_01_00_44423\Projects\ble\SimpleBLEPeripheralObserver\CC26xx\IAR\Lib\</path>
         <kind>archive</kind>
         <file>CC2640Stack.a</file>
         <name>gap_peridevmgr.o</name>
      </input_file>
      <input_file id="fl-ec">
         <path>C:\ti\simplelink\ble_cc26xx_2_01_00_44423\Projects\ble\SimpleBLEPeripheralObserver\CC26xx\IAR\Lib\</path>
         <kind>archive</kind>
         <file>CC2640Stack.a</file>
         <name>gap_perilinkmgr.o</name>
      </input_file>
      <input_file id="fl-ed">
         <path>C:\ti\simplelink\ble_cc26xx_2_01_00_44423\Projects\ble\SimpleBLEPeripheralObserver\CC26xx\IAR\Lib\</path>
         <kind>archive</kind>
         <file>CC2640Stack.a</file>
         <name>gap_task.o</name>
      </input_file>
      <input_file id="fl-ee">
         <path>C:\ti\simplelink\ble_cc26xx_2_01_00_44423\Projects\ble\SimpleBLEPeripheralObserver\CC26xx\IAR\Lib\</path>
         <kind>archive</kind>
         <file>CC2640Stack.a</file>
         <name>gapgattserver.o</name>
      </input_file>
      <input_file id="fl-ef">
         <path>C:\ti\simplelink\ble_cc26xx_2_01_00_44423\Projects\ble\SimpleBLEPeripheralObserver\CC26xx\IAR\Lib\</path>
         <kind>archive</kind>
         <file>CC2640Stack.a</file>
         <name>gatt_server.o</name>
      </input_file>
      <input_file id="fl-f0">
         <path>C:\ti\simplelink\ble_cc26xx_2_01_00_44423\Projects\ble\SimpleBLEPeripheralObserver\CC26xx\IAR\Lib\</path>
         <kind>archive</kind>
         <file>CC2640Stack.a</file>
         <name>gatt_task.o</name>
      </input_file>
      <input_file id="fl-f1">
         <path>C:\ti\simplelink\ble_cc26xx_2_01_00_44423\Projects\ble\SimpleBLEPeripheralObserver\CC26xx\IAR\Lib\</path>
         <kind>archive</kind>
         <file>CC2640Stack.a</file>
         <name>gatt_uuid.o</name>
      </input_file>
      <input_file id="fl-f2">
         <path>C:\ti\simplelink\ble_cc26xx_2_01_00_44423\Projects\ble\SimpleBLEPeripheralObserver\CC26xx\IAR\Lib\</path>
         <kind>archive</kind>
         <file>CC2640Stack.a</file>
         <name>gattservapp.o</name>
      </input_file>
      <input_file id="fl-f3">
         <path>C:\ti\simplelink\ble_cc26xx_2_01_00_44423\Projects\ble\SimpleBLEPeripheralObserver\CC26xx\IAR\Lib\</path>
         <kind>archive</kind>
         <file>CC2640Stack.a</file>
         <name>hci_data_PATCH.o</name>
      </input_file>
      <input_file id="fl-f4">
         <path>C:\ti\simplelink\ble_cc26xx_2_01_00_44423\Projects\ble\SimpleBLEPeripheralObserver\CC26xx\IAR\Lib\</path>
         <kind>archive</kind>
         <file>CC2640Stack.a</file>
         <name>hci_event_PATCH.o</name>
      </input_file>
      <input_file id="fl-f5">
         <path>C:\ti\simplelink\ble_cc26xx_2_01_00_44423\Projects\ble\SimpleBLEPeripheralObserver\CC26xx\IAR\Lib\</path>
         <kind>archive</kind>
         <file>CC2640Stack.a</file>
         <name>hci_PATCH.o</name>
      </input_file>
      <input_file id="fl-f6">
         <path>C:\ti\simplelink\ble_cc26xx_2_01_00_44423\Projects\ble\SimpleBLEPeripheralObserver\CC26xx\IAR\Lib\</path>
         <kind>archive</kind>
         <file>CC2640Stack.a</file>
         <name>l2cap_if.o</name>
      </input_file>
      <input_file id="fl-f7">
         <path>C:\ti\simplelink\ble_cc26xx_2_01_00_44423\Projects\ble\SimpleBLEPeripheralObserver\CC26xx\IAR\Lib\</path>
         <kind>archive</kind>
         <file>CC2640Stack.a</file>
         <name>l2cap_task.o</name>
      </input_file>
      <input_file id="fl-f8">
         <path>C:\ti\simplelink\ble_cc26xx_2_01_00_44423\Projects\ble\SimpleBLEPeripheralObserver\CC26xx\IAR\Lib\</path>
         <kind>archive</kind>
         <file>CC2640Stack.a</file>
         <name>l2cap_util.o</name>
      </input_file>
      <input_file id="fl-f9">
         <path>C:\ti\simplelink\ble_cc26xx_2_01_00_44423\Projects\ble\SimpleBLEPeripheralObserver\CC26xx\IAR\Lib\</path>
         <kind>archive</kind>
         <file>CC2640Stack.a</file>
         <name>linkdb.o</name>
      </input_file>
      <input_file id="fl-fa">
         <path>C:\ti\simplelink\ble_cc26xx_2_01_00_44423\Projects\ble\SimpleBLEPeripheralObserver\CC26xx\IAR\Lib\</path>
         <kind>archive</kind>
         <file>CC2640Stack.a</file>
         <name>ll_advEndCauses_PATCH.o</name>
      </input_file>
      <input_file id="fl-fb">
         <path>C:\ti\simplelink\ble_cc26xx_2_01_00_44423\Projects\ble\SimpleBLEPeripheralObserver\CC26xx\IAR\Lib\</path>
         <kind>archive</kind>
         <file>CC2640Stack.a</file>
         <name>ll_common_PATCH.o</name>
      </input_file>
      <input_file id="fl-fc">
         <path>C:\ti\simplelink\ble_cc26xx_2_01_00_44423\Projects\ble\SimpleBLEPeripheralObserver\CC26xx\IAR\Lib\</path>
         <kind>archive</kind>
         <file>CC2640Stack.a</file>
         <name>ll_config.o</name>
      </input_file>
      <input_file id="fl-fd">
         <path>C:\ti\simplelink\ble_cc26xx_2_01_00_44423\Projects\ble\SimpleBLEPeripheralObserver\CC26xx\IAR\Lib\</path>
         <kind>archive</kind>
         <file>CC2640Stack.a</file>
         <name>ll_isr.o</name>
      </input_file>
      <input_file id="fl-fe">
         <path>C:\ti\simplelink\ble_cc26xx_2_01_00_44423\Projects\ble\SimpleBLEPeripheralObserver\CC26xx\IAR\Lib\</path>
         <kind>archive</kind>
         <file>CC2640Stack.a</file>
         <name>ll_PATCH.o</name>
      </input_file>
      <input_file id="fl-ff">
         <path>C:\ti\simplelink\ble_cc26xx_2_01_00_44423\Projects\ble\SimpleBLEPeripheralObserver\CC26xx\IAR\Lib\</path>
         <kind>archive</kind>
         <file>CC2640Stack.a</file>
         <name>ll_scheduler_PATCH.o</name>
      </input_file>
      <input_file id="fl-100">
         <path>C:\ti\simplelink\ble_cc26xx_2_01_00_44423\Projects\ble\SimpleBLEPeripheralObserver\CC26xx\IAR\Lib\</path>
         <kind>archive</kind>
         <file>CC2640Stack.a</file>
         <name>ll_slaveEndCauses_PATCH.o</name>
      </input_file>
      <input_file id="fl-101">
         <path>C:\ti\simplelink\ble_cc26xx_2_01_00_44423\Projects\ble\SimpleBLEPeripheralObserver\CC26xx\IAR\Lib\</path>
         <kind>archive</kind>
         <file>CC2640Stack.a</file>
         <name>ll_sleep.o</name>
      </input_file>
      <input_file id="fl-102">
         <path>C:\ti\simplelink\ble_cc26xx_2_01_00_44423\Projects\ble\SimpleBLEPeripheralObserver\CC26xx\IAR\Lib\</path>
         <kind>archive</kind>
         <file>CC2640Stack.a</file>
         <name>sm_mgr.o</name>
      </input_file>
      <input_file id="fl-103">
         <path>C:\ti\simplelink\ble_cc26xx_2_01_00_44423\Projects\ble\SimpleBLEPeripheralObserver\CC26xx\IAR\Lib\</path>
         <kind>archive</kind>
         <file>CC2640Stack.a</file>
         <name>sm_pairing.o</name>
      </input_file>
      <input_file id="fl-104">
         <path>C:\ti\simplelink\ble_cc26xx_2_01_00_44423\Projects\ble\SimpleBLEPeripheralObserver\CC26xx\IAR\Lib\</path>
         <kind>archive</kind>
         <file>CC2640Stack.a</file>
         <name>sm_rsppairing.o</name>
      </input_file>
      <input_file id="fl-105">
         <path>C:\ti\simplelink\ble_cc26xx_2_01_00_44423\Projects\ble\SimpleBLEPeripheralObserver\CC26xx\IAR\Lib\</path>
         <kind>archive</kind>
         <file>CC2640Stack.a</file>
         <name>sm_task.o</name>
      </input_file>
      <input_file id="fl-106">
         <path>C:\ti\simplelink\ble_cc26xx_2_01_00_44423\Projects\ble\SimpleBLEPeripheralObserver\CC26xx\IAR\Lib\</path>
         <kind>archive</kind>
         <file>CC2640Stack.a</file>
         <name>smp.o</name>
      </input_file>
      <input_file id="fl-107">
         <path>C:\ti\simplelink\ble_cc26xx_2_01_00_44423\Projects\ble\SimpleBLEPeripheralObserver\CC26xx\IAR\Lib\</path>
         <kind>archive</kind>
         <file>CC2640Stack_HCI_TL.a</file>
         <name>hci_tl.o</name>
      </input_file>
      <input_file id="fl-108">
         <path>C:\ti\tirtos_simplelink_2_13_00_06\products\cc26xxware_2_21_01_15600\driverlib\bin\ccs\</path>
         <kind>archive</kind>
         <file>driverlib.lib</file>
         <name>cpu.obj</name>
      </input_file>
   </input_file_list>
   <object_component_list>
      <object_component id="oc-2c0">
         <name>.text</name>
         <load_address>0xe2bc</load_address>
         <run_address>0xe2bc</run_address>
         <size>0xfa8</size>
         <input_file_ref idref="fl-f2"/>
      </object_component>
      <object_component id="oc-277">
         <name>.text</name>
         <load_address>0xf264</load_address>
         <run_address>0xf264</run_address>
         <size>0xd38</size>
         <input_file_ref idref="fl-fe"/>
      </object_component>
      <object_component id="oc-2f9">
         <name>.text</name>
         <load_address>0xff9c</load_address>
         <run_address>0xff9c</run_address>
         <size>0xb34</size>
         <input_file_ref idref="fl-9"/>
      </object_component>
      <object_component id="oc-55e">
         <name>.text</name>
         <load_address>0x10ad0</load_address>
         <run_address>0x10ad0</run_address>
         <size>0xa4c</size>
         <input_file_ref idref="fl-ef"/>
      </object_component>
      <object_component id="oc-2ea">
         <name>.text</name>
         <load_address>0x1151c</load_address>
         <run_address>0x1151c</run_address>
         <size>0xa34</size>
         <input_file_ref idref="fl-14"/>
      </object_component>
      <object_component id="oc-49d">
         <name>.text</name>
         <load_address>0x11f50</load_address>
         <run_address>0x11f50</run_address>
         <size>0x94c</size>
         <input_file_ref idref="fl-fb"/>
      </object_component>
      <object_component id="oc-51c">
         <name>.text</name>
         <load_address>0x1289c</load_address>
         <run_address>0x1289c</run_address>
         <size>0x8c0</size>
         <input_file_ref idref="fl-ea"/>
      </object_component>
      <object_component id="oc-53d">
         <name>.text</name>
         <load_address>0x1315c</load_address>
         <run_address>0x1315c</run_address>
         <size>0x75c</size>
         <input_file_ref idref="fl-103"/>
      </object_component>
      <object_component id="oc-641">
         <name>.text</name>
         <load_address>0x138b8</load_address>
         <run_address>0x138b8</run_address>
         <size>0x712</size>
         <input_file_ref idref="fl-100"/>
      </object_component>
      <object_component id="oc-497">
         <name>.text</name>
         <load_address>0x13fca</load_address>
         <run_address>0x13fca</run_address>
         <size>0x2</size>
         <input_file_ref idref="fl-1b"/>
      </object_component>
      <object_component id="oc-4f9">
         <name>.text</name>
         <load_address>0x13fcc</load_address>
         <run_address>0x13fcc</run_address>
         <size>0x708</size>
         <input_file_ref idref="fl-102"/>
      </object_component>
      <object_component id="oc-271">
         <name>.text</name>
         <load_address>0x146d4</load_address>
         <run_address>0x146d4</run_address>
         <size>0x704</size>
         <input_file_ref idref="fl-b"/>
      </object_component>
      <object_component id="oc-465">
         <name>.text</name>
         <load_address>0x14dd8</load_address>
         <run_address>0x14dd8</run_address>
         <size>0x6d4</size>
         <input_file_ref idref="fl-101"/>
      </object_component>
      <object_component id="oc-654">
         <name>.text</name>
         <load_address>0x154ac</load_address>
         <run_address>0x154ac</run_address>
         <size>0x690</size>
         <input_file_ref idref="fl-eb"/>
      </object_component>
      <object_component id="oc-40a">
         <name>.text</name>
         <load_address>0x15b3c</load_address>
         <run_address>0x15b3c</run_address>
         <size>0x684</size>
         <input_file_ref idref="fl-f8"/>
      </object_component>
      <object_component id="oc-6ce">
         <name>.text</name>
         <load_address>0x161c0</load_address>
         <run_address>0x161c0</run_address>
         <size>0x618</size>
         <input_file_ref idref="fl-fc"/>
      </object_component>
      <object_component id="oc-587">
         <name>.text</name>
         <load_address>0x167d8</load_address>
         <run_address>0x167d8</run_address>
         <size>0x5b0</size>
         <input_file_ref idref="fl-e5"/>
      </object_component>
      <object_component id="oc-67d">
         <name>.text</name>
         <load_address>0x16d88</load_address>
         <run_address>0x16d88</run_address>
         <size>0x558</size>
         <input_file_ref idref="fl-104"/>
      </object_component>
      <object_component id="oc-66f">
         <name>.text</name>
         <load_address>0x172e0</load_address>
         <run_address>0x172e0</run_address>
         <size>0x51c</size>
         <input_file_ref idref="fl-e7"/>
      </object_component>
      <object_component id="oc-64a">
         <name>.text</name>
         <load_address>0x177fc</load_address>
         <run_address>0x177fc</run_address>
         <size>0x4f4</size>
         <input_file_ref idref="fl-fd"/>
      </object_component>
      <object_component id="oc-265">
         <name>.text</name>
         <load_address>0x17cf0</load_address>
         <run_address>0x17cf0</run_address>
         <size>0x3f0</size>
         <input_file_ref idref="fl-12"/>
      </object_component>
      <object_component id="oc-6d6">
         <name>.text</name>
         <load_address>0x180e0</load_address>
         <run_address>0x180e0</run_address>
         <size>0x39a</size>
         <input_file_ref idref="fl-106"/>
      </object_component>
      <object_component id="oc-60b">
         <name>.text</name>
         <load_address>0x1847a</load_address>
         <run_address>0x1847a</run_address>
         <size>0x2</size>
         <input_file_ref idref="fl-4"/>
      </object_component>
      <object_component id="oc-4ce">
         <name>.text</name>
         <load_address>0x1847c</load_address>
         <run_address>0x1847c</run_address>
         <size>0x382</size>
         <input_file_ref idref="fl-e6"/>
      </object_component>
      <object_component id="oc-3ec">
         <name>.text</name>
         <load_address>0x187fe</load_address>
         <run_address>0x187fe</run_address>
         <size>0x2</size>
         <input_file_ref idref="fl-e1"/>
      </object_component>
      <object_component id="oc-4e5">
         <name>.text</name>
         <load_address>0x18800</load_address>
         <run_address>0x18800</run_address>
         <size>0x358</size>
         <input_file_ref idref="fl-e8"/>
      </object_component>
      <object_component id="oc-63f">
         <name>.text</name>
         <load_address>0x18b58</load_address>
         <run_address>0x18b58</run_address>
         <size>0x334</size>
         <input_file_ref idref="fl-fa"/>
      </object_component>
      <object_component id="oc-7b8">
         <name>.tramp.llCalcScaFactor.1</name>
         <load_address>0x18e8c</load_address>
         <run_address>0x18e8c</run_address>
         <size>0x8</size>
         <input_file_ref idref="fl-1f"/>
      </object_component>
      <object_component id="oc-4c2">
         <name>.text</name>
         <load_address>0x18e94</load_address>
         <run_address>0x18e94</run_address>
         <size>0x314</size>
         <input_file_ref idref="fl-f4"/>
      </object_component>
      <object_component id="oc-7b9">
         <name>.tramp.HCI_SendCommandCompleteEvent.1</name>
         <load_address>0x191a8</load_address>
         <run_address>0x191a8</run_address>
         <size>0x8</size>
         <input_file_ref idref="fl-1f"/>
      </object_component>
      <object_component id="oc-5f7">
         <name>.text</name>
         <load_address>0x191b0</load_address>
         <run_address>0x191b0</run_address>
         <size>0x308</size>
         <input_file_ref idref="fl-ee"/>
      </object_component>
      <object_component id="oc-2ae">
         <name>.text</name>
         <load_address>0x194b8</load_address>
         <run_address>0x194b8</run_address>
         <size>0x2fc</size>
         <input_file_ref idref="fl-f0"/>
      </object_component>
      <object_component id="oc-611">
         <name>.text</name>
         <load_address>0x197b4</load_address>
         <run_address>0x197b4</run_address>
         <size>0x2e8</size>
         <input_file_ref idref="fl-8"/>
      </object_component>
      <object_component id="oc-62b">
         <name>.text</name>
         <load_address>0x19a9c</load_address>
         <run_address>0x19a9c</run_address>
         <size>0x2d0</size>
         <input_file_ref idref="fl-f5"/>
      </object_component>
      <object_component id="oc-7ba">
         <name>.tramp.HCI_CommandCompleteEvent.1</name>
         <load_address>0x19d6c</load_address>
         <run_address>0x19d6c</run_address>
         <size>0x8</size>
         <input_file_ref idref="fl-1f"/>
      </object_component>
      <object_component id="oc-7bb">
         <name>.tramp.HCI_CommandStatusEvent.1</name>
         <load_address>0x19d74</load_address>
         <run_address>0x19d74</run_address>
         <size>0x8</size>
         <input_file_ref idref="fl-1f"/>
      </object_component>
      <object_component id="oc-7bc">
         <name>.tramp.LL_EXT_ResetSystem.1</name>
         <load_address>0x19d7c</load_address>
         <run_address>0x19d7c</run_address>
         <size>0x8</size>
         <input_file_ref idref="fl-1f"/>
      </object_component>
      <object_component id="oc-7bd">
         <name>.tramp.LL_ReadLocalVersionInfo.1</name>
         <load_address>0x19d84</load_address>
         <run_address>0x19d84</run_address>
         <size>0x8</size>
         <input_file_ref idref="fl-1f"/>
      </object_component>
      <object_component id="oc-3f9">
         <name>.text</name>
         <load_address>0x19d8c</load_address>
         <run_address>0x19d8c</run_address>
         <size>0x294</size>
         <input_file_ref idref="fl-f9"/>
      </object_component>
      <object_component id="oc-2a1">
         <name>.text</name>
         <load_address>0x1a020</load_address>
         <run_address>0x1a020</run_address>
         <size>0x284</size>
         <input_file_ref idref="fl-ed"/>
      </object_component>
      <object_component id="oc-29b">
         <name>.text</name>
         <load_address>0x1a2a4</load_address>
         <run_address>0x1a2a4</run_address>
         <size>0x284</size>
         <input_file_ref idref="fl-f7"/>
      </object_component>
      <object_component id="oc-44e">
         <name>.text</name>
         <load_address>0x1a528</load_address>
         <run_address>0x1a528</run_address>
         <size>0x238</size>
         <input_file_ref idref="fl-f"/>
      </object_component>
      <object_component id="oc-454">
         <name>.text</name>
         <load_address>0x1a760</load_address>
         <run_address>0x1a760</run_address>
         <size>0x1f4</size>
         <input_file_ref idref="fl-e3"/>
      </object_component>
      <object_component id="oc-5ca">
         <name>.text</name>
         <load_address>0x1a954</load_address>
         <run_address>0x1a954</run_address>
         <size>0x1ec</size>
         <input_file_ref idref="fl-e4"/>
      </object_component>
      <object_component id="oc-5e1">
         <name>.text</name>
         <load_address>0x1ab40</load_address>
         <run_address>0x1ab40</run_address>
         <size>0x188</size>
         <input_file_ref idref="fl-11"/>
      </object_component>
      <object_component id="oc-24b">
         <name>.text</name>
         <load_address>0x1acc8</load_address>
         <run_address>0x1acc8</run_address>
         <size>0x15e</size>
         <input_file_ref idref="fl-f6"/>
      </object_component>
      <object_component id="oc-7be">
         <name>.tramp.HCI_SetControllerToHostFlowCtrlCmd.1</name>
         <load_address>0x1ae28</load_address>
         <run_address>0x1ae28</run_address>
         <size>0x8</size>
         <input_file_ref idref="fl-1f"/>
      </object_component>
      <object_component id="oc-7bf">
         <name>.tramp.HCI_HostBufferSizeCmd.1</name>
         <load_address>0x1ae30</load_address>
         <run_address>0x1ae30</run_address>
         <size>0x8</size>
         <input_file_ref idref="fl-1f"/>
      </object_component>
      <object_component id="oc-7c0">
         <name>.tramp.HCI_HostNumCompletedPktCmd.1</name>
         <load_address>0x1ae38</load_address>
         <run_address>0x1ae38</run_address>
         <size>0x8</size>
         <input_file_ref idref="fl-1f"/>
      </object_component>
      <object_component id="oc-5f5">
         <name>.text</name>
         <load_address>0x1ae40</load_address>
         <run_address>0x1ae40</run_address>
         <size>0x13e</size>
         <input_file_ref idref="fl-f1"/>
      </object_component>
      <object_component id="oc-4ba">
         <name>.text</name>
         <load_address>0x1af80</load_address>
         <run_address>0x1af80</run_address>
         <size>0x138</size>
         <input_file_ref idref="fl-ff"/>
      </object_component>
      <object_component id="oc-603">
         <name>.text</name>
         <load_address>0x1b0b8</load_address>
         <run_address>0x1b0b8</run_address>
         <size>0x10c</size>
         <input_file_ref idref="fl-ec"/>
      </object_component>
      <object_component id="oc-2aa">
         <name>.text</name>
         <load_address>0x1b1c4</load_address>
         <run_address>0x1b1c4</run_address>
         <size>0x104</size>
         <input_file_ref idref="fl-105"/>
      </object_component>
      <object_component id="oc-4d4">
         <name>.text</name>
         <load_address>0x1b2c8</load_address>
         <run_address>0x1b2c8</run_address>
         <size>0xc8</size>
         <input_file_ref idref="fl-10"/>
      </object_component>
      <object_component id="oc-63d">
         <name>.text</name>
         <load_address>0x1b390</load_address>
         <run_address>0x1b390</run_address>
         <size>0xa8</size>
         <input_file_ref idref="fl-f3"/>
      </object_component>
      <object_component id="oc-7c1">
         <name>.tramp.LL_CtrlToHostFlowControl.1</name>
         <load_address>0x1b438</load_address>
         <run_address>0x1b438</run_address>
         <size>0x8</size>
         <input_file_ref idref="fl-1f"/>
      </object_component>
      <object_component id="oc-236">
         <name>.text</name>
         <load_address>0x1b440</load_address>
         <run_address>0x1b440</run_address>
         <size>0x9c</size>
         <input_file_ref idref="fl-df"/>
      </object_component>
      <object_component id="oc-491">
         <name>.text</name>
         <load_address>0x1b4dc</load_address>
         <run_address>0x1b4dc</run_address>
         <size>0x84</size>
         <input_file_ref idref="fl-e"/>
      </object_component>
      <object_component id="oc-4de">
         <name>.text</name>
         <load_address>0x1b560</load_address>
         <run_address>0x1b560</run_address>
         <size>0x82</size>
         <input_file_ref idref="fl-e9"/>
      </object_component>
      <object_component id="oc-23f">
         <name>.text</name>
         <load_address>0x1b5e2</load_address>
         <run_address>0x1b5e2</run_address>
         <size>0x7a</size>
         <input_file_ref idref="fl-e0"/>
      </object_component>
      <object_component id="oc-293">
         <name>.text</name>
         <load_address>0x1b65c</load_address>
         <run_address>0x1b65c</run_address>
         <size>0x78</size>
         <input_file_ref idref="fl-107"/>
      </object_component>
      <object_component id="oc-625">
         <name>.text:NOROM_IntDisable</name>
         <load_address>0x1b6d4</load_address>
         <run_address>0x1b6d4</run_address>
         <size>0x78</size>
         <input_file_ref idref="fl-10a"/>
      </object_component>
      <object_component id="oc-61f">
         <name>.text:NOROM_IntEnable</name>
         <load_address>0x1b74c</load_address>
         <run_address>0x1b74c</run_address>
         <size>0x78</size>
         <input_file_ref idref="fl-10a"/>
      </object_component>
      <object_component id="oc-48b">
         <name>.text</name>
         <load_address>0x1b7c4</load_address>
         <run_address>0x1b7c4</run_address>
         <size>0x78</size>
         <input_file_ref idref="fl-7"/>
      </object_component>
      <object_component id="oc-245">
         <name>.text</name>
         <load_address>0x1b83c</load_address>
         <run_address>0x1b83c</run_address>
         <size>0x70</size>
         <input_file_ref idref="fl-d8"/>
      </object_component>
      <object_component id="oc-14">
         <name>.text:decompress:lzss</name>
         <load_address>0x1b8ac</load_address>
         <run_address>0x1b8ac</run_address>
         <size>0x66</size>
         <input_file_ref idref="fl-d9"/>
      </object_component>
      <object_component id="oc-5ed">
         <name>.text</name>
         <load_address>0x1b914</load_address>
         <run_address>0x1b914</run_address>
         <size>0x60</size>
         <input_file_ref idref="fl-15"/>
      </object_component>
      <object_component id="oc-25f">
         <name>.text</name>
         <load_address>0x1b974</load_address>
         <run_address>0x1b974</run_address>
         <size>0x4c</size>
         <input_file_ref idref="fl-5"/>
      </object_component>
      <object_component id="oc-3e6">
         <name>.text</name>
         <load_address>0x1b9c0</load_address>
         <run_address>0x1b9c0</run_address>
         <size>0x4c</size>
         <input_file_ref idref="fl-dc"/>
      </object_component>
      <object_component id="oc-26b">
         <name>.text</name>
         <load_address>0x1ba0c</load_address>
         <run_address>0x1ba0c</run_address>
         <size>0x40</size>
         <input_file_ref idref="fl-d"/>
      </object_component>
      <object_component id="oc-259">
         <name>.text</name>
         <load_address>0x1ba4c</load_address>
         <run_address>0x1ba4c</run_address>
         <size>0x38</size>
         <input_file_ref idref="fl-18"/>
      </object_component>
      <object_component id="oc-619">
         <name>.text</name>
         <load_address>0x1ba84</load_address>
         <run_address>0x1ba84</run_address>
         <size>0x36</size>
         <input_file_ref idref="fl-19"/>
      </object_component>
      <object_component id="oc-43b">
         <name>.text:NOROM_FlashProgram</name>
         <load_address>0x1baba</load_address>
         <run_address>0x1baba</run_address>
         <size>0x1e</size>
         <input_file_ref idref="fl-109"/>
      </object_component>
      <object_component id="oc-441">
         <name>.text:NOROM_FlashSectorErase</name>
         <load_address>0x1bad8</load_address>
         <run_address>0x1bad8</run_address>
         <size>0x1e</size>
         <input_file_ref idref="fl-109"/>
      </object_component>
      <object_component id="oc-459">
         <name>.text</name>
         <load_address>0x1baf6</load_address>
         <run_address>0x1baf6</run_address>
         <size>0x18</size>
         <input_file_ref idref="fl-dd"/>
      </object_component>
      <object_component id="oc-435">
         <name>.text:NOROM_VIMSModeGet</name>
         <load_address>0x1bb0e</load_address>
         <run_address>0x1bb0e</run_address>
         <size>0x16</size>
         <input_file_ref idref="fl-10c"/>
      </object_component>
      <object_component id="oc-1a">
         <name>.text:decompress:none</name>
         <load_address>0x1bb24</load_address>
         <run_address>0x1bb24</run_address>
         <size>0xe</size>
         <input_file_ref idref="fl-da"/>
      </object_component>
      <object_component id="oc-700">
         <name>.text:NOROM_CPUcpsid</name>
         <load_address>0x1bb32</load_address>
         <run_address>0x1bb32</run_address>
         <size>0xc</size>
         <input_file_ref idref="fl-108"/>
      </object_component>
      <object_component id="oc-706">
         <name>.text:NOROM_CPUcpsie</name>
         <load_address>0x1bb3e</load_address>
         <run_address>0x1bb3e</run_address>
         <size>0xc</size>
         <input_file_ref idref="fl-108"/>
      </object_component>
      <object_component id="oc-20">
         <name>.text:decompress:ZI</name>
         <load_address>0x1bb4a</load_address>
         <run_address>0x1bb4a</run_address>
         <size>0xc</size>
         <input_file_ref idref="fl-db"/>
      </object_component>
      <object_component id="oc-7b7">
         <name>.tramp.HCI_LE_SetRandomAddressCmd.1</name>
         <load_address>0x1bb58</load_address>
         <run_address>0x1bb58</run_address>
         <size>0x8</size>
         <input_file_ref idref="fl-1f"/>
      </object_component>
      <object_component id="oc-7b6">
         <name>.tramp.llGetNumTxDataEntries.1</name>
         <load_address>0x1bb60</load_address>
         <run_address>0x1bb60</run_address>
         <size>0x8</size>
         <input_file_ref idref="fl-1f"/>
      </object_component>
      <object_component id="oc-7b5">
         <name>.tramp.LL_ENC_GenDeviceIV.1</name>
         <load_address>0x1bb68</load_address>
         <run_address>0x1bb68</run_address>
         <size>0x8</size>
         <input_file_ref idref="fl-1f"/>
      </object_component>
      <object_component id="oc-7b4">
         <name>.tramp.LL_ENC_GenDeviceSKD.1</name>
         <load_address>0x1bb70</load_address>
         <run_address>0x1bb70</run_address>
         <size>0x8</size>
         <input_file_ref idref="fl-1f"/>
      </object_component>
      <object_component id="oc-7b3">
         <name>.tramp.LL_ENC_ReverseBytes.1</name>
         <load_address>0x1bb78</load_address>
         <run_address>0x1bb78</run_address>
         <size>0x8</size>
         <input_file_ref idref="fl-1f"/>
      </object_component>
      <object_component id="oc-7b2">
         <name>.tramp.llMemCopySrc.1</name>
         <load_address>0x1bb80</load_address>
         <run_address>0x1bb80</run_address>
         <size>0x8</size>
         <input_file_ref idref="fl-1f"/>
      </object_component>
      <object_component id="oc-7b1">
         <name>.tramp.LL_ENC_Decrypt.1</name>
         <load_address>0x1bb88</load_address>
         <run_address>0x1bb88</run_address>
         <size>0x8</size>
         <input_file_ref idref="fl-1f"/>
      </object_component>
      <object_component id="oc-7b0">
         <name>.tramp.llProcessScanRxFIFO.1</name>
         <load_address>0x1bb90</load_address>
         <run_address>0x1bb90</run_address>
         <size>0x8</size>
         <input_file_ref idref="fl-1f"/>
      </object_component>
      <object_component id="oc-7af">
         <name>.tramp.HCI_LE_SetScanEnableCmd.1</name>
         <load_address>0x1bb98</load_address>
         <run_address>0x1bb98</run_address>
         <size>0x8</size>
         <input_file_ref idref="fl-1f"/>
      </object_component>
      <object_component id="oc-7ae">
         <name>.tramp.HCI_LE_SetScanParamCmd.1</name>
         <load_address>0x1bba0</load_address>
         <run_address>0x1bba0</run_address>
         <size>0x8</size>
         <input_file_ref idref="fl-1f"/>
      </object_component>
      <object_component id="oc-7ad">
         <name>.tramp.HCI_LE_LtkReqNegReplyCmd.1</name>
         <load_address>0x1bba8</load_address>
         <run_address>0x1bba8</run_address>
         <size>0x8</size>
         <input_file_ref idref="fl-1f"/>
      </object_component>
      <object_component id="oc-7ac">
         <name>.tramp.HCI_LE_LtkReqReplyCmd.1</name>
         <load_address>0x1bbb0</load_address>
         <run_address>0x1bbb0</run_address>
         <size>0x8</size>
         <input_file_ref idref="fl-1f"/>
      </object_component>
      <object_component id="oc-7ab">
         <name>.tramp.HCI_SendDataPkt.1</name>
         <load_address>0x1bbb8</load_address>
         <run_address>0x1bbb8</run_address>
         <size>0x8</size>
         <input_file_ref idref="fl-1f"/>
      </object_component>
      <object_component id="oc-7aa">
         <name>.tramp.HCI_LE_SetAdvParamCmd.1</name>
         <load_address>0x1bbc0</load_address>
         <run_address>0x1bbc0</run_address>
         <size>0x8</size>
         <input_file_ref idref="fl-1f"/>
      </object_component>
      <object_component id="oc-7a9">
         <name>.tramp.HCI_LE_SetAdvEnableCmd.1</name>
         <load_address>0x1bbc8</load_address>
         <run_address>0x1bbc8</run_address>
         <size>0x8</size>
         <input_file_ref idref="fl-1f"/>
      </object_component>
      <object_component id="oc-7a8">
         <name>.tramp.HCI_LE_SetScanRspDataCmd.1</name>
         <load_address>0x1bbd0</load_address>
         <run_address>0x1bbd0</run_address>
         <size>0x8</size>
         <input_file_ref idref="fl-1f"/>
      </object_component>
      <object_component id="oc-7a7">
         <name>.tramp.HCI_LE_SetAdvDataCmd.1</name>
         <load_address>0x1bbd8</load_address>
         <run_address>0x1bbd8</run_address>
         <size>0x8</size>
         <input_file_ref idref="fl-1f"/>
      </object_component>
      <object_component id="oc-7a6">
         <name>.tramp.llPatchCM0.1</name>
         <load_address>0x1bbe0</load_address>
         <run_address>0x1bbe0</run_address>
         <size>0x8</size>
         <input_file_ref idref="fl-1f"/>
      </object_component>
      <object_component id="oc-7a5">
         <name>.tramp.LL_PseudoRand.1</name>
         <load_address>0x1bbe8</load_address>
         <run_address>0x1bbe8</run_address>
         <size>0x8</size>
         <input_file_ref idref="fl-1f"/>
      </object_component>
      <object_component id="oc-7a4">
         <name>.tramp.LL_Encrypt.1</name>
         <load_address>0x1bbf0</load_address>
         <run_address>0x1bbf0</run_address>
         <size>0x8</size>
         <input_file_ref idref="fl-1f"/>
      </object_component>
      <object_component id="oc-7a3">
         <name>.tramp.HCI_LE_RandCmd.1</name>
         <load_address>0x1bbf8</load_address>
         <run_address>0x1bbf8</run_address>
         <size>0x8</size>
         <input_file_ref idref="fl-1f"/>
      </object_component>
      <object_component id="oc-7a2">
         <name>.tramp.llMoveTempTxDataEntries.1</name>
         <load_address>0x1bc00</load_address>
         <run_address>0x1bc00</run_address>
         <size>0x8</size>
         <input_file_ref idref="fl-1f"/>
      </object_component>
      <object_component id="oc-7a1">
         <name>.tramp.llSetupVersionIndReq.1</name>
         <load_address>0x1bc08</load_address>
         <run_address>0x1bc08</run_address>
         <size>0x8</size>
         <input_file_ref idref="fl-1f"/>
      </object_component>
      <object_component id="oc-7a0">
         <name>.tramp.LL_ReadRemoteVersionInfoCback.1</name>
         <load_address>0x1bc10</load_address>
         <run_address>0x1bc10</run_address>
         <size>0x8</size>
         <input_file_ref idref="fl-1f"/>
      </object_component>
      <object_component id="oc-79f">
         <name>.tramp.llSetupPauseEncRsp.1</name>
         <load_address>0x1bc18</load_address>
         <run_address>0x1bc18</run_address>
         <size>0x8</size>
         <input_file_ref idref="fl-1f"/>
      </object_component>
      <object_component id="oc-79e">
         <name>.tramp.llSetupStartEncRsp.1</name>
         <load_address>0x1bc20</load_address>
         <run_address>0x1bc20</run_address>
         <size>0x8</size>
         <input_file_ref idref="fl-1f"/>
      </object_component>
      <object_component id="oc-79d">
         <name>.tramp.LL_EncChangeCback.1</name>
         <load_address>0x1bc28</load_address>
         <run_address>0x1bc28</run_address>
         <size>0x8</size>
         <input_file_ref idref="fl-1f"/>
      </object_component>
      <object_component id="oc-79c">
         <name>.tramp.LL_EncKeyRefreshCback.1</name>
         <load_address>0x1bc30</load_address>
         <run_address>0x1bc30</run_address>
         <size>0x8</size>
         <input_file_ref idref="fl-1f"/>
      </object_component>
      <object_component id="oc-79b">
         <name>.tramp.LL_ENC_AES128_Encrypt.1</name>
         <load_address>0x1bc38</load_address>
         <run_address>0x1bc38</run_address>
         <size>0x8</size>
         <input_file_ref idref="fl-1f"/>
      </object_component>
      <object_component id="oc-79a">
         <name>.tramp.llSetupStartEncReq.1</name>
         <load_address>0x1bc40</load_address>
         <run_address>0x1bc40</run_address>
         <size>0x8</size>
         <input_file_ref idref="fl-1f"/>
      </object_component>
      <object_component id="oc-799">
         <name>.tramp.llSetupEncRsp.1</name>
         <load_address>0x1bc48</load_address>
         <run_address>0x1bc48</run_address>
         <size>0x8</size>
         <input_file_ref idref="fl-1f"/>
      </object_component>
      <object_component id="oc-798">
         <name>.tramp.LL_EncLtkReqCback.1</name>
         <load_address>0x1bc50</load_address>
         <run_address>0x1bc50</run_address>
         <size>0x8</size>
         <input_file_ref idref="fl-1f"/>
      </object_component>
      <object_component id="oc-797">
         <name>.tramp.llSetupUnknownRsp.1</name>
         <load_address>0x1bc58</load_address>
         <run_address>0x1bc58</run_address>
         <size>0x8</size>
         <input_file_ref idref="fl-1f"/>
      </object_component>
      <object_component id="oc-796">
         <name>.tramp.llConvertCtrlProcTimeoutToEvent.1</name>
         <load_address>0x1bc60</load_address>
         <run_address>0x1bc60</run_address>
         <size>0x8</size>
         <input_file_ref idref="fl-1f"/>
      </object_component>
      <object_component id="oc-795">
         <name>.tramp.llConvertLstoToEvent.1</name>
         <load_address>0x1bc68</load_address>
         <run_address>0x1bc68</run_address>
         <size>0x8</size>
         <input_file_ref idref="fl-1f"/>
      </object_component>
      <object_component id="oc-794">
         <name>.tramp.llEventInRange.1</name>
         <load_address>0x1bc70</load_address>
         <run_address>0x1bc70</run_address>
         <size>0x8</size>
         <input_file_ref idref="fl-1f"/>
      </object_component>
      <object_component id="oc-793">
         <name>.tramp.llCheckForLstoDuringSL.1</name>
         <load_address>0x1bc78</load_address>
         <run_address>0x1bc78</run_address>
         <size>0x8</size>
         <input_file_ref idref="fl-1f"/>
      </object_component>
      <object_component id="oc-792">
         <name>.tramp.llConnTerminate.1</name>
         <load_address>0x1bc80</load_address>
         <run_address>0x1bc80</run_address>
         <size>0x8</size>
         <input_file_ref idref="fl-1f"/>
      </object_component>
      <object_component id="oc-791">
         <name>.tramp.HCI_DisconnectCmd.1</name>
         <load_address>0x1bc88</load_address>
         <run_address>0x1bc88</run_address>
         <size>0x8</size>
         <input_file_ref idref="fl-1f"/>
      </object_component>
      <object_component id="oc-790">
         <name>.tramp.llSetupRejectInd.1</name>
         <load_address>0x1bc90</load_address>
         <run_address>0x1bc90</run_address>
         <size>0x8</size>
         <input_file_ref idref="fl-1f"/>
      </object_component>
      <object_component id="oc-78f">
         <name>.tramp.llTimeDelta.1</name>
         <load_address>0x1bc98</load_address>
         <run_address>0x1bc98</run_address>
         <size>0x8</size>
         <input_file_ref idref="fl-1f"/>
      </object_component>
      <object_component id="oc-78e">
         <name>.tramp.LL_RX_bm_alloc.1</name>
         <load_address>0x1bca0</load_address>
         <run_address>0x1bca0</run_address>
         <size>0x8</size>
         <input_file_ref idref="fl-1f"/>
      </object_component>
      <object_component id="oc-78d">
         <name>.tramp.HCI_bm_alloc.1</name>
         <load_address>0x1bca8</load_address>
         <run_address>0x1bca8</run_address>
         <size>0x8</size>
         <input_file_ref idref="fl-1f"/>
      </object_component>
      <object_component id="oc-78c">
         <name>.tramp.llTimeCompare.1</name>
         <load_address>0x1bcb0</load_address>
         <run_address>0x1bcb0</run_address>
         <size>0x8</size>
         <input_file_ref idref="fl-1f"/>
      </object_component>
      <object_component id="oc-78b">
         <name>.tramp.llReleaseConnId.1</name>
         <load_address>0x1bcb8</load_address>
         <run_address>0x1bcb8</run_address>
         <size>0x8</size>
         <input_file_ref idref="fl-1f"/>
      </object_component>
      <object_component id="oc-78a">
         <name>.tramp.LL_ENC_Encrypt.1</name>
         <load_address>0x1bcc0</load_address>
         <run_address>0x1bcc0</run_address>
         <size>0x8</size>
         <input_file_ref idref="fl-1f"/>
      </object_component>
      <object_component id="oc-789">
         <name>.tramp.LL_TX_bm_alloc.1</name>
         <load_address>0x1bcc8</load_address>
         <run_address>0x1bcc8</run_address>
         <size>0x8</size>
         <input_file_ref idref="fl-1f"/>
      </object_component>
      <object_component id="oc-788">
         <name>.tramp.llEventDelta.1</name>
         <load_address>0x1bcd0</load_address>
         <run_address>0x1bcd0</run_address>
         <size>0x8</size>
         <input_file_ref idref="fl-1f"/>
      </object_component>
      <object_component id="oc-787">
         <name>.tramp.HCI_ReadRemoteVersionInfoCmd.1</name>
         <load_address>0x1bcd8</load_address>
         <run_address>0x1bcd8</run_address>
         <size>0x8</size>
         <input_file_ref idref="fl-1f"/>
      </object_component>
      <object_component id="oc-786">
         <name>.tramp.HCI_SetEventMaskCmd.1</name>
         <load_address>0x1bce0</load_address>
         <run_address>0x1bce0</run_address>
         <size>0x8</size>
         <input_file_ref idref="fl-1f"/>
      </object_component>
      <object_component id="oc-785">
         <name>.tramp.HCI_ReadTransmitPowerLevelCmd.1</name>
         <load_address>0x1bce8</load_address>
         <run_address>0x1bce8</run_address>
         <size>0x8</size>
         <input_file_ref idref="fl-1f"/>
      </object_component>
      <object_component id="oc-784">
         <name>.tramp.HCI_ReadLocalSupportedFeaturesCmd.1</name>
         <load_address>0x1bcf0</load_address>
         <run_address>0x1bcf0</run_address>
         <size>0x8</size>
         <input_file_ref idref="fl-1f"/>
      </object_component>
      <object_component id="oc-783">
         <name>.tramp.HCI_ReadBDADDRCmd.1</name>
         <load_address>0x1bcf8</load_address>
         <run_address>0x1bcf8</run_address>
         <size>0x8</size>
         <input_file_ref idref="fl-1f"/>
      </object_component>
      <object_component id="oc-782">
         <name>.tramp.HCI_ReadRssiCmd.1</name>
         <load_address>0x1bd00</load_address>
         <run_address>0x1bd00</run_address>
         <size>0x8</size>
         <input_file_ref idref="fl-1f"/>
      </object_component>
      <object_component id="oc-781">
         <name>.tramp.HCI_LE_ReadLocalSupportedFeaturesCmd.1</name>
         <load_address>0x1bd08</load_address>
         <run_address>0x1bd08</run_address>
         <size>0x8</size>
         <input_file_ref idref="fl-1f"/>
      </object_component>
      <object_component id="oc-780">
         <name>.tramp.HCI_LE_ReadAdvChanTxPowerCmd.1</name>
         <load_address>0x1bd10</load_address>
         <run_address>0x1bd10</run_address>
         <size>0x8</size>
         <input_file_ref idref="fl-1f"/>
      </object_component>
      <object_component id="oc-77f">
         <name>.tramp.HCI_LE_ReadWhiteListSizeCmd.1</name>
         <load_address>0x1bd18</load_address>
         <run_address>0x1bd18</run_address>
         <size>0x8</size>
         <input_file_ref idref="fl-1f"/>
      </object_component>
      <object_component id="oc-77e">
         <name>.tramp.HCI_LE_ClearWhiteListCmd.1</name>
         <load_address>0x1bd20</load_address>
         <run_address>0x1bd20</run_address>
         <size>0x8</size>
         <input_file_ref idref="fl-1f"/>
      </object_component>
      <object_component id="oc-77d">
         <name>.tramp.HCI_LE_AddWhiteListCmd.1</name>
         <load_address>0x1bd28</load_address>
         <run_address>0x1bd28</run_address>
         <size>0x8</size>
         <input_file_ref idref="fl-1f"/>
      </object_component>
      <object_component id="oc-77c">
         <name>.tramp.HCI_LE_RemoveWhiteListCmd.1</name>
         <load_address>0x1bd30</load_address>
         <run_address>0x1bd30</run_address>
         <size>0x8</size>
         <input_file_ref idref="fl-1f"/>
      </object_component>
      <object_component id="oc-77b">
         <name>.tramp.HCI_LE_ReadChannelMapCmd.1</name>
         <load_address>0x1bd38</load_address>
         <run_address>0x1bd38</run_address>
         <size>0x8</size>
         <input_file_ref idref="fl-1f"/>
      </object_component>
      <object_component id="oc-77a">
         <name>.tramp.HCI_LE_EncryptCmd.1</name>
         <load_address>0x1bd40</load_address>
         <run_address>0x1bd40</run_address>
         <size>0x8</size>
         <input_file_ref idref="fl-1f"/>
      </object_component>
      <object_component id="oc-779">
         <name>.tramp.HCI_LE_ReadSupportedStatesCmd.1</name>
         <load_address>0x1bd48</load_address>
         <run_address>0x1bd48</run_address>
         <size>0x8</size>
         <input_file_ref idref="fl-1f"/>
      </object_component>
      <object_component id="oc-778">
         <name>.tramp.HCI_LE_TestEndCmd.1</name>
         <load_address>0x1bd50</load_address>
         <run_address>0x1bd50</run_address>
         <size>0x8</size>
         <input_file_ref idref="fl-1f"/>
      </object_component>
      <object_component id="oc-777">
         <name>.tramp.HCI_EXT_SetTxPowerCmd.1</name>
         <load_address>0x1bd58</load_address>
         <run_address>0x1bd58</run_address>
         <size>0x8</size>
         <input_file_ref idref="fl-1f"/>
      </object_component>
      <object_component id="oc-776">
         <name>.tramp.HCI_EXT_OnePktPerEvtCmd.1</name>
         <load_address>0x1bd60</load_address>
         <run_address>0x1bd60</run_address>
         <size>0x8</size>
         <input_file_ref idref="fl-1f"/>
      </object_component>
      <object_component id="oc-775">
         <name>.tramp.HCI_EXT_DecryptCmd.1</name>
         <load_address>0x1bd68</load_address>
         <run_address>0x1bd68</run_address>
         <size>0x8</size>
         <input_file_ref idref="fl-1f"/>
      </object_component>
      <object_component id="oc-774">
         <name>.tramp.HCI_EXT_SetLocalSupportedFeaturesCmd.1</name>
         <load_address>0x1bd70</load_address>
         <run_address>0x1bd70</run_address>
         <size>0x8</size>
         <input_file_ref idref="fl-1f"/>
      </object_component>
      <object_component id="oc-773">
         <name>.tramp.HCI_EXT_SetFastTxResponseTimeCmd.1</name>
         <load_address>0x1bd78</load_address>
         <run_address>0x1bd78</run_address>
         <size>0x8</size>
         <input_file_ref idref="fl-1f"/>
      </object_component>
      <object_component id="oc-772">
         <name>.tramp.HCI_EXT_ModemTestTxCmd.1</name>
         <load_address>0x1bd80</load_address>
         <run_address>0x1bd80</run_address>
         <size>0x8</size>
         <input_file_ref idref="fl-1f"/>
      </object_component>
      <object_component id="oc-771">
         <name>.tramp.HCI_EXT_ModemHopTestTxCmd.1</name>
         <load_address>0x1bd88</load_address>
         <run_address>0x1bd88</run_address>
         <size>0x8</size>
         <input_file_ref idref="fl-1f"/>
      </object_component>
      <object_component id="oc-770">
         <name>.tramp.HCI_EXT_ModemTestRxCmd.1</name>
         <load_address>0x1bd90</load_address>
         <run_address>0x1bd90</run_address>
         <size>0x8</size>
         <input_file_ref idref="fl-1f"/>
      </object_component>
      <object_component id="oc-76f">
         <name>.tramp.HCI_EXT_EndModemTestCmd.1</name>
         <load_address>0x1bd98</load_address>
         <run_address>0x1bd98</run_address>
         <size>0x8</size>
         <input_file_ref idref="fl-1f"/>
      </object_component>
      <object_component id="oc-76e">
         <name>.tramp.HCI_EXT_SetBDADDRCmd.1</name>
         <load_address>0x1bda0</load_address>
         <run_address>0x1bda0</run_address>
         <size>0x8</size>
         <input_file_ref idref="fl-1f"/>
      </object_component>
      <object_component id="oc-76d">
         <name>.tramp.HCI_EXT_SetSCACmd.1</name>
         <load_address>0x1bda8</load_address>
         <run_address>0x1bda8</run_address>
         <size>0x8</size>
         <input_file_ref idref="fl-1f"/>
      </object_component>
      <object_component id="oc-76c">
         <name>.tramp.HCI_EXT_EnablePTMCmd.1</name>
         <load_address>0x1bdb0</load_address>
         <run_address>0x1bdb0</run_address>
         <size>0x8</size>
         <input_file_ref idref="fl-1f"/>
      </object_component>
      <object_component id="oc-76b">
         <name>.tramp.HCI_EXT_SetMaxDtmTxPowerCmd.1</name>
         <load_address>0x1bdb8</load_address>
         <run_address>0x1bdb8</run_address>
         <size>0x8</size>
         <input_file_ref idref="fl-1f"/>
      </object_component>
      <object_component id="oc-76a">
         <name>.tramp.HCI_EXT_DisconnectImmedCmd.1</name>
         <load_address>0x1bdc0</load_address>
         <run_address>0x1bdc0</run_address>
         <size>0x8</size>
         <input_file_ref idref="fl-1f"/>
      </object_component>
      <object_component id="oc-769">
         <name>.tramp.HCI_EXT_PacketErrorRateCmd.1</name>
         <load_address>0x1bdc8</load_address>
         <run_address>0x1bdc8</run_address>
         <size>0x8</size>
         <input_file_ref idref="fl-1f"/>
      </object_component>
      <object_component id="oc-768">
         <name>.tramp.HCI_EXT_PERbyChanCmd.1</name>
         <load_address>0x1bdd0</load_address>
         <run_address>0x1bdd0</run_address>
         <size>0x8</size>
         <input_file_ref idref="fl-1f"/>
      </object_component>
      <object_component id="oc-767">
         <name>.tramp.HCI_EXT_AdvEventNoticeCmd.1</name>
         <load_address>0x1bdd8</load_address>
         <run_address>0x1bdd8</run_address>
         <size>0x8</size>
         <input_file_ref idref="fl-1f"/>
      </object_component>
      <object_component id="oc-766">
         <name>.tramp.HCI_EXT_SetSlaveLatencyOverrideCmd.1</name>
         <load_address>0x1bde0</load_address>
         <run_address>0x1bde0</run_address>
         <size>0x8</size>
         <input_file_ref idref="fl-1f"/>
      </object_component>
      <object_component id="oc-765">
         <name>.tramp.HCI_EXT_BuildRevisionCmd.1</name>
         <load_address>0x1bde8</load_address>
         <run_address>0x1bde8</run_address>
         <size>0x8</size>
         <input_file_ref idref="fl-1f"/>
      </object_component>
      <object_component id="oc-764">
         <name>.tramp.HCI_EXT_NumComplPktsLimitCmd.1</name>
         <load_address>0x1bdf0</load_address>
         <run_address>0x1bdf0</run_address>
         <size>0x8</size>
         <input_file_ref idref="fl-1f"/>
      </object_component>
      <object_component id="oc-763">
         <name>.tramp.llFreeTask.1</name>
         <load_address>0x1bdf8</load_address>
         <run_address>0x1bdf8</run_address>
         <size>0x8</size>
         <input_file_ref idref="fl-1f"/>
      </object_component>
      <object_component id="oc-762">
         <name>.tramp.llGetNumTasks.1</name>
         <load_address>0x1be00</load_address>
         <run_address>0x1be00</run_address>
         <size>0x8</size>
         <input_file_ref idref="fl-1f"/>
      </object_component>
      <object_component id="oc-761">
         <name>.tramp.llScheduler.1</name>
         <load_address>0x1be08</load_address>
         <run_address>0x1be08</run_address>
         <size>0x8</size>
         <input_file_ref idref="fl-1f"/>
      </object_component>
      <object_component id="oc-760">
         <name>.tramp.llSetupAdv.1</name>
         <load_address>0x1be10</load_address>
         <run_address>0x1be10</run_address>
         <size>0x8</size>
         <input_file_ref idref="fl-1f"/>
      </object_component>
      <object_component id="oc-75f">
         <name>.tramp.llGetActiveTasks.1</name>
         <load_address>0x1be18</load_address>
         <run_address>0x1be18</run_address>
         <size>0x8</size>
         <input_file_ref idref="fl-1f"/>
      </object_component>
      <object_component id="oc-75e">
         <name>.tramp.LL_DirectTestEndDoneCback.1</name>
         <load_address>0x1be20</load_address>
         <run_address>0x1be20</run_address>
         <size>0x8</size>
         <input_file_ref idref="fl-1f"/>
      </object_component>
      <object_component id="oc-75d">
         <name>.tramp.llRfStartFS.1</name>
         <load_address>0x1be28</load_address>
         <run_address>0x1be28</run_address>
         <size>0x8</size>
         <input_file_ref idref="fl-1f"/>
      </object_component>
      <object_component id="oc-75c">
         <name>.tramp.llWriteTxData.1</name>
         <load_address>0x1be30</load_address>
         <run_address>0x1be30</run_address>
         <size>0x8</size>
         <input_file_ref idref="fl-1f"/>
      </object_component>
      <object_component id="oc-75b">
         <name>.tramp.HCI_DataBufferOverflowEvent.1</name>
         <load_address>0x1be38</load_address>
         <run_address>0x1be38</run_address>
         <size>0x8</size>
         <input_file_ref idref="fl-1f"/>
      </object_component>
      <object_component id="oc-75a">
         <name>.tramp.llEnqueueCtrlPkt.1</name>
         <load_address>0x1be40</load_address>
         <run_address>0x1be40</run_address>
         <size>0x8</size>
         <input_file_ref idref="fl-1f"/>
      </object_component>
      <object_component id="oc-759">
         <name>.tramp.LL_ConnActive.1</name>
         <load_address>0x1be48</load_address>
         <run_address>0x1be48</run_address>
         <size>0x8</size>
         <input_file_ref idref="fl-1f"/>
      </object_component>
      <object_component id="oc-758">
         <name>.tramp.llReleaseAllConnId.1</name>
         <load_address>0x1be50</load_address>
         <run_address>0x1be50</run_address>
         <size>0x8</size>
         <input_file_ref idref="fl-1f"/>
      </object_component>
      <object_component id="oc-757">
         <name>.tramp.LL_ClearWhiteList.1</name>
         <load_address>0x1be58</load_address>
         <run_address>0x1be58</run_address>
         <size>0x8</size>
         <input_file_ref idref="fl-1f"/>
      </object_component>
      <object_component id="oc-756">
         <name>.tramp.LL_ENC_Init.1</name>
         <load_address>0x1be60</load_address>
         <run_address>0x1be60</run_address>
         <size>0x8</size>
         <input_file_ref idref="fl-1f"/>
      </object_component>
      <object_component id="oc-755">
         <name>.tramp.WL_Init.1</name>
         <load_address>0x1be68</load_address>
         <run_address>0x1be68</run_address>
         <size>0x8</size>
         <input_file_ref idref="fl-1f"/>
      </object_component>
      <object_component id="oc-754">
         <name>.tramp.llHaltRadio.1</name>
         <load_address>0x1be70</load_address>
         <run_address>0x1be70</run_address>
         <size>0x8</size>
         <input_file_ref idref="fl-1f"/>
      </object_component>
      <object_component id="oc-753">
         <name>.tramp.HCI_HardwareErrorEvent.1</name>
         <load_address>0x1be78</load_address>
         <run_address>0x1be78</run_address>
         <size>0x8</size>
         <input_file_ref idref="fl-1f"/>
      </object_component>
      <object_component id="oc-752">
         <name>.tramp.LL_ConnectionCompleteCback.1</name>
         <load_address>0x1be80</load_address>
         <run_address>0x1be80</run_address>
         <size>0x8</size>
         <input_file_ref idref="fl-1f"/>
      </object_component>
      <object_component id="oc-751">
         <name>.tramp.llGetCurrentTask.1</name>
         <load_address>0x1be88</load_address>
         <run_address>0x1be88</run_address>
         <size>0x8</size>
         <input_file_ref idref="fl-1f"/>
      </object_component>
      <object_component id="oc-750">
         <name>.tramp.LL_ENC_GenerateTrueRandNum.1</name>
         <load_address>0x1be90</load_address>
         <run_address>0x1be90</run_address>
         <size>0x8</size>
         <input_file_ref idref="fl-1f"/>
      </object_component>
      <object_component id="oc-74f">
         <name>.tramp.llInitRAT.1</name>
         <load_address>0x1be98</load_address>
         <run_address>0x1be98</run_address>
         <size>0x8</size>
         <input_file_ref idref="fl-1f"/>
      </object_component>
      <object_component id="oc-74e">
         <name>.tramp.llGetCurrentTime.1</name>
         <load_address>0x1bea0</load_address>
         <run_address>0x1bea0</run_address>
         <size>0x8</size>
         <input_file_ref idref="fl-1f"/>
      </object_component>
      <object_component id="oc-74d">
         <name>.tramp.llSetupRfHal.1</name>
         <load_address>0x1bea8</load_address>
         <run_address>0x1bea8</run_address>
         <size>0x8</size>
         <input_file_ref idref="fl-1f"/>
      </object_component>
      <object_component id="oc-74c">
         <name>.tramp.llSetupMailbox.1</name>
         <load_address>0x1beb0</load_address>
         <run_address>0x1beb0</run_address>
         <size>0x8</size>
         <input_file_ref idref="fl-1f"/>
      </object_component>
      <object_component id="oc-74b">
         <name>.tramp.llResetRadio.1</name>
         <load_address>0x1beb8</load_address>
         <run_address>0x1beb8</run_address>
         <size>0x8</size>
         <input_file_ref idref="fl-1f"/>
      </object_component>
      <object_component id="oc-2f6">
         <name>.const:$O12$$</name>
         <load_address>0x1bec0</load_address>
         <run_address>0x1bec0</run_address>
         <size>0x664</size>
         <input_file_ref idref="fl-19"/>
      </object_component>
      <object_component id="oc-2f3">
         <name>.const:$O10$$</name>
         <load_address>0x1c524</load_address>
         <run_address>0x1c524</run_address>
         <size>0x10c</size>
         <input_file_ref idref="fl-16"/>
      </object_component>
      <object_component id="oc-461">
         <name>.const:tasksArr</name>
         <load_address>0x1c630</load_address>
         <run_address>0x1c630</run_address>
         <size>0x28</size>
         <input_file_ref idref="fl-18"/>
      </object_component>
      <object_component id="oc-4db">
         <name>.rodata</name>
         <load_address>0x1c658</load_address>
         <run_address>0x1c658</run_address>
         <size>0x5c</size>
         <input_file_ref idref="fl-fc"/>
      </object_component>
      <object_component id="oc-718">
         <name>.rodata</name>
         <load_address>0x1c6b4</load_address>
         <run_address>0x1c6b4</run_address>
         <size>0x8</size>
         <input_file_ref idref="fl-ee"/>
      </object_component>
      <object_component id="oc-6f6">
         <name>.rodata</name>
         <load_address>0x1c6bc</load_address>
         <run_address>0x1c6bc</run_address>
         <size>0x8</size>
         <input_file_ref idref="fl-f2"/>
      </object_component>
      <object_component id="oc-653">
         <name>.rodata</name>
         <load_address>0x1c6c4</load_address>
         <run_address>0x1c6c4</run_address>
         <size>0x2</size>
         <input_file_ref idref="fl-fe"/>
      </object_component>
      <object_component id="oc-748">
         <name>.cinit..data.load</name>
         <load_address>0x1c6c8</load_address>
         <run_address>0x1c6c8</run_address>
         <size>0xef</size>
      </object_component>
      <object_component id="oc-746">
         <name>__TI_handler_table</name>
         <load_address>0x1c7b8</load_address>
         <run_address>0x1c7b8</run_address>
         <size>0xc</size>
      </object_component>
      <object_component id="oc-74a">
         <name>.cinit..TI.bound:mbIntCbackTable.load</name>
         <load_address>0x1c7c8</load_address>
         <run_address>0x1c7c8</run_address>
         <size>0x8</size>
      </object_component>
      <object_component id="oc-749">
         <name>.cinit..bss.load</name>
         <load_address>0x1c7d0</load_address>
         <run_address>0x1c7d0</run_address>
         <size>0x8</size>
      </object_component>
      <object_component id="oc-747">
         <name>__TI_cinit_table</name>
         <load_address>0x1c7d8</load_address>
         <run_address>0x1c7d8</run_address>
         <size>0x18</size>
      </object_component>
      <object_component id="oc-26">
         <name>EntrySection</name>
         <load_address>0xe000</load_address>
         <run_address>0xe000</run_address>
         <size>0x2bc</size>
         <input_file_ref idref="fl-17"/>
      </object_component>
      <object_component id="oc-712">
         <name>.data</name>
         <load_address>0x200046d0</load_address>
         <run_address>0x200046d0</run_address>
         <size>0x10</size>
         <input_file_ref idref="fl-e7"/>
      </object_component>
      <object_component id="oc-53a">
         <name>.data</name>
         <load_address>0x20004648</load_address>
         <run_address>0x20004648</run_address>
         <size>0x2c</size>
         <input_file_ref idref="fl-e8"/>
      </object_component>
      <object_component id="oc-6d4">
         <name>.data</name>
         <load_address>0x20004590</load_address>
         <run_address>0x20004590</run_address>
         <size>0x50</size>
         <input_file_ref idref="fl-e8"/>
      </object_component>
      <object_component id="oc-53b">
         <name>.data</name>
         <load_address>0x20004698</load_address>
         <run_address>0x20004698</run_address>
         <size>0x1c</size>
         <input_file_ref idref="fl-ea"/>
      </object_component>
      <object_component id="oc-710">
         <name>.data</name>
         <load_address>0x200046b4</load_address>
         <run_address>0x200046b4</run_address>
         <size>0x1c</size>
         <input_file_ref idref="fl-eb"/>
      </object_component>
      <object_component id="oc-6fa">
         <name>.data</name>
         <load_address>0x20004738</load_address>
         <run_address>0x20004738</run_address>
         <size>0x4</size>
         <input_file_ref idref="fl-ec"/>
      </object_component>
      <object_component id="oc-539">
         <name>.data</name>
         <load_address>0x20004700</load_address>
         <run_address>0x20004700</run_address>
         <size>0xc</size>
         <input_file_ref idref="fl-ed"/>
      </object_component>
      <object_component id="oc-719">
         <name>.data</name>
         <load_address>0x20004742</load_address>
         <run_address>0x20004742</run_address>
         <size>0x1</size>
         <input_file_ref idref="fl-ee"/>
      </object_component>
      <object_component id="oc-6f7">
         <name>.data</name>
         <load_address>0x20004674</load_address>
         <run_address>0x20004674</run_address>
         <size>0x24</size>
         <input_file_ref idref="fl-ee"/>
      </object_component>
      <object_component id="oc-71a">
         <name>.data</name>
         <load_address>0x20004743</load_address>
         <run_address>0x20004743</run_address>
         <size>0x1</size>
         <input_file_ref idref="fl-ee"/>
      </object_component>
      <object_component id="oc-71b">
         <name>.data</name>
         <load_address>0x20004744</load_address>
         <run_address>0x20004744</run_address>
         <size>0x1</size>
         <input_file_ref idref="fl-ee"/>
      </object_component>
      <object_component id="oc-6f8">
         <name>.data</name>
         <load_address>0x20004520</load_address>
         <run_address>0x20004520</run_address>
         <size>0x70</size>
         <input_file_ref idref="fl-ee"/>
      </object_component>
      <object_component id="oc-6f2">
         <name>.data</name>
         <load_address>0x20004745</load_address>
         <run_address>0x20004745</run_address>
         <size>0x1</size>
         <input_file_ref idref="fl-ef"/>
      </object_component>
      <object_component id="oc-6f1">
         <name>.data</name>
         <load_address>0x2000472c</load_address>
         <run_address>0x2000472c</run_address>
         <size>0x8</size>
         <input_file_ref idref="fl-ef"/>
      </object_component>
      <object_component id="oc-5e8">
         <name>.data</name>
         <load_address>0x20004746</load_address>
         <run_address>0x20004746</run_address>
         <size>0x1</size>
         <input_file_ref idref="fl-f0"/>
      </object_component>
      <object_component id="oc-5ea">
         <name>.data</name>
         <load_address>0x20004747</load_address>
         <run_address>0x20004747</run_address>
         <size>0x1</size>
         <input_file_ref idref="fl-f2"/>
      </object_component>
      <object_component id="oc-5f3">
         <name>.data</name>
         <load_address>0x200046e0</load_address>
         <run_address>0x200046e0</run_address>
         <size>0x10</size>
         <input_file_ref idref="fl-f2"/>
      </object_component>
      <object_component id="oc-432">
         <name>.data</name>
         <load_address>0x20004740</load_address>
         <run_address>0x20004740</run_address>
         <size>0x2</size>
         <input_file_ref idref="fl-f7"/>
      </object_component>
      <object_component id="oc-6c8">
         <name>.data</name>
         <load_address>0x2000470c</load_address>
         <run_address>0x2000470c</run_address>
         <size>0xc</size>
         <input_file_ref idref="fl-fb"/>
      </object_component>
      <object_component id="oc-2ff">
         <name>.data</name>
         <load_address>0x200046f0</load_address>
         <run_address>0x200046f0</run_address>
         <size>0x10</size>
         <input_file_ref idref="fl-fc"/>
      </object_component>
      <object_component id="oc-6bf">
         <name>.data</name>
         <load_address>0x200045e0</load_address>
         <run_address>0x200045e0</run_address>
         <size>0x3c</size>
         <input_file_ref idref="fl-101"/>
      </object_component>
      <object_component id="oc-713">
         <name>.data</name>
         <load_address>0x20004718</load_address>
         <run_address>0x20004718</run_address>
         <size>0xc</size>
         <input_file_ref idref="fl-104"/>
      </object_component>
      <object_component id="oc-6ca">
         <name>.data</name>
         <load_address>0x2000473c</load_address>
         <run_address>0x2000473c</run_address>
         <size>0x4</size>
         <input_file_ref idref="fl-10"/>
      </object_component>
      <object_component id="oc-300">
         <name>.data:$O3$$</name>
         <load_address>0x2000461c</load_address>
         <run_address>0x2000461c</run_address>
         <size>0x2c</size>
         <input_file_ref idref="fl-b"/>
      </object_component>
      <object_component id="oc-45e">
         <name>.data:$O4$$</name>
         <load_address>0x20004724</load_address>
         <run_address>0x20004724</run_address>
         <size>0x8</size>
         <input_file_ref idref="fl-c"/>
      </object_component>
      <object_component id="oc-30c">
         <name>.data:$O5$$</name>
         <load_address>0x20004734</load_address>
         <run_address>0x20004734</run_address>
         <size>0x4</size>
         <input_file_ref idref="fl-e"/>
      </object_component>
      <object_component id="oc-310">
         <name>.data:$O7$$</name>
         <load_address>0x200044a4</load_address>
         <run_address>0x200044a4</run_address>
         <size>0x7c</size>
         <input_file_ref idref="fl-11"/>
      </object_component>
      <object_component id="oc-313">
         <name>.data:$O9$$</name>
         <load_address>0x200043d8</load_address>
         <run_address>0x200043d8</run_address>
         <size>0xcc</size>
         <input_file_ref idref="fl-14"/>
      </object_component>
      <object_component id="oc-6f3">
         <name>.bss</name>
         <uninitialized>true</uninitialized>
         <run_address>0x2000488c</run_address>
         <size>0x4</size>
         <input_file_ref idref="fl-e4"/>
      </object_component>
      <object_component id="oc-6d3">
         <name>.bss</name>
         <uninitialized>true</uninitialized>
         <run_address>0x20004894</run_address>
         <size>0x4</size>
         <input_file_ref idref="fl-e9"/>
      </object_component>
      <object_component id="oc-6d2">
         <name>.bss</name>
         <uninitialized>true</uninitialized>
         <run_address>0x20004890</run_address>
         <size>0x4</size>
         <input_file_ref idref="fl-e9"/>
      </object_component>
      <object_component id="oc-53c">
         <name>.bss</name>
         <uninitialized>true</uninitialized>
         <run_address>0x20004898</run_address>
         <size>0x4</size>
         <input_file_ref idref="fl-ea"/>
      </object_component>
      <object_component id="oc-711">
         <name>.bss</name>
         <uninitialized>true</uninitialized>
         <run_address>0x2000488a</run_address>
         <size>0x2</size>
         <input_file_ref idref="fl-eb"/>
      </object_component>
      <object_component id="oc-6f9">
         <name>.bss</name>
         <uninitialized>true</uninitialized>
         <run_address>0x2000489c</run_address>
         <size>0x4</size>
         <input_file_ref idref="fl-ee"/>
      </object_component>
      <object_component id="oc-6f0">
         <name>.bss</name>
         <uninitialized>true</uninitialized>
         <run_address>0x200048a0</run_address>
         <size>0x4</size>
         <input_file_ref idref="fl-ef"/>
      </object_component>
      <object_component id="oc-5e9">
         <name>.bss</name>
         <uninitialized>true</uninitialized>
         <run_address>0x200048b4</run_address>
         <size>0x2</size>
         <input_file_ref idref="fl-f0"/>
      </object_component>
      <object_component id="oc-5e7">
         <name>.bss</name>
         <uninitialized>true</uninitialized>
         <run_address>0x2000486c</run_address>
         <size>0x8</size>
         <input_file_ref idref="fl-f0"/>
      </object_component>
      <object_component id="oc-5eb">
         <name>.bss</name>
         <uninitialized>true</uninitialized>
         <run_address>0x20004874</run_address>
         <size>0x8</size>
         <input_file_ref idref="fl-f2"/>
      </object_component>
      <object_component id="oc-5ec">
         <name>.bss</name>
         <uninitialized>true</uninitialized>
         <run_address>0x200048a4</run_address>
         <size>0x4</size>
         <input_file_ref idref="fl-f2"/>
      </object_component>
      <object_component id="oc-5f4">
         <name>.bss</name>
         <uninitialized>true</uninitialized>
         <run_address>0x200047ec</run_address>
         <size>0x20</size>
         <input_file_ref idref="fl-f2"/>
      </object_component>
      <object_component id="oc-6c9">
         <name>.bss</name>
         <uninitialized>true</uninitialized>
         <run_address>0x20004824</run_address>
         <size>0x10</size>
         <input_file_ref idref="fl-f4"/>
      </object_component>
      <object_component id="oc-431">
         <name>.bss</name>
         <uninitialized>true</uninitialized>
         <run_address>0x200048b8</run_address>
         <size>0x1</size>
         <input_file_ref idref="fl-f6"/>
      </object_component>
      <object_component id="oc-430">
         <name>.bss</name>
         <uninitialized>true</uninitialized>
         <run_address>0x2000487c</run_address>
         <size>0x8</size>
         <input_file_ref idref="fl-f7"/>
      </object_component>
      <object_component id="oc-42f">
         <name>.bss</name>
         <uninitialized>true</uninitialized>
         <run_address>0x200047bc</run_address>
         <size>0x30</size>
         <input_file_ref idref="fl-f7"/>
      </object_component>
      <object_component id="oc-6af">
         <name>.bss</name>
         <uninitialized>true</uninitialized>
         <run_address>0x200048b9</run_address>
         <size>0x1</size>
         <input_file_ref idref="fl-f8"/>
      </object_component>
      <object_component id="oc-4dd">
         <name>.bss</name>
         <uninitialized>true</uninitialized>
         <run_address>0x20004784</run_address>
         <size>0x38</size>
         <input_file_ref idref="fl-f9"/>
      </object_component>
      <object_component id="oc-4da">
         <name>.bss</name>
         <uninitialized>true</uninitialized>
         <run_address>0x20004834</run_address>
         <size>0x10</size>
         <input_file_ref idref="fl-fe"/>
      </object_component>
      <object_component id="oc-70f">
         <name>.bss</name>
         <uninitialized>true</uninitialized>
         <run_address>0x200048b6</run_address>
         <size>0x2</size>
         <input_file_ref idref="fl-100"/>
      </object_component>
      <object_component id="oc-6c0">
         <name>.bss</name>
         <uninitialized>true</uninitialized>
         <run_address>0x2000480c</run_address>
         <size>0x18</size>
         <input_file_ref idref="fl-101"/>
      </object_component>
      <object_component id="oc-6c1">
         <name>.bss</name>
         <uninitialized>true</uninitialized>
         <run_address>0x200048ba</run_address>
         <size>0x1</size>
         <input_file_ref idref="fl-101"/>
[...]
         <value>0x20004834</value>
         <object_component_ref idref="oc-4da"/>
      </symbol>
      <symbol id="sm-11ae">
         <name>maxQueuedPdu</name>
         <value>0x20004836</value>
         <object_component_ref idref="oc-4da"/>
      </symbol>
      <symbol id="sm-11af">
         <name>rfFeModeBias</name>
         <value>0x20004835</value>
         <object_component_ref idref="oc-4da"/>
      </symbol>
      <symbol id="sm-11b0">
         <name>sclkSrc</name>
         <value>0x20004840</value>
         <object_component_ref idref="oc-4da"/>
      </symbol>
      <symbol id="sm-11c5">
         <name>llActiveTask</name>
         <value>0x1b02f</value>
         <object_component_ref idref="oc-4ba"/>
      </symbol>
      <symbol id="sm-11c6">
         <name>llAllocTask</name>
         <value>0x1afb3</value>
         <object_component_ref idref="oc-4ba"/>
      </symbol>
      <symbol id="sm-11c7">
         <name>llGetTask</name>
         <value>0x1b065</value>
         <object_component_ref idref="oc-4ba"/>
      </symbol>
      <symbol id="sm-11c8">
         <name>llGetTaskState</name>
         <value>0x1b00d</value>
         <object_component_ref idref="oc-4ba"/>
      </symbol>
      <symbol id="sm-11c9">
         <name>llScheduleTask</name>
         <value>0x1b095</value>
         <object_component_ref idref="oc-4ba"/>
      </symbol>
      <symbol id="sm-11ca">
         <name>llSchedulerInit</name>
         <value>0x1af81</value>
         <object_component_ref idref="oc-4ba"/>
      </symbol>
      <symbol id="sm-11f2">
         <name>llProcessSlaveControlProcedures</name>
         <value>0x13d3f</value>
         <object_component_ref idref="oc-641"/>
      </symbol>
      <symbol id="sm-11f3">
         <name>llSetupNextSlaveEvent</name>
         <value>0x13a73</value>
         <object_component_ref idref="oc-641"/>
      </symbol>
      <symbol id="sm-11f4">
         <name>llSlave_TaskEnd</name>
         <value>0x138b9</value>
         <object_component_ref idref="oc-641"/>
      </symbol>
      <symbol id="sm-128a">
         <name>LL_PM_Enter_AES</name>
         <value>0x15495</value>
         <object_component_ref idref="oc-465"/>
      </symbol>
      <symbol id="sm-128b">
         <name>LL_PM_Exit_AES</name>
         <value>0x154a7</value>
         <object_component_ref idref="oc-465"/>
      </symbol>
      <symbol id="sm-128c">
         <name>LL_PM_ForceSysBusThroughRF</name>
         <value>0x14e79</value>
         <object_component_ref idref="oc-465"/>
      </symbol>
      <symbol id="sm-128d">
         <name>LL_PM_GetRfCoreState</name>
         <value>0x1524d</value>
         <object_component_ref idref="oc-465"/>
      </symbol>
      <symbol id="sm-128e">
         <name>LL_PM_Init</name>
         <value>0x151df</value>
         <object_component_ref idref="oc-465"/>
      </symbol>
      <symbol id="sm-128f">
         <name>LL_PM_InitRadioSetupCmd</name>
         <value>0x14e81</value>
         <object_component_ref idref="oc-465"/>
      </symbol>
      <symbol id="sm-1290">
         <name>LL_PM_PowerCycleRadio</name>
         <value>0x1536f</value>
         <object_component_ref idref="oc-465"/>
      </symbol>
      <symbol id="sm-1291">
         <name>LL_PM_PowerOffRfCore</name>
         <value>0x150a3</value>
         <object_component_ref idref="oc-465"/>
      </symbol>
      <symbol id="sm-1292">
         <name>LL_PM_PowerOffRfCoreOptimize</name>
         <value>0x15107</value>
         <object_component_ref idref="oc-465"/>
      </symbol>
      <symbol id="sm-1293">
         <name>LL_PM_PowerOnReq</name>
         <value>0x153e1</value>
         <object_component_ref idref="oc-465"/>
      </symbol>
      <symbol id="sm-1294">
         <name>LL_PM_PowerOnRfCore</name>
         <value>0x1502d</value>
         <object_component_ref idref="oc-465"/>
      </symbol>
      <symbol id="sm-1295">
         <name>LL_PM_PowerOnRfCoreOptimize</name>
         <value>0x14f37</value>
         <object_component_ref idref="oc-465"/>
      </symbol>
      <symbol id="sm-1296">
         <name>LL_PM_RFCmdDoneEventCallback</name>
         <value>0x20004614</value>
         <object_component_ref idref="oc-6bf"/>
      </symbol>
      <symbol id="sm-1297">
         <name>LL_PM_ShutdownFS</name>
         <value>0x150cf</value>
         <object_component_ref idref="oc-465"/>
      </symbol>
      <symbol id="sm-1298">
         <name>LL_PM_StartRfTask</name>
         <value>0x15263</value>
         <object_component_ref idref="oc-465"/>
      </symbol>
      <symbol id="sm-1299">
         <name>LL_PM_StopCurTaskTimer</name>
         <value>0x15331</value>
         <object_component_ref idref="oc-465"/>
      </symbol>
      <symbol id="sm-12f9">
         <name>SM_CalcRandomAddr</name>
         <value>0x13ffd</value>
         <object_component_ref idref="oc-4f9"/>
      </symbol>
      <symbol id="sm-12fa">
         <name>SM_Encrypt</name>
         <value>0x1407d</value>
         <object_component_ref idref="oc-4f9"/>
      </symbol>
      <symbol id="sm-12fb">
         <name>SM_GenerateAuthenSig</name>
         <value>0x14371</value>
         <object_component_ref idref="oc-4f9"/>
      </symbol>
      <symbol id="sm-12fc">
         <name>SM_NewRandKey</name>
         <value>0x13fcd</value>
         <object_component_ref idref="oc-4f9"/>
      </symbol>
      <symbol id="sm-12fd">
         <name>SM_ResolveRandomAddrs</name>
         <value>0x1402f</value>
         <object_component_ref idref="oc-4f9"/>
      </symbol>
      <symbol id="sm-12fe">
         <name>SM_VerifyAuthenSig</name>
         <value>0x1440b</value>
         <object_component_ref idref="oc-4f9"/>
      </symbol>
      <symbol id="sm-12ff">
         <name>smAuthReqToUint8</name>
         <value>0x14313</value>
         <object_component_ref idref="oc-4f9"/>
      </symbol>
      <symbol id="sm-1300">
         <name>smGenerateRandBuf</name>
         <value>0x142ed</value>
         <object_component_ref idref="oc-4f9"/>
      </symbol>
      <symbol id="sm-1301">
         <name>smInProcess</name>
         <value>0x1414b</value>
         <object_component_ref idref="oc-4f9"/>
      </symbol>
      <symbol id="sm-1302">
         <name>smProcessRandComplete</name>
         <value>0x140bb</value>
         <object_component_ref idref="oc-4f9"/>
      </symbol>
      <symbol id="sm-1303">
         <name>smStartRspTimer</name>
         <value>0x14125</value>
         <object_component_ref idref="oc-4f9"/>
      </symbol>
      <symbol id="sm-1304">
         <name>smStopRspTimer</name>
         <value>0x14141</value>
         <object_component_ref idref="oc-4f9"/>
      </symbol>
      <symbol id="sm-1305">
         <name>smUint8ToAuthReq</name>
         <value>0x14333</value>
         <object_component_ref idref="oc-4f9"/>
      </symbol>
      <symbol id="sm-1306">
         <name>sm_ah</name>
         <value>0x1417f</value>
         <object_component_ref idref="oc-4f9"/>
      </symbol>
      <symbol id="sm-1307">
         <name>sm_c1new</name>
         <value>0x141df</value>
         <object_component_ref idref="oc-4f9"/>
      </symbol>
      <symbol id="sm-1308">
         <name>sm_d1</name>
         <value>0x1415d</value>
         <object_component_ref idref="oc-4f9"/>
      </symbol>
      <symbol id="sm-1309">
         <name>sm_dm</name>
         <value>0x141b5</value>
         <object_component_ref idref="oc-4f9"/>
      </symbol>
      <symbol id="sm-130a">
         <name>sm_s1</name>
         <value>0x142ad</value>
         <object_component_ref idref="oc-4f9"/>
      </symbol>
      <symbol id="sm-1360">
         <name>SM_PasskeyUpdate</name>
         <value>0x131e3</value>
         <object_component_ref idref="oc-53d"/>
      </symbol>
      <symbol id="sm-1361">
         <name>SM_StartPairing</name>
         <value>0x1315d</value>
         <object_component_ref idref="oc-53d"/>
      </symbol>
      <symbol id="sm-1362">
         <name>pPairingParams</name>
         <value>0x20004850</value>
         <object_component_ref idref="oc-55d"/>
      </symbol>
      <symbol id="sm-1363">
         <name>pfnResponderCBs</name>
         <value>0x20004854</value>
         <object_component_ref idref="oc-55d"/>
      </symbol>
      <symbol id="sm-1364">
         <name>smDetermineKeySize</name>
         <value>0x13817</value>
         <object_component_ref idref="oc-53d"/>
      </symbol>
      <symbol id="sm-1365">
         <name>smEndPairing</name>
         <value>0x137e7</value>
         <object_component_ref idref="oc-53d"/>
      </symbol>
      <symbol id="sm-1366">
         <name>smGenerateConfirm</name>
         <value>0x1357b</value>
         <object_component_ref idref="oc-53d"/>
      </symbol>
      <symbol id="sm-1367">
         <name>smGeneratePairingReqRsp</name>
         <value>0x1354f</value>
         <object_component_ref idref="oc-53d"/>
      </symbol>
      <symbol id="sm-1368">
         <name>smGenerateRandMsg</name>
         <value>0x13593</value>
         <object_component_ref idref="oc-53d"/>
      </symbol>
      <symbol id="sm-1369">
         <name>smLinkCheck</name>
         <value>0x1326d</value>
         <object_component_ref idref="oc-53d"/>
      </symbol>
      <symbol id="sm-136a">
         <name>smNextPairingState</name>
         <value>0x1341b</value>
         <object_component_ref idref="oc-53d"/>
      </symbol>
      <symbol id="sm-136b">
         <name>smPairingSendEncInfo</name>
         <value>0x1373b</value>
         <object_component_ref idref="oc-53d"/>
      </symbol>
      <symbol id="sm-136c">
         <name>smPairingSendIdentityAddrInfo</name>
         <value>0x13773</value>
         <object_component_ref idref="oc-53d"/>
      </symbol>
      <symbol id="sm-136d">
         <name>smPairingSendIdentityInfo</name>
         <value>0x13769</value>
         <object_component_ref idref="oc-53d"/>
      </symbol>
      <symbol id="sm-136e">
         <name>smPairingSendMasterID</name>
         <value>0x13741</value>
         <object_component_ref idref="oc-53d"/>
      </symbol>
      <symbol id="sm-136f">
         <name>smPairingSendSingingInfo</name>
         <value>0x13797</value>
         <object_component_ref idref="oc-53d"/>
      </symbol>
      <symbol id="sm-1370">
         <name>smProcessDataMsg</name>
         <value>0x13289</value>
         <object_component_ref idref="oc-53d"/>
      </symbol>
      <symbol id="sm-1371">
         <name>smProcessEncryptChange</name>
         <value>0x13371</value>
         <object_component_ref idref="oc-53d"/>
      </symbol>
      <symbol id="sm-1372">
         <name>smProcessPairingReq</name>
         <value>0x134e1</value>
         <object_component_ref idref="oc-53d"/>
      </symbol>
      <symbol id="sm-1373">
         <name>smRegisterInitiator</name>
         <value>0x1325d</value>
         <object_component_ref idref="oc-53d"/>
      </symbol>
      <symbol id="sm-1374">
         <name>smRegisterResponder</name>
         <value>0x13265</value>
         <object_component_ref idref="oc-53d"/>
      </symbol>
      <symbol id="sm-1375">
         <name>smSavePairInfo</name>
         <value>0x135bd</value>
         <object_component_ref idref="oc-53d"/>
      </symbol>
      <symbol id="sm-1376">
         <name>smSendFailAndEnd</name>
         <value>0x13355</value>
         <object_component_ref idref="oc-53d"/>
      </symbol>
      <symbol id="sm-1377">
         <name>smStartEncryption</name>
         <value>0x13535</value>
         <object_component_ref idref="oc-53d"/>
      </symbol>
      <symbol id="sm-1378">
         <name>smTimedOut</name>
         <value>0x13285</value>
         <object_component_ref idref="oc-53d"/>
      </symbol>
      <symbol id="sm-1379">
         <name>sm_c1</name>
         <value>0x1344b</value>
         <object_component_ref idref="oc-53d"/>
      </symbol>
      <symbol id="sm-139b">
         <name>SM_ResponderInit</name>
         <value>0x16d89</value>
         <object_component_ref idref="oc-67d"/>
      </symbol>
      <symbol id="sm-139c">
         <name>smpResponderProcessPairingReq</name>
         <value>0x17049</value>
         <object_component_ref idref="oc-67d"/>
      </symbol>
      <symbol id="sm-13ac">
         <name>SM_Init</name>
         <value>0x1b1c5</value>
         <object_component_ref idref="oc-2aa"/>
      </symbol>
      <symbol id="sm-13ad">
         <name>SM_ProcessEvent</name>
         <value>0x1b1e1</value>
         <object_component_ref idref="oc-2aa"/>
      </symbol>
      <symbol id="sm-13ae">
         <name>smTaskID</name>
         <value>0x200048bb</value>
         <object_component_ref idref="oc-55c"/>
      </symbol>
      <symbol id="sm-13e6">
         <name>smSendSMMsg</name>
         <value>0x18433</value>
         <object_component_ref idref="oc-6d6"/>
      </symbol>
      <symbol id="sm-13e7">
         <name>smpBuildEncInfo</name>
         <value>0x18301</value>
         <object_component_ref idref="oc-6d6"/>
      </symbol>
      <symbol id="sm-13e8">
         <name>smpBuildIdentityAddrInfo</name>
         <value>0x18383</value>
         <object_component_ref idref="oc-6d6"/>
      </symbol>
      <symbol id="sm-13e9">
         <name>smpBuildIdentityInfo</name>
         <value>0x18371</value>
         <object_component_ref idref="oc-6d6"/>
      </symbol>
      <symbol id="sm-13ea">
         <name>smpBuildMasterID</name>
         <value>0x18329</value>
         <object_component_ref idref="oc-6d6"/>
      </symbol>
      <symbol id="sm-13eb">
         <name>smpBuildPairingConfirm</name>
         <value>0x1826b</value>
         <object_component_ref idref="oc-6d6"/>
      </symbol>
      <symbol id="sm-13ec">
         <name>smpBuildPairingFailed</name>
         <value>0x182cb</value>
         <object_component_ref idref="oc-6d6"/>
      </symbol>
      <symbol id="sm-13ed">
         <name>smpBuildPairingRandom</name>
         <value>0x18293</value>
         <object_component_ref idref="oc-6d6"/>
      </symbol>
      <symbol id="sm-13ee">
         <name>smpBuildPairingReq</name>
         <value>0x180e1</value>
         <object_component_ref idref="oc-6d6"/>
      </symbol>
      <symbol id="sm-13ef">
         <name>smpBuildPairingReqRsp</name>
         <value>0x180ef</value>
         <object_component_ref idref="oc-6d6"/>
      </symbol>
      <symbol id="sm-13f0">
         <name>smpBuildPairingRsp</name>
         <value>0x180e9</value>
         <object_component_ref idref="oc-6d6"/>
      </symbol>
      <symbol id="sm-13f1">
         <name>smpBuildSecurityReq</name>
         <value>0x183fb</value>
         <object_component_ref idref="oc-6d6"/>
      </symbol>
      <symbol id="sm-13f2">
         <name>smpBuildSigningInfo</name>
         <value>0x183d3</value>
         <object_component_ref idref="oc-6d6"/>
      </symbol>
      <symbol id="sm-13f3">
         <name>smpParseEncInfo</name>
         <value>0x18313</value>
         <object_component_ref idref="oc-6d6"/>
      </symbol>
      <symbol id="sm-13f4">
         <name>smpParseIdentityAddrInfo</name>
         <value>0x183b7</value>
         <object_component_ref idref="oc-6d6"/>
      </symbol>
      <symbol id="sm-13f5">
         <name>smpParseIdentityInfo</name>
         <value>0x183a1</value>
         <object_component_ref idref="oc-6d6"/>
      </symbol>
      <symbol id="sm-13f6">
         <name>smpParseMasterID</name>
         <value>0x1834d</value>
         <object_component_ref idref="oc-6d6"/>
      </symbol>
      <symbol id="sm-13f7">
         <name>smpParsePairingConfirm</name>
         <value>0x1827d</value>
         <object_component_ref idref="oc-6d6"/>
      </symbol>
      <symbol id="sm-13f8">
         <name>smpParsePairingFailed</name>
         <value>0x182e3</value>
         <object_component_ref idref="oc-6d6"/>
      </symbol>
      <symbol id="sm-13f9">
         <name>smpParsePairingRandom</name>
         <value>0x182b5</value>
         <object_component_ref idref="oc-6d6"/>
      </symbol>
      <symbol id="sm-13fa">
         <name>smpParsePairingReq</name>
         <value>0x18197</value>
         <object_component_ref idref="oc-6d6"/>
      </symbol>
      <symbol id="sm-13fb">
         <name>smpParseSecurityReq</name>
         <value>0x18417</value>
         <object_component_ref idref="oc-6d6"/>
      </symbol>
      <symbol id="sm-13fc">
         <name>smpParseSigningInfo</name>
         <value>0x183e5</value>
         <object_component_ref idref="oc-6d6"/>
      </symbol>
      <symbol id="sm-1411">
         <name>HCI_ExtTaskRegister</name>
         <value>0x1b6c5</value>
         <object_component_ref idref="oc-293"/>
      </symbol>
      <symbol id="sm-1412">
         <name>HCI_GAPTaskRegister</name>
         <value>0x1b6b3</value>
         <object_component_ref idref="oc-293"/>
      </symbol>
      <symbol id="sm-1413">
         <name>HCI_Init</name>
         <value>0x1b65d</value>
         <object_component_ref idref="oc-293"/>
      </symbol>
      <symbol id="sm-1414">
         <name>HCI_L2CAPTaskRegister</name>
         <value>0x1b6b9</value>
         <object_component_ref idref="oc-293"/>
      </symbol>
      <symbol id="sm-1415">
         <name>HCI_ProcessEvent</name>
         <value>0x1b67b</value>
         <object_component_ref idref="oc-293"/>
      </symbol>
      <symbol id="sm-1416">
         <name>HCI_SMPTaskRegister</name>
         <value>0x1b6bf</value>
         <object_component_ref idref="oc-293"/>
      </symbol>
      <symbol id="sm-1417">
         <name>HCI_TestAppTaskRegister</name>
         <value>0x1b6ad</value>
         <object_component_ref idref="oc-293"/>
      </symbol>
      <symbol id="sm-1418">
         <name>hciExtTaskID</name>
         <value>0x20004889</value>
         <object_component_ref idref="oc-4dc"/>
      </symbol>
      <symbol id="sm-1419">
         <name>hciGapTaskID</name>
         <value>0x20004886</value>
         <object_component_ref idref="oc-4dc"/>
      </symbol>
      <symbol id="sm-141a">
         <name>hciL2capTaskID</name>
         <value>0x20004887</value>
         <object_component_ref idref="oc-4dc"/>
      </symbol>
      <symbol id="sm-141b">
         <name>hciSmpTaskID</name>
         <value>0x20004888</value>
         <object_component_ref idref="oc-4dc"/>
      </symbol>
      <symbol id="sm-141c">
         <name>hciTaskID</name>
         <value>0x20004884</value>
         <object_component_ref idref="oc-4dc"/>
      </symbol>
      <symbol id="sm-141d">
         <name>hciTestTaskID</name>
         <value>0x20004885</value>
         <object_component_ref idref="oc-4dc"/>
      </symbol>
      <symbol id="sm-142f">
         <name>NOROM_CPUcpsie</name>
         <value>0x1bb3f</value>
         <object_component_ref idref="oc-706"/>
      </symbol>
      <symbol id="sm-1430">
         <name>NOROM_CPUcpsid</name>
         <value>0x1bb33</value>
         <object_component_ref idref="oc-700"/>
      </symbol>
      <symbol id="sm-1431">
         <name>__TI_static_base__</name>
         <value>0x1c6c8</value>
      </symbol>
      <symbol id="sm-1436">
         <name>SHT$$INIT_ARRAY$$Limit</name>
         <value>0x0</value>
      </symbol>
      <symbol id="sm-1437">
         <name>SHT$$INIT_ARRAY$$Base</name>
         <value>0x0</value>
      </symbol>
   </symbol_table>
   <title>Link successful</title>
</link_info>
