******************************************************************************
                  TI ARM Linker PC v16.6.0                     
******************************************************************************
>> Linked Fri Mar 03 21:41:00 2017

OUTPUT FILE NAME:   <multi_role.out>
ENTRY POINT SYMBOL: "ResetISR"  address: 00005e95


MEMORY CONFIGURATION

         name            origin    length      used     unused   attr    fill
----------------------  --------  ---------  --------  --------  ----  --------
  FLASH                 00000000   0000cfff  00007f1f  000050e0  R  X
  FLASH_LAST_PAGE       0001f000   00001000  00000058  00000fa8  R  X
  SRAM                  20000000   00004477  0000397f  00000af8  RW X


SEGMENT ALLOCATION MAP

run origin  load origin   length   init length attrs members
----------  ----------- ---------- ----------- ----- -------
00000000    00000000    00007f28   00007f28    r-x
  00000000    00000000    0000003c   0000003c    r-- .resetVecs
  0000003c    0000003c    000000c4   000000c4    r-x .text.1
  00000100    00000100    0000003c   0000003c    r-- .const:ti_sysbios_knl_Task_Object__PARAMS__C
  0000013c    0000013c    00000034   00000034    r-- .const:ti_sysbios_knl_Mailbox_Object__PARAMS__C
  00000170    00000170    00000030   00000030    r-- .const:ti_sysbios_family_arm_m3_Hwi_Object__PARAMS__C
  000001a0    000001a0    0000002c   0000002c    r-- .const:ti_sysbios_hal_Hwi_Object__PARAMS__C
  000001cc    000001cc    00000028   00000028    r-- .const:ti_sysbios_heaps_HeapMem_Module__FXNS__C
  000001f4    000001f4    00000028   00000028    r-- .const:ti_sysbios_knl_Swi_Object__PARAMS__C
  0000021c    0000021c    00000024   00000024    r-- .const:ti_sysbios_gates_GateHwi_Module__FXNS__C
  00000240    00000240    00000024   00000024    r-- .const:ti_sysbios_gates_GateMutex_Module__FXNS__C
  00000264    00000264    00000024   00000024    r-- .const:ti_sysbios_heaps_HeapMem_Object__PARAMS__C
  00000288    00000288    00000024   00000024    r-- .const:ti_sysbios_knl_Clock_Object__PARAMS__C
  000002ac    000002ac    00000024   00000024    r-- .const:ti_sysbios_knl_Semaphore_Object__PARAMS__C
  000002d0    000002d0    00000020   00000020    r-- .const:ti_sysbios_family_arm_m3_Hwi_Object__DESC__C
  000002f0    000002f0    00000020   00000020    r-- .const:ti_sysbios_gates_GateHwi_Object__DESC__C
  00000310    00000310    00000020   00000020    r-- .const:ti_sysbios_gates_GateMutex_Object__DESC__C
  00000330    00000330    00000020   00000020    r-- .const:ti_sysbios_hal_Hwi_Object__DESC__C
  00000350    00000350    00000020   00000020    r-- .const:ti_sysbios_heaps_HeapMem_Object__DESC__C
  00000370    00000370    00000020   00000020    r-- .const:ti_sysbios_knl_Clock_Object__DESC__C
  00000390    00000390    00000020   00000020    r-- .const:ti_sysbios_knl_Mailbox_Object__DESC__C
  000003b0    000003b0    00000020   00000020    r-- .const:ti_sysbios_knl_Queue_Object__DESC__C
  000003d0    000003d0    00000020   00000020    r-- .const:ti_sysbios_knl_Semaphore_Object__DESC__C
  000003f0    000003f0    00000020   00000020    r-- .const:ti_sysbios_knl_Swi_Object__DESC__C
  00000410    00000410    00000020   00000020    r-- .const:ti_sysbios_knl_Task_Object__DESC__C
  00000430    00000430    00000018   00000018    r-- .const:ti_sysbios_gates_GateHwi_Object__PARAMS__C
  00000448    00000448    00000018   00000018    r-- .const:ti_sysbios_gates_GateMutex_Object__PARAMS__C
  00000460    00000460    00000018   00000018    r-- .const:ti_sysbios_knl_Queue_Object__PARAMS__C
  00000478    00000478    00000008   00000008    r-- .const:ti_sysbios_knl_Idle_funcList__C
  00000480    00000480    00000004   00000004    r-x .text.2
  00000484    00000484    00000004   00000004    r-- .const:ti_sysbios_family_arm_cc26xx_Timer_startupNeeded__C
  00000488    00000488    00000004   00000004    r-- .const:ti_sysbios_family_arm_m3_Hwi_E_alreadyDefined__C
  0000048c    0000048c    00000004   00000004    r-- .const:ti_sysbios_family_arm_m3_Hwi_E_hwiLimitExceeded__C
  00000490    00000490    00000004   00000004    r-- .const:ti_sysbios_family_arm_m3_Hwi_NUM_INTERRUPTS__C
  00000494    00000494    00000004   00000004    r-- .const:ti_sysbios_family_arm_m3_Hwi_Object__count__C
  00000498    00000498    00000004   00000004    r-- .const:ti_sysbios_family_arm_m3_Hwi_Object__table__C
  0000049c    0000049c    00000004   00000004    r-- .const:ti_sysbios_family_arm_m3_Hwi_ccr__C
  000004a0    000004a0    00000004   00000004    r-- .const:ti_sysbios_family_arm_m3_Hwi_excHandlerFunc__C
  000004a4    000004a4    00000004   00000004    r-- .const:ti_sysbios_family_arm_m3_Hwi_nullIsrFunc__C
  000004a8    000004a8    00000004   00000004    r-- .const:ti_sysbios_family_arm_m3_Hwi_numSparseInterrupts__C
  000004ac    000004ac    00000004   00000004    r-- .const:ti_sysbios_family_arm_m3_Hwi_priGroup__C
  000004b0    000004b0    00000004   00000004    r-- .const:ti_sysbios_family_arm_m3_TaskSupport_stackAlignment__C
  000004b4    000004b4    00000004   00000004    r-- .const:ti_sysbios_heaps_HeapMem_E_memory__C
  000004b8    000004b8    00000004   00000004    r-- .const:ti_sysbios_heaps_HeapMem_Module__gateObj__C
  000004bc    000004bc    00000004   00000004    r-- .const:ti_sysbios_heaps_HeapMem_Object__count__C
  000004c0    000004c0    00000004   00000004    r-- .const:ti_sysbios_heaps_HeapMem_Object__table__C
  000004c4    000004c4    00000004   00000004    r-- .const:ti_sysbios_heaps_HeapMem_reqAlign__C
  000004c8    000004c8    00000004   00000004    r-- .const:ti_sysbios_knl_Clock_serviceMargin__C
  000004cc    000004cc    00000004   00000004    r-- .const:ti_sysbios_knl_Mailbox_Object__count__C
  000004d0    000004d0    00000004   00000004    r-- .const:ti_sysbios_knl_Mailbox_Object__table__C
  000004d4    000004d4    00000004   00000004    r-- .const:ti_sysbios_knl_Queue_Object__count__C
  000004d8    000004d8    00000004   00000004    r-- .const:ti_sysbios_knl_Queue_Object__table__C
  000004dc    000004dc    00000004   00000004    r-- .const:ti_sysbios_knl_Swi_Object__count__C
  000004e0    000004e0    00000004   00000004    r-- .const:ti_sysbios_knl_Swi_Object__table__C
  000004e4    000004e4    00000004   00000004    r-- .const:ti_sysbios_knl_Swi_numPriorities__C
  000004e8    000004e8    00000004   00000004    r-- .const:ti_sysbios_knl_Task_Object__count__C
  000004ec    000004ec    00000004   00000004    r-- .const:ti_sysbios_knl_Task_Object__table__C
  000004f0    000004f0    00000004   00000004    r-- .const:ti_sysbios_knl_Task_allBlockedFunc__C
  000004f4    000004f4    00000004   00000004    r-- .const:ti_sysbios_knl_Task_defaultStackHeap__C
  000004f8    000004f8    00000004   00000004    r-- .const:ti_sysbios_knl_Task_defaultStackSize__C
  000004fc    000004fc    00000004   00000004    r-- .const:ti_sysbios_knl_Task_numConstructedTasks__C
  00000500    00000500    00000002   00000002    r-x .text.3
  00000502    00000502    00000002   00000002    r-- .const:ti_sysbios_family_arm_cc26xx_Timer_Module__id__C
  00000504    00000504    00000002   00000002    r-- .const:ti_sysbios_family_arm_cc26xx_TimestampProvider_useClockTimer__C
  00000506    00000506    00000002   00000002    r-- .const:ti_sysbios_family_arm_m3_Hwi_Module__id__C
  00000508    00000508    00000002   00000002    r-- .const:ti_sysbios_gates_GateHwi_Module__id__C
  0000050a    0000050a    00000002   00000002    r-- .const:ti_sysbios_gates_GateMutex_Module__id__C
  0000050c    0000050c    00000002   00000002    r-- .const:ti_sysbios_heaps_HeapMem_Module__id__C
  0000050e    0000050e    00000002   00000002    r-- .const:ti_sysbios_knl_Task_initStackFlag__C
  00000510    00000510    00000001   00000001    r-- .const:ti_sysbios_knl_Clock_tickMode__C
  00000514    00000514    00000008   00000008    r-- .const:xdc_runtime_Startup_firstFxns__C
  0000051c    0000051c    00000008   00000008    r-- .const:xdc_runtime_Startup_lastFxns__C
  00000524    00000524    00000004   00000004    r-- .const:xdc_runtime_Assert_E_assertFailed__C
  00000528    00000528    00000004   00000004    r-- .const:xdc_runtime_Error_E_memory__C
  0000052c    0000052c    00000004   00000004    r-- .const:xdc_runtime_Error_policyFxn__C
  00000530    00000530    00000004   00000004    r-- .const:xdc_runtime_IGateProvider_Interface__BASE__C
  00000534    00000534    00000004   00000004    r-- .const:xdc_runtime_IHeap_Interface__BASE__C
  00000538    00000538    00000004   00000004    r-- .const:xdc_runtime_IModule_Interface__BASE__C
  0000053c    0000053c    00000004   00000004    r-- .const:xdc_runtime_Main_Module__diagsEnabled__C
  00000540    00000540    00000004   00000004    r-- .const:xdc_runtime_Main_Module__diagsIncluded__C
  00000544    00000544    00000004   00000004    r-- .const:xdc_runtime_Main_Module__diagsMask__C
  00000548    00000548    00000004   00000004    r-- .const:xdc_runtime_Memory_defaultHeapInstance__C
  0000054c    0000054c    00000004   00000004    r-- .const:xdc_runtime_Startup_execImpl__C
  00000550    00000550    00000004   00000004    r-- .const:xdc_runtime_Startup_maxPasses__C
  00000554    00000554    00000004   00000004    r-- .const:xdc_runtime_Startup_sfxnRts__C
  00000558    00000558    00000004   00000004    r-- .const:xdc_runtime_Startup_sfxnTab__C
  0000055c    0000055c    00000004   00000004    r-- .const:xdc_runtime_Startup_startModsFxn__C
  00000560    00000560    00000004   00000004    r-- .const:xdc_runtime_SysCallback_abortFxn__C
  00000564    00000564    00000004   00000004    r-- .const:xdc_runtime_SysCallback_exitFxn__C
  00000568    00000568    00000004   00000004    r-- .const:xdc_runtime_System_abortFxn__C
  0000056c    0000056c    00000004   00000004    r-- .const:xdc_runtime_System_exitFxn__C
  00000570    00000570    00000004   00000004    r-- .const:xdc_runtime_System_maxAtexitHandlers__C
  00000574    00000574    00000004   00000004    r-- .const:xdc_runtime_Text_charTab__C
  00000578    00000578    00000004   00000004    r-- .const:xdc_runtime_Text_nameEmpty__C
  0000057c    0000057c    00000004   00000004    r-- .const:xdc_runtime_Text_nameStatic__C
  00000580    00000580    00000004   00000004    r-- .const:xdc_runtime_Text_nameUnknown__C
  00000584    00000584    00000002   00000002    r-- .const:xdc_runtime_Main_Module__id__C
  00000586    00000586    00000002   00000002    r-- .const:xdc_runtime_Memory_Module__id__C
  00000588    00000588    00000002   00000002    r-- .const:xdc_runtime_Text_charCnt__C
  0000058a    0000058a    00000002   00000002    r-- .const:xdc_runtime_Text_isLoaded__C
  0000058c    0000058c    00000001   00000001    r-- .const:xdc_runtime_Error_policy__C
  00000590    00000590    00000004   00000004    r-- .const:ti_sysbios_rom_ROM_AONRTCChannelEnable
  00000594    00000594    00000004   00000004    r-- .const:ti_sysbios_rom_ROM_AONRTCCompareValueSet
  00000598    00000598    00000004   00000004    r-- .const:ti_sysbios_rom_ROM_AONRTCCurrentCompareValueGet
  0000059c    0000059c    00000004   00000004    r-- .const:ti_sysbios_rom_ROM_AONRTCEventClear
  000005a0    000005a0    00000004   00000004    r-- .const:ti_sysbios_rom_ROM_ti_sysbios_family_arm_cc26xx_Timer_getCount64__E
  000005a4    000005a4    00000004   00000004    r-- .const:ti_sysbios_rom_ROM_ti_sysbios_family_arm_cc26xx_Timer_getCurrentTick__E
  000005a8    000005a8    00000004   00000004    r-- .const:ti_sysbios_rom_ROM_ti_sysbios_family_arm_cc26xx_Timer_getMaxTicks__E
  000005ac    000005ac    00000004   00000004    r-- .const:ti_sysbios_rom_ROM_ti_sysbios_family_arm_cc26xx_Timer_initDevice__I
  000005b0    000005b0    00000004   00000004    r-- .const:ti_sysbios_rom_ROM_ti_sysbios_family_arm_cc26xx_Timer_setNextTick__E
  000005b4    000005b4    00000004   00000004    r-- .const:ti_sysbios_rom_ROM_ti_sysbios_family_arm_cc26xx_Timer_setThreshold__I
  000005b8    000005b8    00000004   00000004    r-- .const:ti_sysbios_rom_ROM_ti_sysbios_family_arm_cc26xx_Timer_start__E
  000005bc    000005bc    00000004   00000004    r-- .const:ti_sysbios_rom_ROM_ti_sysbios_family_arm_cc26xx_TimestampProvider_get32__E
  000005c0    000005c0    00000004   00000004    r-- .const:ti_sysbios_rom_ROM_xdc_runtime_Startup_getState__I
  000005c4    000005c4    00000004   00000004    r-- .const:ti_sysbios_rom_ROM_xdc_runtime_System_SupportProxy_abort__E
  000005c8    000005c8    00000004   00000004    r-- .const:ti_sysbios_rom_ROM_xdc_runtime_System_SupportProxy_exit__E
  000005cc    000005cc    00000004   00000004    r-- .const:ti_sysbios_gates_GateMutex_Instance_State_sem__O
  000005d0    000005d0    00000004   00000004    r-- .const:ti_sysbios_knl_Clock_Module_State_clockQ__O
  000005d4    000005d4    00000004   00000004    r-- .const:ti_sysbios_knl_Mailbox_Instance_State_dataQue__O
  000005d8    000005d8    00000004   00000004    r-- .const:ti_sysbios_knl_Mailbox_Instance_State_dataSem__O
  000005dc    000005dc    00000004   00000004    r-- .const:ti_sysbios_knl_Mailbox_Instance_State_freeQue__O
  000005e0    000005e0    00000004   00000004    r-- .const:ti_sysbios_knl_Mailbox_Instance_State_freeSem__O
  000005e4    000005e4    00000004   00000004    r-- .const:ti_sysbios_knl_Semaphore_Instance_State_pendQ__O
  000005e8    000005e8    00000004   00000004    r-- .const:ti_sysbios_knl_Task_Module_State_inactiveQ__O
  000005ec    000005ec    00006e70   00006e70    r-x .text.4
  0000745c    0000745c    000005f9   000005f9    r-- .const
  00007a58    00007a58    000004d0   000004d0    r-- .cinit
0001ffa8    0001ffa8    00000058   00000058    r--
  0001ffa8    0001ffa8    00000058   00000058    r-- .ccfg
20000000    20000000    000000c8   00000000    rw-
  20000000    20000000    000000c8   00000000    rw- .vecs
20000100    20000100    00000104   00000000    rw-
  20000100    20000100    00000044   00000000    rw- .data:ti_sysbios_knl_Task_Module__state__V
  20000144    20000144    00000034   00000000    rw- .data:ti_sysbios_family_arm_m3_Hwi_Module__state__V
  20000178    20000178    0000002c   00000000    rw- .data:ti_sysbios_knl_Clock_Module__state__V
  200001a4    200001a4    00000024   00000000    rw- .data:ti_sysbios_BIOS_Module__state__V
  200001c8    200001c8    0000001c   00000000    rw- .data:ti_sysbios_knl_Swi_Module__state__V
  200001e4    200001e4    00000008   00000000    rw- .data:ti_sysbios_family_arm_cc26xx_Timer_Module__state__V
  200001ec    200001ec    00000004   00000000    rw- .data:ti_sysbios_family_arm_cc26xx_TimestampProvider_Module__state__V
  200001f0    200001f0    00000008   00000000    rw- .data:xdc_runtime_Startup_Module__state__V
  200001f8    200001f8    00000008   00000000    rw- .data:xdc_runtime_System_Module__state__V
  20000200    20000200    00000004   00000000    rw- .data:xdc_runtime_Memory_Module__state__V
20000430    20000430    00000010   00000000    rw-
  20000430    20000430    00000010   00000000    rw- .TI.bound:dmaRxControlTableEntry0$9
20000440    20000440    00000010   00000000    rw-
  20000440    20000440    00000010   00000000    rw- .TI.bound:dmaTxControlTableEntry0$9
20000500    20000500    00000010   00000000    rw-
  20000500    20000500    00000010   00000000    rw- .TI.bound:dmaRxControlTableEntry1$9
20000510    20000510    00003388   00000000    rw-
  20000510    20000510    00000010   00000000    rw- .TI.bound:dmaTxControlTableEntry1$9
  20000520    20000520    00001e6b   00000000    rw- .bss
  20002390    20002390    00001508   00000000    rw- .data
20004074    20004074    00000400   00000000    rw-
  20004074    20004074    00000400   00000000    rw- .stack


SECTION ALLOCATION MAP

 output                                  attributes/
section   page    origin      length       input sections
--------  ----  ----------  ----------   ----------------
.resetVecs 
*          0    00000000    0000003c     
                  00000000    0000003c     appBLE_pem3.oem3 (.resetVecs)

.text.1    0    0000003c    000000c4     
                  0000003c    000000bc     util.obj (.text:Util_convertBdAddr2Str)
                  000000f8    00000006     UARTCC26XX.obj (.text:UARTCC26XX_readPolling)
                  000000fe    00000002     SPICC26XXDMA.obj (.text:SPICC26XXDMA_serviceISR$9)

.const:ti_sysbios_knl_Task_Object__PARAMS__C 
*          0    00000100    0000003c     
                  00000100    0000003c     appBLE_pem3.oem3 (.const:ti_sysbios_knl_Task_Object__PARAMS__C)

.const:ti_sysbios_knl_Mailbox_Object__PARAMS__C 
*          0    0000013c    00000034     
                  0000013c    00000034     appBLE_pem3.oem3 (.const:ti_sysbios_knl_Mailbox_Object__PARAMS__C)

.const:ti_sysbios_family_arm_m3_Hwi_Object__PARAMS__C 
*          0    00000170    00000030     
                  00000170    00000030     appBLE_pem3.oem3 (.const:ti_sysbios_family_arm_m3_Hwi_Object__PARAMS__C)

.const:ti_sysbios_hal_Hwi_Object__PARAMS__C 
*          0    000001a0    0000002c     
                  000001a0    0000002c     appBLE_pem3.oem3 (.const:ti_sysbios_hal_Hwi_Object__PARAMS__C)

.const:ti_sysbios_heaps_HeapMem_Module__FXNS__C 
*          0    000001cc    00000028     
                  000001cc    00000028     appBLE_pem3.oem3 (.const:ti_sysbios_heaps_HeapMem_Module__FXNS__C)

.const:ti_sysbios_knl_Swi_Object__PARAMS__C 
*          0    000001f4    00000028     
                  000001f4    00000028     appBLE_pem3.oem3 (.const:ti_sysbios_knl_Swi_Object__PARAMS__C)

.const:ti_sysbios_gates_GateHwi_Module__FXNS__C 
*          0    0000021c    00000024     
                  0000021c    00000024     appBLE_pem3.oem3 (.const:ti_sysbios_gates_GateHwi_Module__FXNS__C)

.const:ti_sysbios_gates_GateMutex_Module__FXNS__C 
*          0    00000240    00000024     
                  00000240    00000024     appBLE_pem3.oem3 (.const:ti_sysbios_gates_GateMutex_Module__FXNS__C)

.const:ti_sysbios_heaps_HeapMem_Object__PARAMS__C 
*          0    00000264    00000024     
                  00000264    00000024     appBLE_pem3.oem3 (.const:ti_sysbios_heaps_HeapMem_Object__PARAMS__C)

.const:ti_sysbios_knl_Clock_Object__PARAMS__C 
*          0    00000288    00000024     
                  00000288    00000024     appBLE_pem3.oem3 (.const:ti_sysbios_knl_Clock_Object__PARAMS__C)

.const:ti_sysbios_knl_Semaphore_Object__PARAMS__C 
*          0    000002ac    00000024     
                  000002ac    00000024     appBLE_pem3.oem3 (.const:ti_sysbios_knl_Semaphore_Object__PARAMS__C)

.const:ti_sysbios_family_arm_m3_Hwi_Object__DESC__C 
*          0    000002d0    00000020     
                  000002d0    00000020     appBLE_pem3.oem3 (.const:ti_sysbios_family_arm_m3_Hwi_Object__DESC__C)

.const:ti_sysbios_gates_GateHwi_Object__DESC__C 
*          0    000002f0    00000020     
                  000002f0    00000020     appBLE_pem3.oem3 (.const:ti_sysbios_gates_GateHwi_Object__DESC__C)

.const:ti_sysbios_gates_GateMutex_Object__DESC__C 
*          0    00000310    00000020     
                  00000310    00000020     appBLE_pem3.oem3 (.const:ti_sysbios_gates_GateMutex_Object__DESC__C)

.const:ti_sysbios_hal_Hwi_Object__DESC__C 
*          0    00000330    00000020     
                  00000330    00000020     appBLE_pem3.oem3 (.const:ti_sysbios_hal_Hwi_Object__DESC__C)

.const:ti_sysbios_heaps_HeapMem_Object__DESC__C 
*          0    00000350    00000020     
                  00000350    00000020     appBLE_pem3.oem3 (.const:ti_sysbios_heaps_HeapMem_Object__DESC__C)

.const:ti_sysbios_knl_Clock_Object__DESC__C 
*          0    00000370    00000020     
                  00000370    00000020     appBLE_pem3.oem3 (.const:ti_sysbios_knl_Clock_Object__DESC__C)

.const:ti_sysbios_knl_Mailbox_Object__DESC__C 
*          0    00000390    00000020     
                  00000390    00000020     appBLE_pem3.oem3 (.const:ti_sysbios_knl_Mailbox_Object__DESC__C)

.const:ti_sysbios_knl_Queue_Object__DESC__C 
*          0    000003b0    00000020     
                  000003b0    00000020     appBLE_pem3.oem3 (.const:ti_sysbios_knl_Queue_Object__DESC__C)

.const:ti_sysbios_knl_Semaphore_Object__DESC__C 
*          0    000003d0    00000020     
                  000003d0    00000020     appBLE_pem3.oem3 (.const:ti_sysbios_knl_Semaphore_Object__DESC__C)

.const:ti_sysbios_knl_Swi_Object__DESC__C 
*          0    000003f0    00000020     
                  000003f0    00000020     appBLE_pem3.oem3 (.const:ti_sysbios_knl_Swi_Object__DESC__C)

.const:ti_sysbios_knl_Task_Object__DESC__C 
*          0    00000410    00000020     
                  00000410    00000020     appBLE_pem3.oem3 (.const:ti_sysbios_knl_Task_Object__DESC__C)

.const:ti_sysbios_gates_GateHwi_Object__PARAMS__C 
*          0    00000430    00000018     
                  00000430    00000018     appBLE_pem3.oem3 (.const:ti_sysbios_gates_GateHwi_Object__PARAMS__C)

.const:ti_sysbios_gates_GateMutex_Object__PARAMS__C 
*          0    00000448    00000018     
                  00000448    00000018     appBLE_pem3.oem3 (.const:ti_sysbios_gates_GateMutex_Object__PARAMS__C)

.const:ti_sysbios_knl_Queue_Object__PARAMS__C 
*          0    00000460    00000018     
                  00000460    00000018     appBLE_pem3.oem3 (.const:ti_sysbios_knl_Queue_Object__PARAMS__C)

.const:ti_sysbios_knl_Idle_funcList__C 
*          0    00000478    00000008     
                  00000478    00000008     appBLE_pem3.oem3 (.const:ti_sysbios_knl_Idle_funcList__C)

.text.2    0    00000480    00000004     
                  00000480    00000004     sysbios.aem3 : mangled__BIOS_lib.obj (.text:CPUwfi$27)

.const:ti_sysbios_family_arm_cc26xx_Timer_startupNeeded__C 
*          0    00000484    00000004     
                  00000484    00000004     appBLE_pem3.oem3 (.const:ti_sysbios_family_arm_cc26xx_Timer_startupNeeded__C)

.const:ti_sysbios_family_arm_m3_Hwi_E_alreadyDefined__C 
*          0    00000488    00000004     
                  00000488    00000004     appBLE_pem3.oem3 (.const:ti_sysbios_family_arm_m3_Hwi_E_alreadyDefined__C)

.const:ti_sysbios_family_arm_m3_Hwi_E_hwiLimitExceeded__C 
*          0    0000048c    00000004     
                  0000048c    00000004     appBLE_pem3.oem3 (.const:ti_sysbios_family_arm_m3_Hwi_E_hwiLimitExceeded__C)

.const:ti_sysbios_family_arm_m3_Hwi_NUM_INTERRUPTS__C 
*          0    00000490    00000004     
                  00000490    00000004     appBLE_pem3.oem3 (.const:ti_sysbios_family_arm_m3_Hwi_NUM_INTERRUPTS__C)

.const:ti_sysbios_family_arm_m3_Hwi_Object__count__C 
*          0    00000494    00000004     
                  00000494    00000004     appBLE_pem3.oem3 (.const:ti_sysbios_family_arm_m3_Hwi_Object__count__C)

.const:ti_sysbios_family_arm_m3_Hwi_Object__table__C 
*          0    00000498    00000004     
                  00000498    00000004     appBLE_pem3.oem3 (.const:ti_sysbios_family_arm_m3_Hwi_Object__table__C)

.const:ti_sysbios_family_arm_m3_Hwi_ccr__C 
*          0    0000049c    00000004     
                  0000049c    00000004     appBLE_pem3.oem3 (.const:ti_sysbios_family_arm_m3_Hwi_ccr__C)

.const:ti_sysbios_family_arm_m3_Hwi_excHandlerFunc__C 
*          0    000004a0    00000004     
                  000004a0    00000004     appBLE_pem3.oem3 (.const:ti_sysbios_family_arm_m3_Hwi_excHandlerFunc__C)

.const:ti_sysbios_family_arm_m3_Hwi_nullIsrFunc__C 
*          0    000004a4    00000004     
                  000004a4    00000004     appBLE_pem3.oem3 (.const:ti_sysbios_family_arm_m3_Hwi_nullIsrFunc__C)

.const:ti_sysbios_family_arm_m3_Hwi_numSparseInterrupts__C 
*          0    000004a8    00000004     
                  000004a8    00000004     appBLE_pem3.oem3 (.const:ti_sysbios_family_arm_m3_Hwi_numSparseInterrupts__C)

.const:ti_sysbios_family_arm_m3_Hwi_priGroup__C 
*          0    000004ac    00000004     
                  000004ac    00000004     appBLE_pem3.oem3 (.const:ti_sysbios_family_arm_m3_Hwi_priGroup__C)

.const:ti_sysbios_family_arm_m3_TaskSupport_stackAlignment__C 
*          0    000004b0    00000004     
                  000004b0    00000004     appBLE_pem3.oem3 (.const:ti_sysbios_family_arm_m3_TaskSupport_stackAlignment__C)

.const:ti_sysbios_heaps_HeapMem_E_memory__C 
*          0    000004b4    00000004     
                  000004b4    00000004     appBLE_pem3.oem3 (.const:ti_sysbios_heaps_HeapMem_E_memory__C)

.const:ti_sysbios_heaps_HeapMem_Module__gateObj__C 
*          0    000004b8    00000004     
                  000004b8    00000004     appBLE_pem3.oem3 (.const:ti_sysbios_heaps_HeapMem_Module__gateObj__C)

.const:ti_sysbios_heaps_HeapMem_Object__count__C 
*          0    000004bc    00000004     
                  000004bc    00000004     appBLE_pem3.oem3 (.const:ti_sysbios_heaps_HeapMem_Object__count__C)

.const:ti_sysbios_heaps_HeapMem_Object__table__C 
*          0    000004c0    00000004     
                  000004c0    00000004     appBLE_pem3.oem3 (.const:ti_sysbios_heaps_HeapMem_Object__table__C)

.const:ti_sysbios_heaps_HeapMem_reqAlign__C 
*          0    000004c4    00000004     
                  000004c4    00000004     appBLE_pem3.oem3 (.const:ti_sysbios_heaps_HeapMem_reqAlign__C)

.const:ti_sysbios_knl_Clock_serviceMargin__C 
*          0    000004c8    00000004     
                  000004c8    00000004     appBLE_pem3.oem3 (.const:ti_sysbios_knl_Clock_serviceMargin__C)

.const:ti_sysbios_knl_Mailbox_Object__count__C 
*          0    000004cc    00000004     
                  000004cc    00000004     appBLE_pem3.oem3 (.const:ti_sysbios_knl_Mailbox_Object__count__C)

.const:ti_sysbios_knl_Mailbox_Object__table__C 
*          0    000004d0    00000004     
                  000004d0    00000004     appBLE_pem3.oem3 (.const:ti_sysbios_knl_Mailbox_Object__table__C)

.const:ti_sysbios_knl_Queue_Object__count__C 
*          0    000004d4    00000004     
                  000004d4    00000004     appBLE_pem3.oem3 (.const:ti_sysbios_knl_Queue_Object__count__C)

.const:ti_sysbios_knl_Queue_Object__table__C 
*          0    000004d8    00000004     
                  000004d8    00000004     appBLE_pem3.oem3 (.const:ti_sysbios_knl_Queue_Object__table__C)

.const:ti_sysbios_knl_Swi_Object__count__C 
*          0    000004dc    00000004     
                  000004dc    00000004     appBLE_pem3.oem3 (.const:ti_sysbios_knl_Swi_Object__count__C)

.const:ti_sysbios_knl_Swi_Object__table__C 
*          0    000004e0    00000004     
                  000004e0    00000004     appBLE_pem3.oem3 (.const:ti_sysbios_knl_Swi_Object__table__C)

.const:ti_sysbios_knl_Swi_numPriorities__C 
*          0    000004e4    00000004     
                  000004e4    00000004     appBLE_pem3.oem3 (.const:ti_sysbios_knl_Swi_numPriorities__C)

.const:ti_sysbios_knl_Task_Object__count__C 
*          0    000004e8    00000004     
                  000004e8    00000004     appBLE_pem3.oem3 (.const:ti_sysbios_knl_Task_Object__count__C)

.const:ti_sysbios_knl_Task_Object__table__C 
*          0    000004ec    00000004     
                  000004ec    00000004     appBLE_pem3.oem3 (.const:ti_sysbios_knl_Task_Object__table__C)

.const:ti_sysbios_knl_Task_allBlockedFunc__C 
*          0    000004f0    00000004     
                  000004f0    00000004     appBLE_pem3.oem3 (.const:ti_sysbios_knl_Task_allBlockedFunc__C)

.const:ti_sysbios_knl_Task_defaultStackHeap__C 
*          0    000004f4    00000004     
                  000004f4    00000004     appBLE_pem3.oem3 (.const:ti_sysbios_knl_Task_defaultStackHeap__C)

.const:ti_sysbios_knl_Task_defaultStackSize__C 
*          0    000004f8    00000004     
                  000004f8    00000004     appBLE_pem3.oem3 (.const:ti_sysbios_knl_Task_defaultStackSize__C)

.const:ti_sysbios_knl_Task_numConstructedTasks__C 
*          0    000004fc    00000004     
                  000004fc    00000004     appBLE_pem3.oem3 (.const:ti_sysbios_knl_Task_numConstructedTasks__C)

.text.3    0    00000500    00000002     
                  00000500    00000002     multi.obj (.text:gapRole_abort$20)

.const:ti_sysbios_family_arm_cc26xx_Timer_Module__id__C 
*          0    00000502    00000002     
                  00000502    00000002     appBLE_pem3.oem3 (.const:ti_sysbios_family_arm_cc26xx_Timer_Module__id__C)

.const:ti_sysbios_family_arm_cc26xx_TimestampProvider_useClockTimer__C 
*          0    00000504    00000002     
                  00000504    00000002     appBLE_pem3.oem3 (.const:ti_sysbios_family_arm_cc26xx_TimestampProvider_useClockTimer__C)

.const:ti_sysbios_family_arm_m3_Hwi_Module__id__C 
*          0    00000506    00000002     
                  00000506    00000002     appBLE_pem3.oem3 (.const:ti_sysbios_family_arm_m3_Hwi_Module__id__C)

.const:ti_sysbios_gates_GateHwi_Module__id__C 
*          0    00000508    00000002     
                  00000508    00000002     appBLE_pem3.oem3 (.const:ti_sysbios_gates_GateHwi_Module__id__C)

.const:ti_sysbios_gates_GateMutex_Module__id__C 
*          0    0000050a    00000002     
                  0000050a    00000002     appBLE_pem3.oem3 (.const:ti_sysbios_gates_GateMutex_Module__id__C)

.const:ti_sysbios_heaps_HeapMem_Module__id__C 
*          0    0000050c    00000002     
                  0000050c    00000002     appBLE_pem3.oem3 (.const:ti_sysbios_heaps_HeapMem_Module__id__C)

.const:ti_sysbios_knl_Task_initStackFlag__C 
*          0    0000050e    00000002     
                  0000050e    00000002     appBLE_pem3.oem3 (.const:ti_sysbios_knl_Task_initStackFlag__C)

.const:ti_sysbios_knl_Clock_tickMode__C 
*          0    00000510    00000001     
                  00000510    00000001     appBLE_pem3.oem3 (.const:ti_sysbios_knl_Clock_tickMode__C)

.const:xdc_runtime_Startup_firstFxns__C 
*          0    00000514    00000008     
                  00000514    00000008     appBLE_pem3.oem3 (.const:xdc_runtime_Startup_firstFxns__C)

.const:xdc_runtime_Startup_lastFxns__C 
*          0    0000051c    00000008     
                  0000051c    00000008     appBLE_pem3.oem3 (.const:xdc_runtime_Startup_lastFxns__C)

.const:xdc_runtime_Assert_E_assertFailed__C 
*          0    00000524    00000004     
                  00000524    00000004     appBLE_pem3.oem3 (.const:xdc_runtime_Assert_E_assertFailed__C)

.const:xdc_runtime_Error_E_memory__C 
*          0    00000528    00000004     
                  00000528    00000004     appBLE_pem3.oem3 (.const:xdc_runtime_Error_E_memory__C)

.const:xdc_runtime_Error_policyFxn__C 
*          0    0000052c    00000004     
                  0000052c    00000004     appBLE_pem3.oem3 (.const:xdc_runtime_Error_policyFxn__C)

.const:xdc_runtime_IGateProvider_Interface__BASE__C 
*          0    00000530    00000004     
                  00000530    00000004     appBLE_pem3.oem3 (.const:xdc_runtime_IGateProvider_Interface__BASE__C)

.const:xdc_runtime_IHeap_Interface__BASE__C 
*          0    00000534    00000004     
                  00000534    00000004     appBLE_pem3.oem3 (.const:xdc_runtime_IHeap_Interface__BASE__C)

.const:xdc_runtime_IModule_Interface__BASE__C 
*          0    00000538    00000004     
                  00000538    00000004     appBLE_pem3.oem3 (.const:xdc_runtime_IModule_Interface__BASE__C)

.const:xdc_runtime_Main_Module__diagsEnabled__C 
*          0    0000053c    00000004     
                  0000053c    00000004     appBLE_pem3.oem3 (.const:xdc_runtime_Main_Module__diagsEnabled__C)

.const:xdc_runtime_Main_Module__diagsIncluded__C 
*          0    00000540    00000004     
                  00000540    00000004     appBLE_pem3.oem3 (.const:xdc_runtime_Main_Module__diagsIncluded__C)

.const:xdc_runtime_Main_Module__diagsMask__C 
*          0    00000544    00000004     
                  00000544    00000004     appBLE_pem3.oem3 (.const:xdc_runtime_Main_Module__diagsMask__C)

.const:xdc_runtime_Memory_defaultHeapInstance__C 
*          0    00000548    00000004     
                  00000548    00000004     appBLE_pem3.oem3 (.const:xdc_runtime_Memory_defaultHeapInstance__C)

.const:xdc_runtime_Startup_execImpl__C 
*          0    0000054c    00000004     
                  0000054c    00000004     appBLE_pem3.oem3 (.const:xdc_runtime_Startup_execImpl__C)

.const:xdc_runtime_Startup_maxPasses__C 
*          0    00000550    00000004     
                  00000550    00000004     appBLE_pem3.oem3 (.const:xdc_runtime_Startup_maxPasses__C)

.const:xdc_runtime_Startup_sfxnRts__C 
*          0    00000554    00000004     
                  00000554    00000004     appBLE_pem3.oem3 (.const:xdc_runtime_Startup_sfxnRts__C)

.const:xdc_runtime_Startup_sfxnTab__C 
*          0    00000558    00000004     
                  00000558    00000004     appBLE_pem3.oem3 (.const:xdc_runtime_Startup_sfxnTab__C)

.const:xdc_runtime_Startup_startModsFxn__C 
*          0    0000055c    00000004     
                  0000055c    00000004     appBLE_pem3.oem3 (.const:xdc_runtime_Startup_startModsFxn__C)

.const:xdc_runtime_SysCallback_abortFxn__C 
*          0    00000560    00000004     
                  00000560    00000004     appBLE_pem3.oem3 (.const:xdc_runtime_SysCallback_abortFxn__C)

.const:xdc_runtime_SysCallback_exitFxn__C 
*          0    00000564    00000004     
                  00000564    00000004     appBLE_pem3.oem3 (.const:xdc_runtime_SysCallback_exitFxn__C)

.const:xdc_runtime_System_abortFxn__C 
*          0    00000568    00000004     
                  00000568    00000004     appBLE_pem3.oem3 (.const:xdc_runtime_System_abortFxn__C)

.const:xdc_runtime_System_exitFxn__C 
*          0    0000056c    00000004     
                  0000056c    00000004     appBLE_pem3.oem3 (.const:xdc_runtime_System_exitFxn__C)

.const:xdc_runtime_System_maxAtexitHandlers__C 
*          0    00000570    00000004     
                  00000570    00000004     appBLE_pem3.oem3 (.const:xdc_runtime_System_maxAtexitHandlers__C)

.const:xdc_runtime_Text_charTab__C 
*          0    00000574    00000004     
                  00000574    00000004     appBLE_pem3.oem3 (.const:xdc_runtime_Text_charTab__C)

.const:xdc_runtime_Text_nameEmpty__C 
*          0    00000578    00000004     
                  00000578    00000004     appBLE_pem3.oem3 (.const:xdc_runtime_Text_nameEmpty__C)

.const:xdc_runtime_Text_nameStatic__C 
*          0    0000057c    00000004     
                  0000057c    00000004     appBLE_pem3.oem3 (.const:xdc_runtime_Text_nameStatic__C)

.const:xdc_runtime_Text_nameUnknown__C 
*          0    00000580    00000004     
                  00000580    00000004     appBLE_pem3.oem3 (.const:xdc_runtime_Text_nameUnknown__C)

.const:xdc_runtime_Main_Module__id__C 
*          0    00000584    00000002     
                  00000584    00000002     appBLE_pem3.oem3 (.const:xdc_runtime_Main_Module__id__C)

.const:xdc_runtime_Memory_Module__id__C 
*          0    00000586    00000002     
                  00000586    00000002     appBLE_pem3.oem3 (.const:xdc_runtime_Memory_Module__id__C)

.const:xdc_runtime_Text_charCnt__C 
*          0    00000588    00000002     
                  00000588    00000002     appBLE_pem3.oem3 (.const:xdc_runtime_Text_charCnt__C)

.const:xdc_runtime_Text_isLoaded__C 
*          0    0000058a    00000002     
                  0000058a    00000002     appBLE_pem3.oem3 (.const:xdc_runtime_Text_isLoaded__C)

.const:xdc_runtime_Error_policy__C 
*          0    0000058c    00000001     
                  0000058c    00000001     appBLE_pem3.oem3 (.const:xdc_runtime_Error_policy__C)

.const:ti_sysbios_rom_ROM_AONRTCChannelEnable 
*          0    00000590    00000004     
                  00000590    00000004     appBLE_pem3.oem3 (.const:ti_sysbios_rom_ROM_AONRTCChannelEnable)

.const:ti_sysbios_rom_ROM_AONRTCCompareValueSet 
*          0    00000594    00000004     
                  00000594    00000004     appBLE_pem3.oem3 (.const:ti_sysbios_rom_ROM_AONRTCCompareValueSet)

.const:ti_sysbios_rom_ROM_AONRTCCurrentCompareValueGet 
*          0    00000598    00000004     
                  00000598    00000004     appBLE_pem3.oem3 (.const:ti_sysbios_rom_ROM_AONRTCCurrentCompareValueGet)

.const:ti_sysbios_rom_ROM_AONRTCEventClear 
*          0    0000059c    00000004     
                  0000059c    00000004     appBLE_pem3.oem3 (.const:ti_sysbios_rom_ROM_AONRTCEventClear)

.const:ti_sysbios_rom_ROM_ti_sysbios_family_arm_cc26xx_Timer_getCount64__E 
*          0    000005a0    00000004     
                  000005a0    00000004     appBLE_pem3.oem3 (.const:ti_sysbios_rom_ROM_ti_sysbios_family_arm_cc26xx_Timer_getCount64__E)

.const:ti_sysbios_rom_ROM_ti_sysbios_family_arm_cc26xx_Timer_getCurrentTick__E 
*          0    000005a4    00000004     
                  000005a4    00000004     appBLE_pem3.oem3 (.const:ti_sysbios_rom_ROM_ti_sysbios_family_arm_cc26xx_Timer_getCurrentTick__E)

.const:ti_sysbios_rom_ROM_ti_sysbios_family_arm_cc26xx_Timer_getMaxTicks__E 
*          0    000005a8    00000004     
                  000005a8    00000004     appBLE_pem3.oem3 (.const:ti_sysbios_rom_ROM_ti_sysbios_family_arm_cc26xx_Timer_getMaxTicks__E)

.const:ti_sysbios_rom_ROM_ti_sysbios_family_arm_cc26xx_Timer_initDevice__I 
*          0    000005ac    00000004     
                  000005ac    00000004     appBLE_pem3.oem3 (.const:ti_sysbios_rom_ROM_ti_sysbios_family_arm_cc26xx_Timer_initDevice__I)

.const:ti_sysbios_rom_ROM_ti_sysbios_family_arm_cc26xx_Timer_setNextTick__E 
*          0    000005b0    00000004     
                  000005b0    00000004     appBLE_pem3.oem3 (.const:ti_sysbios_rom_ROM_ti_sysbios_family_arm_cc26xx_Timer_setNextTick__E)

.const:ti_sysbios_rom_ROM_ti_sysbios_family_arm_cc26xx_Timer_setThreshold__I 
*          0    000005b4    00000004     
                  000005b4    00000004     appBLE_pem3.oem3 (.const:ti_sysbios_rom_ROM_ti_sysbios_family_arm_cc26xx_Timer_setThreshold__I)

.const:ti_sysbios_rom_ROM_ti_sysbios_family_arm_cc26xx_Timer_start__E 
*          0    000005b8    00000004     
                  000005b8    00000004     appBLE_pem3.oem3 (.const:ti_sysbios_rom_ROM_ti_sysbios_family_arm_cc26xx_Timer_start__E)

.const:ti_sysbios_rom_ROM_ti_sysbios_family_arm_cc26xx_TimestampProvider_get32__E 
*          0    000005bc    00000004     
                  000005bc    00000004     appBLE_pem3.oem3 (.const:ti_sysbios_rom_ROM_ti_sysbios_family_arm_cc26xx_TimestampProvider_get32__E)

.const:ti_sysbios_rom_ROM_xdc_runtime_Startup_getState__I 
*          0    000005c0    00000004     
                  000005c0    00000004     appBLE_pem3.oem3 (.const:ti_sysbios_rom_ROM_xdc_runtime_Startup_getState__I)

.const:ti_sysbios_rom_ROM_xdc_runtime_System_SupportProxy_abort__E 
*          0    000005c4    00000004     
                  000005c4    00000004     appBLE_pem3.oem3 (.const:ti_sysbios_rom_ROM_xdc_runtime_System_SupportProxy_abort__E)

.const:ti_sysbios_rom_ROM_xdc_runtime_System_SupportProxy_exit__E 
*          0    000005c8    00000004     
                  000005c8    00000004     appBLE_pem3.oem3 (.const:ti_sysbios_rom_ROM_xdc_runtime_System_SupportProxy_exit__E)

.const:ti_sysbios_gates_GateMutex_Instance_State_sem__O 
*          0    000005cc    00000004     
                  000005cc    00000004     appBLE_pem3.oem3 (.const:ti_sysbios_gates_GateMutex_Instance_State_sem__O)

.const:ti_sysbios_knl_Clock_Module_State_clockQ__O 
*          0    000005d0    00000004     
                  000005d0    00000004     appBLE_pem3.oem3 (.const:ti_sysbios_knl_Clock_Module_State_clockQ__O)

.const:ti_sysbios_knl_Mailbox_Instance_State_dataQue__O 
*          0    000005d4    00000004     
                  000005d4    00000004     appBLE_pem3.oem3 (.const:ti_sysbios_knl_Mailbox_Instance_State_dataQue__O)

.const:ti_sysbios_knl_Mailbox_Instance_State_dataSem__O 
*          0    000005d8    00000004     
                  000005d8    00000004     appBLE_pem3.oem3 (.const:ti_sysbios_knl_Mailbox_Instance_State_dataSem__O)

.const:ti_sysbios_knl_Mailbox_Instance_State_freeQue__O 
*          0    000005dc    00000004     
                  000005dc    00000004     appBLE_pem3.oem3 (.const:ti_sysbios_knl_Mailbox_Instance_State_freeQue__O)

.const:ti_sysbios_knl_Mailbox_Instance_State_freeSem__O 
*          0    000005e0    00000004     
                  000005e0    00000004     appBLE_pem3.oem3 (.const:ti_sysbios_knl_Mailbox_Instance_State_freeSem__O)

.const:ti_sysbios_knl_Semaphore_Instance_State_pendQ__O 
*          0    000005e4    00000004     
                  000005e4    00000004     appBLE_pem3.oem3 (.const:ti_sysbios_knl_Semaphore_Instance_State_pendQ__O)

.const:ti_sysbios_knl_Task_Module_State_inactiveQ__O 
*          0    000005e8    00000004     
                  000005e8    00000004     appBLE_pem3.oem3 (.const:ti_sysbios_knl_Task_Module_State_inactiveQ__O)

.text.4    0    000005ec    00006e70     
                  000005ec    000005fe     driverlib.lib : setup.obj (.text:HapiTrimDeviceShutDown$42)
                  00000bea    00000458     multi_role_node.obj (.text:simpleTopology_taskFxn$2)
                  00001042    00000428     multi.obj (.text:gapRole_taskFxn$20)
                  0000146a    00000002     appBLE_pem3.oem3 (.text:ti_sysbios_BIOS_nullFunc__I)
                  0000146c    00000414     sysbios.aem3 : mangled__BIOS_lib.obj (.text:ti_sysbios_family_arm_cc26xx_Power_auxISR__E)
                  00001880    00000402     simple_UART.obj (.text:SU_printf)
                  00001c82    00000002     sysbios.aem3 : mangled__BIOS_lib.obj (.text:ti_sysbios_family_arm_cc26xx_Power_defaultClockFunc__E)
                  00001c84    000002e4                  : mangled__BIOS_lib.obj (.text:ti_sysbios_family_arm_cc26xx_Power_sleep__E)
                  00001f68    000001fc     multi.obj (.text:GAPRole_SetParameter)
                  00002164    000001f6     PINCC26XX.obj (.text:PIN_init)
                  0000235a    000001f4     rtsv7M3_T_le_eabi.lib : ull_div_t2.obj (.text)
                  0000254e    000001ca     UARTCC26XX.obj (.text:UARTCC26XX_open)
                  00002718    000001c8     driverlib.lib : sys_ctrl.obj (.text:SysCtrlSetRechargeBeforePowerDown)
                  000028e0    000001c2     SPICC26XXDMA.obj (.text:SPICC26XXDMA_transfer)
                  00002aa2    00000172     ICall.obj (.text:ICall_primWaitMatch$13)
                  00002c14    00000170     LCDDogm1286.obj (.text:LCD_open)
                  00002d84    0000016e     SPICC26XXDMA.obj (.text:SPICC26XXDMA_initIO$9)
                  00002ef2    00000164     SPICC26XXDMA.obj (.text:SPICC26XXDMA_open)
                  00003056    00000162     ICall.obj (.text:ICall_heapMalloc)
                  000031b8    0000014e     UARTCC26XX.obj (.text:writeTxFifoFlush$11)
                  00003306    0000013c     driverlib.lib : setup.obj (.text:trimDevice)
                  00003442    00000130     UARTCC26XX.obj (.text:UARTCC26XX_initIO$11)
                  00003572    00000002     sysbios.aem3 : mangled__BIOS_lib.obj (.text:ti_sysbios_family_arm_cc26xx_Power_defaultNotifyTrapFunc__E)
                  00003574    00000126     multi_role_node.obj (.text:simpleTopology_processStackMsg$2)
                  0000369a    00000124     UARTCC26XX.obj (.text:UARTCC26XX_write)
                  000037be    00000118     SPICC26XXDMA.obj (.text:SPICC26XXDMA_transferCancel)
                  000038d6    00000118     UARTCC26XX.obj (.text:UARTCC26XX_hwiIntFxn)
                  000039ee    0000010a     SPICC26XXDMA.obj (.text:SPICC26XXDMA_hwiFxn$9)
                  00003af8    000000e6     SPICC26XXDMA.obj (.text:SPICC26XXDMA_control)
                  00003bde    000000da     PINCC26XX.obj (.text:PINCC26XX_setIoCfg$7)
                  00003cb8    000000d8     PINCC26XX.obj (.text:PIN_open)
                  00003d90    000000d8     sysbios.aem3 : mangled__BIOS_lib.obj (.text:ti_sysbios_family_arm_cc26xx_Power_setDependency__E)
                  00003e68    000000d0                  : mangled__BIOS_lib.obj (.text:ti_sysbios_family_arm_cc26xx_Power_releaseDependency__E)
                  00003f38    000000d0                  : mangled__BIOS_lib.obj (.text:ti_sysbios_family_arm_cc26xx_Power_startFirstMeasurement__E)
                  00004008    000000cc                  : mangled__BIOS_lib.obj (.text:ti_sysbios_family_arm_cc26xx_Power_standbyPolicy__E)
                  000040d4    000000c6     UARTCC26XX.obj (.text:UARTCC26XX_initHw$11)
                  0000419a    000000b8     UARTCC26XX.obj (.text:UARTCC26XX_read)
                  00004252    00000002     appBLE_pem3.oem3 (.text:ti_sysbios_rom_cortexm_cc26xx_CC26xx_badRomRevision__E)
                  00004254    000000b4     sysbios.aem3 : mangled__BIOS_lib.obj (.text:ti_sysbios_knl_Clock_workFuncDynamic__E)
                  00004308    000000a7     simple_UART.obj (.text:echoFxn)
                  000043af    00000001     --HOLE-- [fill = 0]
                  000043b0    000000a4     sysbios.aem3 : mangled__BIOS_lib.obj (.text:ti_sysbios_family_arm_cc26xx_Power_initiateCalibration__E)
                  00004454    000000a0     auto_init.aem3 : auto_init.oem3 (.text)
                  000044f4    0000009c     ICall.obj (.text:ICall_primSetTimer$13)
                  00004590    0000009c     rtsv7M3_T_le_eabi.lib : memcpy_t2.obj (.text)
                  0000462c    00000096     UARTCC26XX.obj (.text:writeFinishedDoCallback$11)
                  000046c2    00000094     driverlib.lib : osc.obj (.text:OSCHF_GetStartupTime)
                  00004756    00000092     main.obj (.text:main)
                  000047e8    00000090     UARTCC26XX.obj (.text:UARTCC26XX_writeCancel)
                  00004878    00000090     sysbios.aem3 : mangled__BIOS_lib.obj (.text:xdc_runtime_SysMin_abort__E)
                  00004908    0000008e     LCDDogm1286.obj (.text:LCD_sendCommand$5)
                  00004996    0000008e     LCDDogm1286.obj (.text:LCD_sendData$5)
                  00004a24    0000008e     multi_role_node.obj (.text:simpleTopology_enqueueMsg$2)
                  00004ab2    00000002     sysbios.aem3 : mangled__BIOS_lib.obj (.text:xdc_runtime_SysCallback_defaultAbort)
                  00004ab4    0000008c                  : mangled__BIOS_lib.obj (.text:ti_sysbios_family_arm_cc26xx_Power_LF_clockFunc__E)
                  00004b40    0000008c                  : mangled__BIOS_lib.obj (.text:ti_sysbios_family_arm_cc26xx_Power_Module_startup__E)
                  00004bcc    00000088                  : mangled__BIOS_lib.obj (.text:ti_sysbios_family_arm_cc26xx_Timer_start__E)
                  00004c54    0000007e     SPICC26XXDMA.obj (.text:SPICC26XXDMA_close)
                  00004cd2    0000007e     SPICC26XXDMA.obj (.text:SPICC26XXDMA_csnCallback$9)
                  00004d50    0000007a     ICall.obj (.text:ICall_primSend$13)
                  00004dca    0000007a     rtsv7M3_T_le_eabi.lib : memset_t2.obj (.text)
                  00004e44    00000078     UARTCC26XX.obj (.text:UARTCC26XX_close)
                  00004ebc    00000076     UDMACC26XX.obj (.text:UDMACC26XX_open)
                  00004f32    00000070     ICallCC2650.obj (.text:ICallPlatform_pwrUpdActivityCounter)
                  00004fa2    00000070     ICall.obj (.text:ICall_createRemoteTasks)
                  00005012    00000070     ICall.obj (.text:ICall_primWait$13)
                  00005082    00000070     UARTCC26XX.obj (.text:UARTCC26XX_readCancel)
                  000050f2    0000006c     LCDDogm1286.obj (.text:LCD_doUpdate$5)
                  0000515e    0000006c     driverlib.lib : sys_ctrl.obj (.text:SysCtrl_DCDC_VoltageConditionalControl)
                  000051ca    00000002     sysbios.aem3 : mangled__BIOS_lib.obj (.text:xdc_runtime_SysCallback_defaultExit)
                  000051cc    00000068     rtsv7M3_T_le_eabi.lib : trgmsg.obj (.text)
                  00005234    00000066                           : copy_decompress_lzss.obj (.text:decompress:lzss)
                  0000529a    00000066     appBLE_pem3.oem3 (.text:ti_sysbios_family_arm_cc26xx_Power_XOSC_HF_clockFunc__E)
                  00005300    00000064     driverlib.lib : osc.obj (.text:OSCHF_AttemptToSwitchToXosc)
                  00005364    00000062                   : sys_ctrl.obj (.text:SysCtrlAdjustRechargeAfterPowerDown)
                  000053c6    00000060     board_key.obj (.text:Board_keyCallback$0)
                  00005426    00000060     PINCC26XX.obj (.text:PIN_remove)
                  00005486    00000002     --HOLE-- [fill = 0]
                  00005488    00000060     sysbios.aem3 : mangled__BIOS_lib.obj (.text:ti_sysbios_family_arm_cc26xx_Timer_setNextTick__E)
                  000054e8    0000005e     ICallBleAPI.obj (.text:GAP_UpdateAdvertisingData)
                  00005546    0000005e     ICall.obj (.text:ICall_primFetchServiceMsg$13)
                  000055a4    0000005e     SPICC26XXDMA.obj (.text:SPICC26XXDMA_initHw$9)
                  00005602    0000005e     appBLE_pem3.oem3 (.text:xdc_runtime_Startup_getState__I)
                  00005660    0000005a     ICall.obj (.text:ICall_primThreadServes$13)
                  000056ba    0000005a     driverlib.lib : ddi.obj (.text:NOROM_DDI16BitfieldWrite)
                  00005714    00000058     sysbios.aem3 : mangled__BIOS_lib.obj (.text:tdcPerformRcOscMeasurement$28)
                  0000576c    00000058                  : mangled__BIOS_lib.obj (.text:ti_sysbios_family_arm_cc26xx_Power_notify__I)
                  000057c4    00000056     ICall.obj (.text:ICall_newTask$13)
                  0000581a    00000056     ICall.obj (.text:ICall_primFetchMsg$13)
                  00005870    00000054     ICall.obj (.text:ICall_primEnroll$13)
                  000058c4    00000054     ICall.obj (.text:ICall_primWaitSemaphore$13)
                  00005918    00000054     rtsv7M3_T_le_eabi.lib : exit.obj (.text)
                  0000596c    00000054                           : trgdrv.obj (.text)
                  000059c0    00000054     ICallBleAPI.obj (.text:sendWaitMatchCS$15)
                  00005a14    00000054     UARTCC26XX.obj (.text:startTxFifoEmptyClk$11)
                  00005a68    00000052     ICall.obj (.text:ICall_msgEnqueue$13)
                  00005aba    00000052     driverlib.lib : osc.obj (.text:NOROM_OSCClockSourceSet)
                  00005b0c    00000052     ICallBleAPI.obj (.text:gapSendParamAndPtrCmd$15)
                  00005b5e    00000050     ICall.obj (.text:ICall_primGetEntityId$13)
                  00005bae    00000002     --HOLE-- [fill = 0]
                  00005bb0    00000050     sysbios.aem3 : mangled__BIOS_lib.obj (.text:xdc_runtime_SysMin_exit__E)
                  00005c00    0000004e     ICall.obj (.text:ICall_primRegisterApp$13)
                  00005c4e    0000004e     PINCC26XX.obj (.text:PIN_Isr$7)
                  00005c9c    0000004c     rtsv7M3_T_le_eabi.lib : cpy_tbl.obj (.text)
                  00005ce8    0000004a     util.obj (.text:Util_constructClock)
                  00005d32    0000004a     UARTCC26XX.obj (.text:readFinishedDoCallback$11)
                  00005d7c    00000048     driverlib.lib : ddi.obj (.text:NOROM_DDI16BitfieldRead)
                  00005dc4    00000046     ICallBleAPI.obj (.text:hciSendParamsCmd$15)
                  00005e0a    00000044     ICall.obj (.text:ICall_primCreateSemaphore$13)
                  00005e4e    00000044     ICall.obj (.text:ICall_primCreateTask$13)
                  00005e92    00000002     --HOLE-- [fill = 0]
                  00005e94    00000044     boot.aem3 : boot.oem3 (.text)
                  00005ed8    00000044     appBLE_pem3.oem3 (.text:ti_sysbios_family_arm_cc26xx_Power_XOSC_HF)
                  00005f1c    00000040     multi.obj (.text:GAPRole_createTask)
                  00005f5c    00000040     ICallBleAPI.obj (.text:GAP_SetParamValue)
                  00005f9c    00000040     driverlib.lib : osc.obj (.text:NOROM_OSCInterfaceEnable)
                  00005fdc    00000040     multi_role_node.obj (.text:SimpleTopology_createTask)
                  0000601c    00000040     ICallBleAPI.obj (.text:osal_snv_read)
                  0000605c    00000040     ICallBleAPI.obj (.text:osal_snv_write)
                  0000609c    00000040     sysbios.aem3 : mangled__BIOS_lib.obj (.text:ti_sysbios_family_arm_cc26xx_Power_isStableXOSC_HF__E)
                  000060dc    00000040                  : mangled__BIOS_lib.obj (.text:ti_sysbios_family_arm_cc26xx_Timer_getCurrentTick__E)
                  0000611c    0000003e     ICallCC2650.obj (.text:ICallPlatform_pwrConfigACAction)
                  0000615a    0000003e     ICall.obj (.text:ICall_heapFree)
                  00006198    0000003e     ICall.obj (.text:ICall_primGetMaxMSecs$13)
                  000061d6    0000003c     simple_UART.obj (.text:Simple_UART_createTask)
                  00006212    0000003c     ICallBleAPI.obj (.text:gapSendPtrParamsCmd$15)
                  0000624e    0000003c     UARTCC26XX.obj (.text:readData$11)
                  0000628a    0000003c     ICallBleAPI.obj (.text:sendWaitMatchValueCS$15)
                  000062c6    00000002     --HOLE-- [fill = 0]
                  000062c8    0000003c     sysbios.aem3 : mangled__BIOS_lib.obj (.text:ti_sysbios_family_arm_cc26xx_Power_releaseConstraint__E)
                  00006304    0000003c                  : mangled__BIOS_lib.obj (.text:ti_sysbios_family_arm_cc26xx_Timer_initDevice__I)
                  00006340    0000003c     ICallBleAPI.obj (.text:waitMatchCS$15)
                  0000637c    00000038     ICallCC2650.obj (.text:ICallPlatform_pwrRegisterNotify)
                  000063b4    00000038     ICall.obj (.text:ICall_primSetTimerMSecs$13)
                  000063ec    00000038     sysbios.aem3 : mangled__BIOS_lib.obj (.text:ti_sysbios_family_arm_cc26xx_Power_setConstraint__E)
                  00006424    00000038                  : mangled__BIOS_lib.obj (.text:ti_sysbios_family_arm_cc26xx_Timer_setThreshold__I)
                  0000645c    00000038     UARTCC26XX.obj (.text:writeData$11)
                  00006494    00000036     ICallCC2650.obj (.text:ICallPlatform_pwrDispenseImpl$14)
                  000064ca    00000036     ICallCC2650.obj (.text:ICallPlatform_pwrRequireImpl$14)
                  00006500    00000034     driverlib.lib : chipinfo.obj (.text:ChipInfo_GetChipFamily)
                  00006534    00000034     ICall.obj (.text:ICall_dispatch$13)
                  00006568    00000034     multi.obj (.text:ICall_getLocalMsgEntityId$20)
                  0000659c    00000034     ICall.obj (.text:ICall_primRegisterISR$13)
                  000065d0    00000034     ICall.obj (.text:ICall_primRegisterISR_Ext$13)
                  00006604    00000034     PINCC26XX.obj (.text:PINCC26XX_setMux)
                  00006638    00000034     sysbios.aem3 : mangled__BIOS_lib.obj (.text:ti_sysbios_knl_Clock_getTicksUntilInterrupt__E)
                  0000666c    00000032     ICall.obj (.text:ICall_searchServiceEntity$13)
                  0000669e    00000032     driverlib.lib : osc.obj (.text:OSCHF_SwitchToRcOscTurnOffXosc)
                  000066d0    00000032     ICallBleAPI.obj (.text:matchGapDevDiscReqCS$15)
                  00006702    00000032     ICallBleAPI.obj (.text:matchGapEndDiscoverableCS$15)
                  00006734    00000032     ICallBleAPI.obj (.text:matchGapMakeDiscoverableCS$15)
                  00006766    00000032     ICallBleAPI.obj (.text:matchGapSetParamCS$15)
                  00006798    00000032     ICallBleAPI.obj (.text:matchGapUpdateAdvDataCS$15)
                  000067ca    00000032     ICallBleAPI.obj (.text:matchUtilNvCS$15)
                  000067fc    00000032     appBLE_pem3.oem3 (.text:ti_sysbios_BIOS_atExitFunc__I)
                  0000682e    00000030     ICallCC2650.obj (.text:ICallPlatform_pwrNotify$14)
                  0000685e    00000030     ICall.obj (.text:ICall_searchTask$13)
                  0000688e    00000030     ICallBleAPI.obj (.text:matchGapDeviceInitCS$15)
                  000068be    00000002     --HOLE-- [fill = 0]
                  000068c0    00000030     sysbios.aem3 : mangled__BIOS_lib.obj (.text:ti_sysbios_family_arm_cc26xx_Power_registerNotify__E)
                  000068f0    0000002e     ICall.obj (.text:ICall_primAllocMsg$13)
                  0000691e    0000002e     ICall.obj (.text:ICall_primE2S$13)
                  0000694c    0000002e     PINCC26XX.obj (.text:PIN_setInterrupt)
                  0000697a    0000002c     driverlib.lib : aon_batmon.obj (.text:AONBatMonTemperatureGetDegC)
                  000069a6    0000002c     multi.obj (.text:GAPRole_StartDiscovery)
                  000069d2    0000002c     ICallBleAPI.obj (.text:ICall_sendServiceMsg$15)
                  000069fe    0000002c     driverlib.lib : aon_rtc.obj (.text:NOROM_AONRTCCurrentCompareValueGet)
                  00006a2a    0000002c     PINCC26XX.obj (.text:PIN_setConfig)
                  00006a56    00000002     --HOLE-- [fill = 0]
                  00006a58    0000002c     sysbios.aem3 : mangled__BIOS_lib.obj (.text:ti_sysbios_family_arm_cc26xx_Power_switchXOSC_HF__E)
                  00006a84    0000002a     ICallBleAPI.obj (.text:ICall_getLocalMsgEntityId$15)
                  00006aae    0000002a     ICallBleAPI.obj (.text:ICall_waitMatch$15)
                  00006ad8    0000002a     LCDDogm1286.obj (.text:LCD_gotoXY$5)
                  00006b02    0000002a     LCDDogm1286.obj (.text:LCD_sendArray$5)
                  00006b2c    0000002a     appBLE_pem3.oem3 (.text:ti_sysbios_family_arm_cc26xx_Power_isDependencyActive)
                  00006b56    00000028     UARTCC26XX.obj (.text:UARTCC26XX_control)
                  00006b7e    00000028     appBLE_pem3.oem3 (.text:ti_sysbios_BIOS_registerRTSLock__I)
                  00006ba6    00000026     ICallBleAPI.obj (.text:ICall_allocMsg$15)
                  00006bcc    00000026     ICallBleAPI.obj (.text:ICall_getEntityId$15)
                  00006bf2    00000026     driverlib.lib : osc.obj (.text:NOROM_OSCClockSourceGet)
                  00006c18    00000024     ICallBleAPI.obj (.text:matchLinkDBNumConnsCS$15)
                  00006c3c    00000024     appBLE_pem3.oem3 (.text:ti_sysbios_BIOS_removeRTSLock__I)
                  00006c60    00000024     appBLE_pem3.oem3 (.text:ti_sysbios_BIOS_startFunc__I)
                  00006c84    00000024     sysbios.aem3 : mangled__BIOS_lib.obj (.text:ti_sysbios_family_arm_cc26xx_Timer_dynamicStub__E)
                  00006ca8    00000024                  : mangled__BIOS_lib.obj (.text:ti_sysbios_family_arm_cc26xx_Timer_getMaxTicks__E)
                  00006ccc    00000022     ICallBleAPI.obj (.text:matchHciExtAdvEventNoticeCS$15)
                  00006cee    00000022     appBLE_pem3.oem3 (.text:ti_sysbios_BIOS_rtsLock__I)
                  00006d10    00000022     appBLE_pem3.oem3 (.text:xdc_runtime_SysMin_output__I)
                  00006d32    00000002     --HOLE-- [fill = 0]
                  00006d34    00000020     sysbios.aem3 : mangled__BIOS_lib.obj (.text:ti_sysbios_family_arm_cc26xx_TimestampProvider_get32__E)
                  00006d54    00000020                  : mangled__BIOS_lib.obj (.text:xdc_runtime_SysMin_Module_startup__E)
                  00006d74    0000001e     util.obj (.text:ICall_free$4)
                  00006d92    0000001e     ICallBleAPI.obj (.text:ICall_freeMsg$15)
                  00006db0    0000001e     multi_role_node.obj (.text:ICall_freeMsg$2)
                  00006dce    0000001e     ICall.obj (.text:ICall_primSendServiceMsg$13)
                  00006dec    0000001e     ICall.obj (.text:ICall_primService$13)
                  00006e0a    0000001e     PINCC26XX.obj (.text:PIN_close)
                  00006e28    0000001c     ICall.obj (.text:ICall_enterCSImpl)
                  00006e44    0000001c     sysbios.aem3 : mangled__BIOS_lib.obj (.text:ti_sysbios_family_arm_cc26xx_Power_unregisterNotify__E)
                  00006e60    0000001c     appBLE_pem3.oem3 (.text:ti_sysbios_rom_cortexm_cc26xx_CC26xx_checkRevision__E)
                  00006e7c    0000001a     driverlib.lib : osc.obj (.text:OSCHF_TurnOnXosc)
                  00006e96    0000001a     appBLE_pem3.oem3 (.text:ti_sysbios_BIOS_rtsUnlock__I)
                  00006eb0    0000001a     appBLE_pem3.oem3 (.text:ti_sysbios_family_arm_cc26xx_Power_RFCORECLKS)
                  00006eca    00000018     board_key.obj (.text:Board_keyChangeHandler$0)
                  00006ee2    00000018     ICallCC2650.obj (.text:ICallPlatform_pwrDispense)
                  00006efa    00000018     ICallCC2650.obj (.text:ICallPlatform_pwrRequire)
                  00006f12    00000018     ICall.obj (.text:ICall_primMalloc$13)
                  00006f2a    00000018     multi.obj (.text:gapRole_setEvent$20)
                  00006f42    00000002     --HOLE-- [fill = 0]
                  00006f44    00000018     rtsv7M3_T_le_eabi.lib : args_main.obj (.text)
                  00006f5c    00000018                           : ll_mul_t2.obj (.text)
                  00006f74    00000018     multi_role_node.obj (.text:simpleTopology_eventCB$2)
                  00006f8c    00000018     multi_role_node.obj (.text:simpleTopology_startDiscHandler)
                  00006fa4    00000018     sysbios.aem3 : mangled__BIOS_lib.obj (.text:ti_sysbios_family_arm_cc26xx_Timer_getCount64__E)
                  00006fbc    00000016     ICallCC2650.obj (.text:ICallPlatform_pwrIsStableXOSCHF)
                  00006fd2    00000016     ICall.obj (.text:ICall_leaveCSImpl)
                  00006fe8    00000016     ICall.obj (.text:ICall_primStopTimer$13)
                  00006ffe    00000016     appBLE_pem3.oem3 (.text:ti_sysbios_BIOS_exitFunc__I)
                  00007014    00000016     appBLE_pem3.oem3 (.text:ti_sysbios_knl_Clock_doTick__I)
                  0000702a    00000014     PINCC26XX.obj (.text:PINCC26XX_getInputValue$7)
                  0000703e    00000014     SPICC26XXDMA.obj (.text:SPICC26XXDMA_init)
                  00007052    00000002     --HOLE-- [fill = 0]
                  00007054    00000014     rtsv7M3_T_le_eabi.lib : _lock.obj (.text)
                  00007068    00000012     ICallCC2650.obj (.text:ICallPlatform_pwrGetXOSCStartupTime)
                  0000707a    00000012     ICall.obj (.text:ICall_primGetTickPeriod$13)
                  0000708c    00000012     UARTCC26XX.obj (.text:UARTCC26XX_init)
                  0000709e    00000012     appBLE_pem3.oem3 (.text:xdc_runtime_Startup_exec__I)
                  000070b0    00000010     ICallBleAPI.obj (.text:GAP_EndDiscoverable)
                  000070c0    00000010     ICallCC2650.obj (.text:ICallPlatform_pwrGetTransitionState)
                  000070d0    00000010     ICall.obj (.text:ICall_primGetTicks$13)
                  000070e0    00000010     ICall.obj (.text:ICall_taskEntry$13)
                  000070f0    00000010     LCDDogm1286.obj (.text:LCD_update)
                  00007100    00000010     UARTCC26XX.obj (.text:uartPostNotify$11)
                  00007110    0000000e     ICall.obj (.text:ICall_primDisableMInt$13)
                  0000711e    0000000e     ICall.obj (.text:ICall_primEnableMInt$13)
                  0000712c    0000000e     ICall.obj (.text:ICall_primFreeMsg$13)
                  0000713a    0000000e     driverlib.lib : vims.obj (.text:NOROM_VIMSModeGet)
                  00007148    0000000e     rtsv7M3_T_le_eabi.lib : copy_decompress_none.obj (.text:decompress:none)
                  00007156    0000000c     ICall.obj (.text:ICall_primDisableInt$13)
                  00007162    0000000c     ICall.obj (.text:ICall_primEnableInt$13)
                  0000716e    0000000c     ICall.obj (.text:ICall_primFree$13)
                  0000717a    0000000c     ICall.obj (.text:ICall_primSignal$13)
                  00007186    0000000c     driverlib.lib : cpu.obj (.text:NOROM_CPUcpsid)
                  00007192    0000000c                   : cpu.obj (.text:NOROM_CPUcpsie)
                  0000719e    0000000c     rtsv7M3_T_le_eabi.lib : copy_zero_init.obj (.text:decompress:ZI)
                  000071aa    0000000c     SPICC26XXDMA.obj (.text:spiPostNotify$9)
                  000071b6    00000002     --HOLE-- [fill = 0]
                  000071b8    0000000c     sysbios.aem3 : mangled__BIOS_lib.obj (.text:ti_sysbios_BIOS_getThreadType__E)
                  000071c4    0000000c                  : mangled__BIOS_lib.obj (.text:ti_sysbios_family_arm_cc26xx_Power_getDependencyCount__E)
                  000071d0    0000000c                  : mangled__BIOS_lib.obj (.text:ti_sysbios_family_arm_cc26xx_Power_getTransitionState__E)
                  000071dc    0000000c                  : mangled__BIOS_lib.obj (.text:ti_sysbios_hal_Hwi_Params__init__S)
                  000071e8    0000000c     appBLE_pem3.oem3 (.text:xdc_runtime_Startup_reset__I)
                  000071f4    0000000a     ICallCC2650.obj (.text:ICallPlatform_pwrSwitchXOSCHF)
                  000071fe    0000000a     ICall.obj (.text:ICall_clockFunc$13)
                  00007208    0000000a     UART.obj (.text:UART_write)
                  00007212    0000000a     UDMACC26XX.obj (.text:UDMACC26XX_hwiIntFxn)
                  0000721c    0000000a     multi_role_node.obj (.text:simpleTopology_keyChangeHandler)
                  00007226    00000008     SPICC26XXDMA.obj (.text:SPICC26XXDMA_transferCallback$9)
                  0000722e    00000008     UARTCC26XX.obj (.text:readSemCallback$11)
                  00007236    00000008     UARTCC26XX.obj (.text:writeSemCallback$11)
                  0000723e    00000006     UARTCC26XX.obj (.text:UARTCC26XX_writePolling)
                  00007244    00000006     ICallBleAPI.obj (.text:matchUtilNvReadCS$15)
                  0000724a    00000006     ICallBleAPI.obj (.text:matchUtilNvWriteCS$15)
                  00007250    00000004     ICall.obj (.text:ICall_primAbort$13)
                  00007254    00000004     appBLE_pem3.oem3 (.text:ti_sysbios_family_arm_cc26xx_Power_NOP)
                  00007258    00000004     sysbios.aem3 : mangled__BIOS_lib.obj (.text:ti_sysbios_knl_Clock_isActive__E)
                  0000725c    00000008     (.tramp.xdc_runtime_Core_assignParams__I.1)
                  00007264    00000008     (.tramp.ti_sysbios_hal_Hwi_enableInterrupt__E.1)
                  0000726c    00000008     (.tramp.ti_sysbios_hal_Hwi_disableInterrupt__E.1)
                  00007274    00000008     (.tramp.ti_sysbios_knl_Task_enable__E.1)
                  0000727c    00000008     (.tramp.ti_sysbios_family_arm_m3_Hwi_enableFxn__E.1)
                  00007284    00000008     (.tramp.xdc_runtime_Startup_startMods__I.1)
                  0000728c    00000008     (.tramp.ti_sysbios_knl_Swi_post__E.1)
                  00007294    00000008     (.tramp.ti_sysbios_knl_Clock_logTick__E.1)
                  0000729c    00000008     (.tramp.ti_sysbios_BIOS_RtsGateProxy_leave__E.1)
                  000072a4    00000008     (.tramp.ti_sysbios_knl_Queue_remove__E.1)
                  000072ac    00000008     (.tramp.ti_sysbios_BIOS_RtsGateProxy_enter__E.1)
                  000072b4    00000008     (.tramp.ti_sysbios_knl_Task_startup__E.1)
                  000072bc    00000008     (.tramp.ti_sysbios_knl_Swi_startup__E.1)
                  000072c4    00000008     (.tramp.ti_sysbios_hal_Hwi_startup__E.1)
                  000072cc    00000008     (.tramp.ti_sysbios_family_arm_cc26xx_Timer_startup__E.1)
                  000072d4    00000008     (.tramp.xdc_runtime_System_atexit__E.1)
                  000072dc    00000008     (.tramp.ti_sysbios_knl_Queue_put__E.1)
                  000072e4    00000008     (.tramp.ti_sysbios_BIOS_setThreadType__E.1)
                  000072ec    00000008     (.tramp.ti_sysbios_hal_Hwi_create.1)
                  000072f4    00000008     (.tramp.ti_sysbios_knl_Task_construct.1)
                  000072fc    00000008     (.tramp.xdc_runtime_System_exit__E.1)
                  00007304    00000008     (.tramp.ti_sysbios_knl_Semaphore_create.1)
                  0000730c    00000008     (.tramp.ti_sysbios_knl_Task_create.1)
                  00007314    00000008     (.tramp.ti_sysbios_knl_Task_Params__init__S.1)
                  0000731c    00000008     (.tramp.ti_sysbios_knl_Clock_destruct.1)
                  00007324    00000008     (.tramp.ti_sysbios_knl_Semaphore_destruct.1)
                  0000732c    00000008     (.tramp.ti_sysbios_family_arm_m3_Hwi_destruct.1)
                  00007334    00000008     (.tramp.ti_sysbios_knl_Queue_enqueue__E.1)
                  0000733c    00000008     (.tramp.xdc_runtime_Gate_leaveSystem__E.1)
                  00007344    00000008     (.tramp.xdc_runtime_Gate_enterSystem__E.1)
                  0000734c    00000008     (.tramp.ti_sysbios_BIOS_start__E.1)
                  00007354    00000008     (.tramp.ti_sysbios_knl_Clock_create.1)
                  0000735c    00000008     (.tramp.ti_sysbios_knl_Mailbox_pend__E.1)
                  00007364    00000008     (.tramp.xdc_runtime_System_abort__E.1)
                  0000736c    00000008     (.tramp.ti_sysbios_knl_Clock_scheduleNextTick__E.1)
                  00007374    00000008     (.tramp.ti_sysbios_knl_Clock_walkQueueDynamic__E.1)
                  0000737c    00000008     (.tramp.ti_sysbios_knl_Clock_TimerProxy_getCurrentTick__E.1)
                  00007384    00000008     (.tramp.ti_sysbios_BIOS_getCpuFreq__E.1)
                  0000738c    00000008     (.tramp.ti_sysbios_knl_Task_sleep__E.1)
                  00007394    00000008     (.tramp.ti_sysbios_knl_Clock_getTicks__E.1)
                  0000739c    00000008     (.tramp.ti_sysbios_knl_Task_self__E.1)
                  000073a4    00000008     (.tramp.ti_sysbios_knl_Clock_construct.1)
                  000073ac    00000008     (.tramp.ti_sysbios_knl_Clock_Params__init__S.1)
                  000073b4    00000008     (.tramp.ti_sysbios_family_arm_m3_Hwi_restoreFxn__E.1)
                  000073bc    00000008     (.tramp.ti_sysbios_family_arm_m3_Hwi_disableFxn__E.1)
                  000073c4    00000008     (.tramp.ti_sysbios_family_arm_m3_Hwi_construct.1)
                  000073cc    00000008     (.tramp.ti_sysbios_family_arm_m3_Hwi_Params__init__S.1)
                  000073d4    00000008     (.tramp.ti_sysbios_knl_Semaphore_construct.1)
                  000073dc    00000008     (.tramp.ti_sysbios_knl_Semaphore_Params__init__S.1)
                  000073e4    00000008     (.tramp.ti_sysbios_knl_Task_restore__E.1)
                  000073ec    00000008     (.tramp.ti_sysbios_knl_Swi_restore__E.1)
                  000073f4    00000008     (.tramp.ti_sysbios_knl_Swi_disable__E.1)
                  000073fc    00000008     (.tramp.ti_sysbios_knl_Queue_next__E.1)
                  00007404    00000008     (.tramp.ti_sysbios_knl_Queue_head__E.1)
                  0000740c    00000008     (.tramp.ti_sysbios_knl_Task_disable__E.1)
                  00007414    00000008     (.tramp.ti_sysbios_knl_Mailbox_post__E.1)
                  0000741c    00000008     (.tramp.ti_sysbios_knl_Clock_start__E.1)
                  00007424    00000008     (.tramp.ti_sysbios_knl_Clock_setTimeout__E.1)
                  0000742c    00000008     (.tramp.ti_sysbios_knl_Clock_stop__E.1)
                  00007434    00000008     (.tramp.ti_sysbios_knl_Queue_dequeue__E.1)
                  0000743c    00000008     (.tramp.ti_sysbios_knl_Queue_empty__E.1)
                  00007444    00000008     (.tramp.ti_sysbios_knl_Semaphore_post__E.1)
                  0000744c    00000008     (.tramp.ti_sysbios_knl_Semaphore_pend__E.1)
                  00007454    00000008     (.tramp.ti_sysbios_knl_Queue_construct.1)

.const     0    0000745c    000005f9     
                  0000745c    000001dc     LCDDogm1286.obj (.const:$O6$$)
                  00007638    000000bc     ICall.obj (.const:$O12$$)
                  000076f4    0000004c     appBLE_pem3.oem3 (.const:ti_sysbios_family_arm_cc26xx_Power_db)
                  00007740    00000048     appBLE_pem3.oem3 (.const:.string)
                  00007788    00000040     UARTCC26XX.obj (.const:$O10$$)
                  000077c8    00000038     SPICC26XXDMA.obj (.const:$O8$$)
                  00007800    0000002c     gatt_uuid.obj (.const:$O16$$)
                  0000782c    0000002c     appBLE_pem3.oem3 (.const:xdc_runtime_Startup_sfxnTab__A)
                  00007858    00000028     UARTCC26XX.obj (.const:UARTCC26XX_fxnTable)
                  00007880    00000028     Board.obj (.const:spiCC26XXDMAHWAttrs)
                  000078a8    00000027     bleUserConfig.obj (.const:txPowerTable)
                  000078cf    00000001     ICallCC2650.obj (.const:events$1$14)
                  000078d0    00000024     Board.obj (.const:SPI_config)
                  000078f4    00000024     UART.obj (.const:UART_defaultParams)
                  00007918    00000020     SPI.obj (.const:SPI_defaultParams)
                  00007938    0000001c     SPICC26XXDMA.obj (.const:SPICC26XXDMA_fxnTable)
                  00007954    00000018     simple_UART.obj (.const:.string:$P$T0$1$3)
                  0000796c    00000018     Board.obj (.const:UART_config)
                  00007984    00000016     appBLE_pem3.oem3 (.const:xdc_runtime_Startup_sfxnRts__A)
                  0000799a    00000011     util.obj (.const:.string:$P$T0$2$4)
                  000079ab    00000011     Board.obj (.const:LCD_initCmd$22)
                  000079bc    00000010     Board.obj (.const:UDMACC26XX_config)
                  000079cc    00000010     Board.obj (.const:uartCC26XXHWAttrs)
                  000079dc    0000000c     appBLE_pem3.oem3 (.const:xdc_runtime_Startup_firstFxns__A)
                  000079e8    00000008     Board.obj (.const:LCD_config)
                  000079f0    00000008     devinfoservice.obj (.const:devInfoService$17)
                  000079f8    00000008     Board.obj (.const:lcdHWAttrs)
                  00007a00    00000008     Board.obj (.const:udmaHWAttrs)
                  00007a08    00000006     bleUserConfig.obj (.const:txPwrTbl)
                  00007a0e    00000002     devinfoservice.obj (.const:.string:devInfo11073CertUUID)
                  00007a10    00000004     appBLE_pem3.oem3 (.const)
                  00007a14    00000004     appBLE_pem3.oem3 (.const:ti_sysbios_family_arm_cc26xx_Power_Module_State_clockObj__O)
                  00007a18    00000004     appBLE_pem3.oem3 (.const:ti_sysbios_family_arm_cc26xx_Power_Module_State_lfClockObj__O)
                  00007a1c    00000004     appBLE_pem3.oem3 (.const:ti_sysbios_family_arm_cc26xx_Power_Module_State_notifyQ__O)
                  00007a20    00000004     appBLE_pem3.oem3 (.const:ti_sysbios_family_arm_cc26xx_Power_notifyTrapFunc__C)
                  00007a24    00000004     appBLE_pem3.oem3 (.const:ti_sysbios_family_arm_cc26xx_Power_totalTicksSTANDBY__C)
                  00007a28    00000004     appBLE_pem3.oem3 (.const:ti_sysbios_family_arm_cc26xx_Power_wakeDelaySTANDBY__C)
                  00007a2c    00000004     appBLE_pem3.oem3 (.const:ti_sysbios_family_arm_m3_Hwi_disablePriority__C)
                  00007a30    00000004     appBLE_pem3.oem3 (.const:ti_sysbios_knl_Clock_tickPeriod__C)
                  00007a34    00000004     appBLE_pem3.oem3 (.const:ti_sysbios_knl_Idle_funcList__A)
                  00007a38    00000004     appBLE_pem3.oem3 (.const:xdc_runtime_SysMin_bufSize__C)
                  00007a3c    00000004     appBLE_pem3.oem3 (.const:xdc_runtime_SysMin_outputFunc__C)
                  00007a40    00000002     devinfoservice.obj (.const:.string:devInfoFirmwareRevUUID)
                  00007a42    00000002     devinfoservice.obj (.const:.string:devInfoHardwareRevUUID)
                  00007a44    00000002     devinfoservice.obj (.const:.string:devInfoMfrNameUUID)
                  00007a46    00000002     devinfoservice.obj (.const:.string:devInfoModelNumberUUID)
                  00007a48    00000002     devinfoservice.obj (.const:.string:devInfoPnpIdUUID)
                  00007a4a    00000002     devinfoservice.obj (.const:.string:devInfoSerialNumberUUID)
                  00007a4c    00000002     devinfoservice.obj (.const:.string:devInfoServUUID)
                  00007a4e    00000002     devinfoservice.obj (.const:.string:devInfoSoftwareRevUUID)
                  00007a50    00000002     devinfoservice.obj (.const:.string:devInfoSystemIdUUID)
                  00007a52    00000002     appBLE_pem3.oem3 (.const:xdc_runtime_SysMin_flushAtExit__C)
                  00007a54    00000001     appBLE_pem3.oem3 (.const:xdc_runtime_Text_charTab__A)

.cinit     0    00007a58    000004d0     
                  00007a58    00000342     (.cinit..data.load) [load image, compression = lzss]
                  00007d9a    00000029     (.cinit..data:ti_sysbios_family_arm_m3_Hwi_Module__state__V.load) [load image, compression = lzss]
                  00007dc3    00000021     (.cinit..data:ti_sysbios_knl_Task_Module__state__V.load) [load image, compression = lzss]
                  00007de4    0000001f     (.cinit..data:ti_sysbios_BIOS_Module__state__V.load) [load image, compression = lzss]
                  00007e03    0000001f     (.cinit..data:ti_sysbios_knl_Clock_Module__state__V.load) [load image, compression = lzss]
                  00007e22    00000010     (.cinit..data:ti_sysbios_knl_Swi_Module__state__V.load) [load image, compression = lzss]
                  00007e32    00000002     --HOLE-- [fill = 0]
                  00007e34    0000000c     (__TI_handler_table)
                  00007e40    0000000b     (.cinit..data:ti_sysbios_family_arm_cc26xx_Timer_Module__state__V.load) [load image, compression = lzss]
                  00007e4b    00000005     --HOLE-- [fill = 0]
                  00007e50    00000008     (.cinit..TI.bound:dmaRxControlTableEntry0$9.load) [load image, compression = zero_init]
                  00007e58    00000008     (.cinit..TI.bound:dmaRxControlTableEntry1$9.load) [load image, compression = zero_init]
                  00007e60    00000008     (.cinit..TI.bound:dmaTxControlTableEntry0$9.load) [load image, compression = zero_init]
                  00007e68    00000008     (.cinit..TI.bound:dmaTxControlTableEntry1$9.load) [load image, compression = zero_init]
                  00007e70    00000008     (.cinit..bss.load) [load image, compression = zero_init]
                  00007e78    00000008     (.cinit..data:xdc_runtime_Memory_Module__state__V.load) [load image, compression = lzss]
                  00007e80    00000008     (.cinit..vecs.load) [load image, compression = zero_init]
[...]
1001c285  ti_sysbios_hal_Hwi_enableInterrupt__E                                     
1001c289  ti_sysbios_hal_Hwi_HwiProxy_getStackInfo__E                               
1001c289  ti_sysbios_hal_Hwi_getStackInfo__E                                        
1001c28d  ti_sysbios_hal_Hwi_HwiProxy_startup__E                                    
1001c28d  ti_sysbios_hal_Hwi_startup__E                                             
1001c291  ti_sysbios_hal_Hwi_HwiProxy_switchFromBootStack__E                        
1001c295  ti_sysbios_hal_Hwi_delete                                                 
1001c299  ti_sysbios_hal_Hwi_switchFromBootStack__E                                 
1001c29d  ti_sysbios_heaps_HeapMem_Module_GateProxy_enter__E                        
1001c2a1  ti_sysbios_heaps_HeapMem_Module_GateProxy_leave__E                        
1001c2a5  ti_sysbios_heaps_HeapMem_isBlocking__E                                    
1001c2a9  ti_sysbios_knl_Clock_TimerProxy_Module__startupDone__S                    
1001c2ad  ti_sysbios_knl_Clock_TimerProxy_getExpiredTicks__E                        
1001c2b1  ti_sysbios_knl_Clock_TimerProxy_getPeriod__E                              
1001c2b5  ti_sysbios_knl_Clock_delete                                               
1001c2b9  ti_sysbios_knl_Clock_destruct                                             
1001c2bd  ti_sysbios_knl_Clock_removeI__E                                           
1001c2c1  ti_sysbios_knl_Clock_setTimeout__E                                        
1001c2c5  ti_sysbios_knl_Mailbox_delete                                             
1001c2c9  ti_sysbios_knl_Mailbox_destruct                                           
1001c2cd  ti_sysbios_knl_Queue_delete                                               
1001c2d1  ti_sysbios_knl_Queue_destruct                                             
1001c2d5  ti_sysbios_knl_Queue_head__E                                              
1001c2d9  ti_sysbios_knl_Queue_next__E                                              
1001c2dd  ti_sysbios_knl_Semaphore_delete                                           
1001c2e1  ti_sysbios_knl_Semaphore_destruct                                         
1001c2e5  ti_sysbios_knl_Swi_delete                                                 
1001c2e9  ti_sysbios_knl_Swi_destruct                                               
1001c2ed  ti_sysbios_knl_Swi_postInit__I                                            
1001c2f1  ti_sysbios_knl_Task_SupportProxy_Module__startupDone__S                   
1001c2f5  ti_sysbios_knl_Task_SupportProxy_getStackAlignment__E                     
1001c2f9  ti_sysbios_knl_Task_SupportProxy_start__E                                 
1001c2fd  ti_sysbios_knl_Task_SupportProxy_swap__E                                  
1001c301  ti_sysbios_knl_Task_delete                                                
1001c305  ti_sysbios_knl_Task_destruct                                              
1001c309  ti_sysbios_knl_Task_startup__E                                            
1001c30d  xdc_runtime_Startup_startMods__I                                          
1001c405  xdc_runtime_Core_createObject__I                                          
1001c487  xdc_runtime_Error_policySpin__E                                           
1001c489  xdc_runtime_Memory_alloc__E                                               
1001c4f9  xdc_runtime_Core_deleteObject__I                                          
1001c559  xdc_runtime_Startup_exec__E                                               
1001c5a9  xdc_runtime_Assert_raise__I                                               
1001c5f1  xdc_runtime_Core_assignParams__I                                          
1001c639  xdc_runtime_Core_constructObject__I                                       
1001c681  xdc_runtime_System_atexit__E                                              
1001c6b9  xdc_runtime_System_processAtExit__E                                       
1001c6ed  xdc_runtime_Core_assignLabel__I                                           
1001c71d  xdc_runtime_Text_cordText__E                                              
1001c749  xdc_runtime_System_abort__E                                               
1001c769  xdc_runtime_Error_raiseX__E                                               
1001c785  xdc_runtime_Memory_valloc__E                                              
1001c7a1  xdc_runtime_Core_destructObject__I                                        
1001c7b9  xdc_runtime_Error_check__E                                                
1001c7d1  xdc_runtime_System_exit__E                                                
1001c7e9  xdc_runtime_Text_ropeText__E                                              
1001c801  xdc_runtime_Memory_free__E                                                
1001c811  xdc_runtime_SysCallback_abort__E                                          
1001c821  xdc_runtime_SysCallback_exit__E                                           
1001c831  xdc_runtime_Timestamp_SupportProxy_get32__E                               
1001c831  xdc_runtime_Timestamp_get32__E                                            
1001c841  xdc_runtime_Error_init__E                                                 
1001c84d  xdc_runtime_Memory_calloc__E                                              
1001c859  xdc_runtime_Memory_getMaxDefaultTypeAlign__E                              
1001c879  xdc_runtime_Gate_leaveSystem__E                                           
1001c87f  xdc_runtime_System_Module_startup__E                                      
1001c885  xdc_runtime_Gate_enterSystem__E                                           
1001c889  xdc_runtime_Memory_HeapProxy_alloc__E                                     
1001c88d  xdc_runtime_Memory_HeapProxy_free__E                                      
1001c891  xdc_runtime_System_Module_GateProxy_enter__E                              
1001c895  xdc_runtime_System_Module_GateProxy_leave__E                              
1001c899  xdc_runtime_System_abortSpin__E                                           
1001c89b  xdc_runtime_System_exitSpin__E                                            
1001c89d  ti_sysbios_family_arm_m3_Hwi_dispatch__I                                  
1001c96d  ti_sysbios_family_arm_m3_TaskSupport_buildTaskStack                       
1001c9b9  ti_sysbios_family_arm_m3_Hwi_initStacks__E                                
1001ca01  ti_sysbios_family_arm_m3_Hwi_excHandlerAsm__I                             
1001ca21  ti_sysbios_family_xxx_Hwi_switchAndRunFunc                                
1001ca3f  ti_sysbios_family_arm_m3_Hwi_pendSV__I                                    
1001ca57  ti_sysbios_family_arm_m3_Hwi_return                                       
1001ca59  ti_sysbios_family_arm_m3_TaskSupport_glue                                 
1001ca69  ti_sysbios_family_arm_m3_TaskSupport_swap__E                              
1001ca71  ti_sysbios_knl_Task_swapReturn                                            
1001ca9b  ti_sysbios_rom_cortexm_cc26xx_CC26xx_getRevision__E                       
20000000  ti_sysbios_family_arm_m3_Hwi_ramVectors                                   
20000100  ti_sysbios_knl_Task_Module__state__V                                      
20000144  ti_sysbios_family_arm_m3_Hwi_Module__state__V                             
20000178  ti_sysbios_knl_Clock_Module__state__V                                     
200001a4  ti_sysbios_BIOS_Module__state__V                                          
200001c8  ti_sysbios_knl_Swi_Module__state__V                                       
200001e4  ti_sysbios_family_arm_cc26xx_Timer_Module__state__V                       
200001ec  ti_sysbios_family_arm_cc26xx_TimestampProvider_Module__state__V           
200001f0  xdc_runtime_Startup_Module__state__V                                      
200001f8  xdc_runtime_System_Module__state__V                                       
20000200  xdc_runtime_Memory_Module__state__V                                       
200010d8  ti_sysbios_heaps_HeapMem_Instance_State_0_buf__A                          
20001758  ti_sysbios_knl_Mailbox_Instance_State_0_allocBuf__A                       
20001b90  ti_sysbios_knl_Task_Instance_State_0_stack__A                             
20001d90  spiCC26XXDMAObjects                                                       
20001ee0  __CIOBUF_                                                                 
20002000  PIN_NumPins                                                               
20002060  PIN_HandleTable                                                           
200020dc  uartCC26XXObjects                                                         
200021ac  ti_sysbios_family_arm_m3_Hwi_dispatchTable                                
20002274  xdc_runtime_SysMin_Module_State_0_outbuf__A                               
200022f4  lcdObject                                                                 
20002324  UdmaObjects                                                               
2000238a  driverlib_release_0_43243                                                 
20002390  lcdBuffer0                                                                
200027d4  task0Struct                                                               
20002824  task0Stack                                                                
20002b24  devCount                                                                  
20002b25  offset                                                                    
20002b26  currChannel                                                               
20002b9c  sbmTask                                                                   
20002bec  sbmTaskStack                                                              
20002e70  linkDBNumConns                                                            
20002e70  multiConnInfo                                                             
20002f28  gapRoleTask                                                               
20002f78  gapRoleTaskStack                                                          
20003354  heapmgrBlkMax                                                             
20003356  heapmgrBlkCnt                                                             
20003358  heapmgrBlkFree                                                            
2000335a  heapmgrMemAlo                                                             
2000335c  heapmgrMemMax                                                             
2000335e  heapmgrMemUB                                                              
20003360  heapmgrMemFail                                                            
20003364  ICall_dispatcher                                                          
2000336c  ICall_enterCriticalSection                                                
20003370  ICall_leaveCriticalSection                                                
20003414  ti_sysbios_family_arm_cc26xx_Power_Module__state__V                       
20003488  appKeyChangeHandler                                                       
2000348c  hKeyPins                                                                  
20003490  keyPins                                                                   
2000349c  keyPinsCfg                                                                
200034d8  ti_sysbios_knl_Mailbox_Object__table__V                                   
20003528  TSK_idle                                                                  
20003528  ti_sysbios_knl_Task_Object__table__V                                      
20003574  main_func_sp                                                              
20003578  ti_sysbios_family_arm_cc26xx_Timer_Object__table__V                       
200035c4  hLCDPins                                                                  
200035c8  LCDPinTable                                                               
200035d0  LCDPinState                                                               
200035dc  lcdBuffers                                                                
20003600  BoardGpioInitTable                                                        
2000363c  ti_sysbios_gates_GateMutex_Object__table__V                               
20003674  rfRegTbl                                                                  
200036a8  ti_sysbios_family_arm_m3_Hwi_Object__table__V                             
200036d8  ti_sysbios_knl_Swi_Module_State_0_readyQ__A                               
20003708  ti_sysbios_knl_Swi_Object__table__V                                       
20003738  ti_sysbios_knl_Task_Module_State_0_readyQ__A                              
20003784  user0Cfg                                                                  
200037a0  ti_sysbios_heaps_HeapMem_Object__table__V                                 
200037cc  ti_sysbios_family_arm_cc26xx_Power_refCount                               
200037e0  __TI_cleanup_ptr                                                          
200037e4  __TI_dtors_ptr                                                            
200037e8  __TI_enable_exit_profile_output                                           
200037ec  lastAppOpcodeSent                                                         
200037f0  pfnBMAlloc                                                                
200037f4  pfnBMFree                                                                 
200037f8  ti_sysbios_family_arm_cc26xx_Power_resourceHandlers                       
20003804  xdc_runtime_SysMin_Module__state__V                                       
2000381a  ti_sysbios_family_arm_m3_Hwi_Module_State_0_excActive__A                  
20003824  _lock                                                                     
20003828  _unlock                                                                   
2000382c  ti_sysbios_family_arm_m3_Hwi_Module__root__V                              
20003834  ti_sysbios_gates_GateHwi_Module__root__V                                  
2000383c  ti_sysbios_gates_GateMutex_Module__root__V                                
20003844  ti_sysbios_hal_Hwi_Module__root__V                                        
2000384c  ti_sysbios_heaps_HeapMem_Module__root__V                                  
20003854  ti_sysbios_knl_Clock_Module__root__V                                      
2000385c  ti_sysbios_knl_Mailbox_Module__root__V                                    
20003864  ti_sysbios_knl_Queue_Module__root__V                                      
2000386c  ti_sysbios_knl_Semaphore_Module__root__V                                  
20003874  ti_sysbios_knl_Swi_Module__root__V                                        
2000387c  ti_sysbios_knl_Task_Module__root__V                                       
20003884  ti_sysbios_family_arm_cc26xx_Power_constraintCounts                       
2000388c  ti_sysbios_family_arm_m3_Hwi_Module_State_0_excContext__A                 
20003890  ti_sysbios_family_arm_m3_Hwi_Module_State_0_excStack__A                   
20003894  ti_sysbios_knl_Task_Module_State_0_idleTask__A                            
20004074  __stack                                                                   
20004474  __STACK_END                                                               
20004474  __STACK_TOP                                                               
e000e000  ti_sysbios_family_arm_m3_Hwi_nvic                                         
ffffffff  __TI_pprof_out_hndl                                                       
ffffffff  __TI_prof_data_size                                                       
ffffffff  __TI_prof_data_start                                                      
ffffffff  __binit__                                                                 
ffffffff  __c_args__                                                                
ffffffff  binit                                                                     
UNDEFED   SHT$$INIT_ARRAY$$Base                                                     
UNDEFED   SHT$$INIT_ARRAY$$Limit                                                    
UNDEFED   ti_sysbios_BIOS_RtsGateProxy_Handle__label__S__mangled__                  
UNDEFED   ti_sysbios_BIOS_RtsGateProxy_Object__delete__S__mangled__                 
UNDEFED   ti_sysbios_BIOS_RtsGateProxy_Params__init__S__mangled__                   
UNDEFED   ti_sysbios_BIOS_RtsGateProxy_query__E__mangled__                          
UNDEFED   ti_sysbios_hal_Hwi_HwiProxy_Module__startupDone__S__mangled__             
UNDEFED   ti_sysbios_hal_Hwi_HwiProxy_Object__delete__S__mangled__                  
UNDEFED   ti_sysbios_hal_Hwi_HwiProxy_Params__init__S__mangled__                    
UNDEFED   ti_sysbios_hal_Hwi_HwiProxy_disableInterrupt__E__mangled__                
UNDEFED   ti_sysbios_hal_Hwi_HwiProxy_enableInterrupt__E__mangled__                 
UNDEFED   ti_sysbios_hal_Hwi_HwiProxy_getStackInfo__E__mangled__                    
UNDEFED   ti_sysbios_hal_Hwi_HwiProxy_startup__E__mangled__                         
UNDEFED   ti_sysbios_hal_Hwi_HwiProxy_switchFromBootStack__E__mangled__             
UNDEFED   ti_sysbios_hal_Hwi_disableInterrupt__E__mangled__                         
UNDEFED   ti_sysbios_hal_Hwi_enableInterrupt__E__mangled__                          
UNDEFED   ti_sysbios_hal_Hwi_getStackInfo__E__mangled__                             
UNDEFED   ti_sysbios_hal_Hwi_startup__E__mangled__                                  
UNDEFED   ti_sysbios_hal_Hwi_switchFromBootStack__E__mangled__                      
UNDEFED   ti_sysbios_heaps_HeapMem_Module_GateProxy_Handle__label__S__mangled__     
UNDEFED   ti_sysbios_heaps_HeapMem_Module_GateProxy_Object__delete__S__mangled__    
UNDEFED   ti_sysbios_heaps_HeapMem_Module_GateProxy_Params__init__S__mangled__      
UNDEFED   ti_sysbios_heaps_HeapMem_Module_GateProxy_query__E__mangled__             
UNDEFED   ti_sysbios_knl_Clock_TimerProxy_Module__startupDone__S__mangled__         
UNDEFED   ti_sysbios_knl_Clock_TimerProxy_startup__E__mangled__                     
UNDEFED   ti_sysbios_knl_Task_SupportProxy_Module__startupDone__S__mangled__        
UNDEFED   ti_sysbios_knl_Task_SupportProxy_getStackAlignment__E__mangled__          
UNDEFED   ti_sysbios_knl_Task_SupportProxy_start__E__mangled__                      
UNDEFED   ti_sysbios_knl_Task_SupportProxy_swap__E__mangled__                       
UNDEFED   xdc_runtime_Main_Module_GateProxy_Handle__label__S                        
UNDEFED   xdc_runtime_Main_Module_GateProxy_Object__delete__S                       
UNDEFED   xdc_runtime_Main_Module_GateProxy_query__E                                
UNDEFED   xdc_runtime_Memory_HeapProxy_Handle__label__S__mangled__                  
UNDEFED   xdc_runtime_Memory_HeapProxy_Object__delete__S__mangled__                 
UNDEFED   xdc_runtime_System_Module_GateProxy_Handle__label__S__mangled__           
UNDEFED   xdc_runtime_System_Module_GateProxy_Object__delete__S__mangled__          
UNDEFED   xdc_runtime_System_Module_GateProxy_query__E__mangled__                   
UNDEFED   xdc_runtime_Timestamp_SupportProxy_get64__E__mangled__                    
UNDEFED   xdc_runtime_Timestamp_SupportProxy_getFreq__E__mangled__                  
UNDEFED   xdc_runtime_Timestamp_get32__E__mangled__                                 
UNDEFED   xdc_runtime_Timestamp_get64__E__mangled__                                 
UNDEFED   xdc_runtime_Timestamp_getFreq__E__mangled__                               

[825 symbols]
